 sudokosolver

 Timestamp is 671b6731 (Fri Oct 25 15:08:57 2024)

 Preferred load address is 0000000140000000

 Start         Length     Name                   Class
 0001:00000000 0000246eH .text                   CODE
 0001:00002470 00000023H .text$_ZN6System7Classes15TComponentClassC1EPNS_10TMetaClassE CODE
 0001:000024a0 0000000eH .text$__clang_call_terminate CODE
 0001:000024b0 00000023H .text$_ZN6System7Classes15TComponentClassC2EPNS_10TMetaClassE CODE
 0001:000024e0 0000001eH .text$_ZN6System15DelphiMetaClassINS_7Classes15TComponentClassEEC2EPNS_10TMetaClassE CODE
 0001:00002500 00001712H .text                   CODE
 0001:00003c20 00000075H .text$_ZN3Vcl5Forms5TFormC3EPN6System7Classes10TComponentE CODE
 0001:00003ca0 0000004cH .text$_ZN3Vcl5Forms5TFormD0Ev CODE
 0001:00003cf0 00000029H .text$_ZNSt3__1eqB6v15007ERKNS_21__hash_const_iteratorIPNS_11__hash_nodeIiPvEEEES7_ CODE
 0001:00003d20 0000003bH .text$_ZNSt3__113unordered_setIiNS_4hashIiEENS_8equal_toIiEENS_9allocatorIiEEE4findB6v15007ERKi CODE
 0001:00003d60 00000031H .text$_ZNSt3__113unordered_setIiNS_4hashIiEENS_8equal_toIiEENS_9allocatorIiEEE3endB6v15007Ev CODE
 0001:00003da0 00000019H .text$_ZNSt3__113unordered_setIiNS_4hashIiEENS_8equal_toIiEENS_9allocatorIiEEEC1B6v15007Ev CODE
 0001:00003dc0 00000022H .text$_ZNKSt3__16vectorINS0_IiNS_9allocatorIiEEEENS1_IS3_EEEixB6v15007Ey CODE
 0001:00003df0 00000025H .text$_ZNKSt3__16vectorIiNS_9allocatorIiEEEixB6v15007Ey CODE
 0001:00003e20 00000029H .text$_ZNSt3__1neB6v15007ERKNS_21__hash_const_iteratorIPNS_11__hash_nodeIiPvEEEES7_ CODE
 0001:00003e50 0000004dH .text$_ZNSt3__113unordered_setIiNS_4hashIiEENS_8equal_toIiEENS_9allocatorIiEEE6insertB6v15007ERKi CODE
 0001:00003ea0 00000019H .text$_ZNSt3__113unordered_setIiNS_4hashIiEENS_8equal_toIiEENS_9allocatorIiEEED1B6v15007Ev CODE
 0001:00003ec0 00000019H .text$_ZNKSt3__112basic_stringIcNS_11char_traitsIcEENS_9allocatorIcEEE5c_strB6v15007Ev CODE
 0001:00003ee0 00000022H .text$_ZNSt3__16vectorINS0_IiNS_9allocatorIiEEEENS1_IS3_EEEixB6v15007Ey CODE
 0001:00003f10 00000025H .text$_ZNSt3__16vectorIiNS_9allocatorIiEEEixB6v15007Ey CODE
 0001:00003f40 00000022H .text$_ZNSt3__16vectorINS_13unordered_setIiNS_4hashIiEENS_8equal_toIiEENS_9allocatorIiEEEENS6_IS8_EEEixB6v15007Ey CODE
 0001:00003f70 00000023H .text$_ZNSt3__113unordered_setIiNS_4hashIiEENS_8equal_toIiEENS_9allocatorIiEEE5eraseB6v15007ERKi CODE
 0001:00003fa0 0000002dH .text$_ZNSt3__16vectorIiNS_9allocatorIiEEEC1EyRKi CODE
 0001:00003fd0 0000002dH .text$_ZNSt3__16vectorINS0_IiNS_9allocatorIiEEEENS1_IS3_EEEC1EyRKS3_ CODE
 0001:00004000 00000019H .text$_ZNSt3__16vectorIiNS_9allocatorIiEEED1B6v15007Ev CODE
 0001:00004020 00000023H .text$_ZNSt3__16vectorINS_13unordered_setIiNS_4hashIiEENS_8equal_toIiEENS_9allocatorIiEEEENS6_IS8_EEEC1Ey CODE
 0001:00004050 00000019H .text$_ZNSt3__16vectorINS_13unordered_setIiNS_4hashIiEENS_8equal_toIiEENS_9allocatorIiEEEENS6_IS8_EEED1B6v15007Ev CODE
 0001:00004070 00000019H .text$_ZNSt3__16vectorINS0_IiNS_9allocatorIiEEEENS1_IS3_EEED1B6v15007Ev CODE
 0001:00004090 0000004cH .text$_ZN6TForm1D0Ev    CODE
 0001:000040e0 0000007fH .text$_ZN3Vcl5Forms5TFormC3EPN6System7Classes10TComponentEi CODE
 0001:00004160 00000091H .text$_ZN3Vcl5Forms5TFormC3EPN6System7Classes10TComponentEii CODE
 0001:00004200 00000021H .text$_ZNKSt3__112basic_stringIcNS_11char_traitsIcEENS_9allocatorIcEEE4dataB6v15007Ev CODE
 0001:00004230 0000000bH .text$_ZNSt3__112__to_addressB6v15007IKcEEPT_S3_ CODE
 0001:00004240 00000052H .text$_ZNKSt3__112basic_stringIcNS_11char_traitsIcEENS_9allocatorIcEEE13__get_pointerB6v15007Ev CODE
 0001:000042a0 00000026H .text$_ZNKSt3__112basic_stringIcNS_11char_traitsIcEENS_9allocatorIcEEE9__is_longB6v15007Ev CODE
 0001:000042d0 0000001cH .text$_ZNKSt3__112basic_stringIcNS_11char_traitsIcEENS_9allocatorIcEEE18__get_long_pointerB6v15007Ev CODE
 0001:000042f0 00000025H .text$_ZNKSt3__112basic_stringIcNS_11char_traitsIcEENS_9allocatorIcEEE19__get_short_pointerB6v15007Ev CODE
 0001:00004320 00000019H .text$_ZNKSt3__117__compressed_pairINS_12basic_stringIcNS_11char_traitsIcEENS_9allocatorIcEEE5__repES5_E5firstB6v15007Ev CODE
 0001:00004340 0000000bH .text$_ZNKSt3__122__compressed_pair_elemINS_12basic_stringIcNS_11char_traitsIcEENS_9allocatorIcEEE5__repELi0ELb0EE5__getB6v15007Ev CODE
 0001:00004350 0000000bH .text$_ZNSt3__114pointer_traitsIPKcE10pointer_toB6v15007ERS1_ CODE
 0001:00004360 000001a0H .text$_ZNSt3__112__hash_tableIiNS_4hashIiEENS_8equal_toIiEENS_9allocatorIiEEE4findIiEENS_15__hash_iteratorIPNS_11__hash_nodeIiPvEEEERKT_ CODE
 0001:00004500 00000023H .text$_ZNSt3__121__hash_const_iteratorIPNS_11__hash_nodeIiPvEEEC1B6v15007ERKNS_15__hash_iteratorIS4_EE CODE
 0001:00004530 0000001dH .text$_ZNSt3__112__hash_tableIiNS_4hashIiEENS_8equal_toIiEENS_9allocatorIiEEE13hash_functionB6v15007Ev CODE
 0001:00004550 00000017H .text$_ZNKSt3__14hashIiEclB6v15007Ei CODE
 0001:00004570 00000021H .text$_ZNKSt3__112__hash_tableIiNS_4hashIiEENS_8equal_toIiEENS_9allocatorIiEEE12bucket_countB6v15007Ev CODE
 0001:000045a0 00000087H .text$_ZNSt3__116__constrain_hashB6v15007Eyy CODE
 0001:00004630 0000002cH .text$_ZNKSt3__110unique_ptrIA_PNS_16__hash_node_baseIPNS_11__hash_nodeIiPvEEEENS_25__bucket_list_deallocatorINS_9allocatorIS7_EEEEEixB6v15007Ey CODE
 0001:00004660 0000000fH .text$_ZNKSt3__116__hash_node_baseIPNS_11__hash_nodeIiPvEEE6__hashB6v15007Ev CODE
 0001:00004670 0000001dH .text$_ZNSt3__112__hash_tableIiNS_4hashIiEENS_8equal_toIiEENS_9allocatorIiEEE6key_eqB6v15007Ev CODE
 0001:00004690 0000002cH .text$_ZNKSt3__18equal_toIiEclB6v15007ERKiS3_ CODE
 0001:000046c0 00000019H .text$_ZNSt3__116__hash_node_baseIPNS_11__hash_nodeIiPvEEE8__upcastB6v15007Ev CODE
 0001:000046e0 0000002dH .text$_ZNSt3__115__hash_iteratorIPNS_11__hash_nodeIiPvEEEC1B6v15007EPNS_16__hash_node_baseIS4_EEPKv CODE
 0001:00004710 00000026H .text$_ZNSt3__112__hash_tableIiNS_4hashIiEENS_8equal_toIiEENS_9allocatorIiEEE3endEv CODE
 0001:00004740 00000019H .text$_ZNSt3__117__compressed_pairIyNS_4hashIiEEE6secondB6v15007Ev CODE
 0001:00004760 0000000bH .text$_ZNSt3__122__compressed_pair_elemINS_4hashIiEELi1ELb1EE5__getB6v15007Ev CODE
 0001:00004770 00000019H .text$_ZNKSt3__110unique_ptrIA_PNS_16__hash_node_baseIPNS_11__hash_nodeIiPvEEEENS_25__bucket_list_deallocatorINS_9allocatorIS7_EEEEE11get_deleterB6v15007Ev CODE
 0001:00004790 0000001bH .text$_ZNKSt3__125__bucket_list_deallocatorINS_9allocatorIPNS_16__hash_node_baseIPNS_11__hash_nodeIiPvEEEEEEE4sizeB6v15007Ev CODE
 0001:000047b0 0000001dH .text$_ZNKSt3__117__compressed_pairIPPNS_16__hash_node_baseIPNS_11__hash_nodeIiPvEEEENS_25__bucket_list_deallocatorINS_9allocatorIS7_EEEEE6secondB6v15007Ev CODE
 0001:000047d0 0000000bH .text$_ZNKSt3__122__compressed_pair_elemINS_25__bucket_list_deallocatorINS_9allocatorIPNS_16__hash_node_baseIPNS_11__hash_nodeIiPvEEEEEEEELi1ELb0EE5__getB6v15007Ev CODE
 0001:000047e0 00000019H .text$_ZNKSt3__117__compressed_pairIyNS_9allocatorIPNS_16__hash_node_baseIPNS_11__hash_nodeIiPvEEEEEEE5firstB6v15007Ev CODE
 0001:00004800 0000000bH .text$_ZNKSt3__122__compressed_pair_elemIyLi0ELb0EE5__getB6v15007Ev CODE
 0001:00004810 00000019H .text$_ZNKSt3__117__compressed_pairIPPNS_16__hash_node_baseIPNS_11__hash_nodeIiPvEEEENS_25__bucket_list_deallocatorINS_9allocatorIS7_EEEEE5firstB6v15007Ev CODE
 0001:00004830 0000000bH .text$_ZNKSt3__122__compressed_pair_elemIPPNS_16__hash_node_baseIPNS_11__hash_nodeIiPvEEEELi0ELb0EE5__getB6v15007Ev CODE
 0001:00004840 00000019H .text$_ZNSt3__117__compressed_pairIfNS_8equal_toIiEEE6secondB6v15007Ev CODE
 0001:00004860 0000000bH .text$_ZNSt3__122__compressed_pair_elemINS_8equal_toIiEELi1ELb1EE5__getB6v15007Ev CODE
 0001:00004870 0000000bH .text$_ZNSt3__114pointer_traitsIPNS_16__hash_node_baseIPNS_11__hash_nodeIiPvEEEEE10pointer_toB6v15007ERS6_ CODE
 0001:00004880 00000024H .text$_ZNSt3__115__hash_iteratorIPNS_11__hash_nodeIiPvEEEC2B6v15007EPNS_16__hash_node_baseIS4_EEPKv CODE
 0001:000048b0 00000021H .text$_ZNSt3__121__hash_const_iteratorIPNS_11__hash_nodeIiPvEEEC2B6v15007ERKNS_15__hash_iteratorIS4_EE CODE
 0001:000048e0 00000035H .text$_ZNSt3__113unordered_setIiNS_4hashIiEENS_8equal_toIiEENS_9allocatorIiEEEC2B6v15007Ev CODE
 0001:00004920 00000019H .text$_ZNSt3__112__hash_tableIiNS_4hashIiEENS_8equal_toIiEENS_9allocatorIiEEEC1Ev CODE
 0001:00004940 00000007H .text$_ZNSt3__119__debug_db_insert_cB6v15007INS_13unordered_setIiNS_4hashIiEENS_8equal_toIiEENS_9allocatorIiEEEEEEvPT_ CODE
 0001:00004950 00000083H .text$_ZNSt3__112__hash_tableIiNS_4hashIiEENS_8equal_toIiEENS_9allocatorIiEEEC2Ev CODE
 0001:000049e0 00000019H .text$_ZNSt3__110unique_ptrIA_PNS_16__hash_node_baseIPNS_11__hash_nodeIiPvEEEENS_25__bucket_list_deallocatorINS_9allocatorIS7_EEEEEC1B6v15007ILb1EvEEv CODE
 0001:00004a00 00000019H .text$_ZNSt3__117__compressed_pairINS_16__hash_node_baseIPNS_11__hash_nodeIiPvEEEENS_9allocatorIS4_EEEC1B6v15007ILb1EvEEv CODE
 0001:00004a20 0000002dH .text$_ZNSt3__117__compressed_pairIyNS_4hashIiEEEC1B6v15007IiNS_18__default_init_tagEEEOT_OT0_ CODE
 0001:00004a50 0000002dH .text$_ZNSt3__117__compressed_pairIfNS_8equal_toIiEEEC1B6v15007IfNS_18__default_init_tagEEEOT_OT0_ CODE
 0001:00004a80 00000030H .text$_ZNSt3__110unique_ptrIA_PNS_16__hash_node_baseIPNS_11__hash_nodeIiPvEEEENS_25__bucket_list_deallocatorINS_9allocatorIS7_EEEEEC2B6v15007ILb1EvEEv CODE
 0001:00004ab0 0000002dH .text$_ZNSt3__117__compressed_pairIPPNS_16__hash_node_baseIPNS_11__hash_nodeIiPvEEEENS_25__bucket_list_deallocatorINS_9allocatorIS7_EEEEEC1B6v15007INS_16__value_init_tagESF_EEOT_OT0_ CODE
 0001:00004ae0 0000003eH .text$_ZNSt3__117__compressed_pairIPPNS_16__hash_node_baseIPNS_11__hash_nodeIiPvEEEENS_25__bucket_list_deallocatorINS_9allocatorIS7_EEEEEC2B6v15007INS_16__value_init_tagESF_EEOT_OT0_ CODE
 0001:00004b20 0000001cH .text$_ZNSt3__122__compressed_pair_elemIPPNS_16__hash_node_baseIPNS_11__hash_nodeIiPvEEEELi0ELb0EEC2B6v15007ENS_16__value_init_tagE CODE
 0001:00004b40 0000001dH .text$_ZNSt3__122__compressed_pair_elemINS_25__bucket_list_deallocatorINS_9allocatorIPNS_16__hash_node_baseIPNS_11__hash_nodeIiPvEEEEEEEELi1ELb0EEC2B6v15007ENS_16__value_init_tagE CODE
 0001:00004b60 00000019H .text$_ZNSt3__125__bucket_list_deallocatorINS_9allocatorIPNS_16__hash_node_baseIPNS_11__hash_nodeIiPvEEEEEEEC1B6v15007Ev CODE
 0001:00004b80 00000038H .text$_ZNSt3__125__bucket_list_deallocatorINS_9allocatorIPNS_16__hash_node_baseIPNS_11__hash_nodeIiPvEEEEEEEC2B6v15007Ev CODE
 0001:00004bc0 0000002dH .text$_ZNSt3__117__compressed_pairIyNS_9allocatorIPNS_16__hash_node_baseIPNS_11__hash_nodeIiPvEEEEEEEC1B6v15007IiNS_18__default_init_tagEEEOT_OT0_ CODE
 0001:00004bf0 0000003bH .text$_ZNSt3__117__compressed_pairIyNS_9allocatorIPNS_16__hash_node_baseIPNS_11__hash_nodeIiPvEEEEEEEC2B6v15007IiNS_18__default_init_tagEEEOT_OT0_ CODE
 0001:00004c30 00000021H .text$_ZNSt3__122__compressed_pair_elemIyLi0ELb0EEC2B6v15007IivEEOT_ CODE
 0001:00004c60 0000001dH .text$_ZNSt3__122__compressed_pair_elemINS_9allocatorIPNS_16__hash_node_baseIPNS_11__hash_nodeIiPvEEEEEELi1ELb1EEC2B6v15007ENS_18__default_init_tagE CODE
 0001:00004c80 00000019H .text$_ZNSt3__19allocatorIPNS_16__hash_node_baseIPNS_11__hash_nodeIiPvEEEEEC2B6v15007Ev CODE
 0001:00004ca0 00000007H .text$_ZNSt3__116__non_trivial_ifILb1ENS_9allocatorIPNS_16__hash_node_baseIPNS_11__hash_nodeIiPvEEEEEEEC2B6v15007Ev CODE
 0001:00004cb0 00000030H .text$_ZNSt3__117__compressed_pairINS_16__hash_node_baseIPNS_11__hash_nodeIiPvEEEENS_9allocatorIS4_EEEC2B6v15007ILb1EvEEv CODE
 0001:00004ce0 0000001dH .text$_ZNSt3__122__compressed_pair_elemINS_16__hash_node_baseIPNS_11__hash_nodeIiPvEEEELi0ELb0EEC2B6v15007ENS_16__value_init_tagE CODE
 0001:00004d00 0000001dH .text$_ZNSt3__122__compressed_pair_elemINS_9allocatorINS_11__hash_nodeIiPvEEEELi1ELb1EEC2B6v15007ENS_16__value_init_tagE CODE
 0001:00004d20 00000019H .text$_ZNSt3__116__hash_node_baseIPNS_11__hash_nodeIiPvEEEC1B6v15007Ev CODE
 0001:00004d40 00000012H .text$_ZNSt3__116__hash_node_baseIPNS_11__hash_nodeIiPvEEEC2B6v15007Ev CODE
 0001:00004d60 00000019H .text$_ZNSt3__19allocatorINS_11__hash_nodeIiPvEEEC2B6v15007Ev CODE
 0001:00004d80 00000007H .text$_ZNSt3__116__non_trivial_ifILb1ENS_9allocatorINS_11__hash_nodeIiPvEEEEEC2B6v15007Ev CODE
 0001:00004d90 0000003bH .text$_ZNSt3__117__compressed_pairIyNS_4hashIiEEEC2B6v15007IiNS_18__default_init_tagEEEOT_OT0_ CODE
 0001:00004dd0 00000011H .text$_ZNSt3__122__compressed_pair_elemINS_4hashIiEELi1ELb1EEC2B6v15007ENS_18__default_init_tagE CODE
 0001:00004df0 0000003bH .text$_ZNSt3__117__compressed_pairIfNS_8equal_toIiEEEC2B6v15007IfNS_18__default_init_tagEEEOT_OT0_ CODE
 0001:00004e30 00000023H .text$_ZNSt3__122__compressed_pair_elemIfLi0ELb0EEC2B6v15007IfvEEOT_ CODE
 0001:00004e60 00000011H .text$_ZNSt3__122__compressed_pair_elemINS_8equal_toIiEELi1ELb1EEC2B6v15007ENS_18__default_init_tagE CODE
 0001:00004e80 00000019H .text$_ZNSt3__113unordered_setIiNS_4hashIiEENS_8equal_toIiEENS_9allocatorIiEEED2B6v15007Ev CODE
 0001:00004ea0 00000019H .text$_ZNSt3__112__hash_tableIiNS_4hashIiEENS_8equal_toIiEENS_9allocatorIiEEED1Ev CODE
 0001:00004ec0 00000051H .text$_ZNSt3__112__hash_tableIiNS_4hashIiEENS_8equal_toIiEENS_9allocatorIiEEED2Ev CODE
 0001:00004f20 000000adH .text$_ZNSt3__112__hash_tableIiNS_4hashIiEENS_8equal_toIiEENS_9allocatorIiEEE17__deallocate_nodeEPNS_16__hash_node_baseIPNS_11__hash_nodeIiPvEEEE CODE
 0001:00004fd0 00000019H .text$_ZNSt3__117__compressed_pairINS_16__hash_node_baseIPNS_11__hash_nodeIiPvEEEENS_9allocatorIS4_EEE5firstB6v15007Ev CODE
 0001:00004ff0 00000007H .text$_ZNSt3__118__debug_db_erase_cB6v15007INS_12__hash_tableIiNS_4hashIiEENS_8equal_toIiEENS_9allocatorIiEEEEEEvPT_ CODE
 0001:00005000 00000019H .text$_ZNSt3__110unique_ptrIA_PNS_16__hash_node_baseIPNS_11__hash_nodeIiPvEEEENS_25__bucket_list_deallocatorINS_9allocatorIS7_EEEEED1B6v15007Ev CODE
 0001:00005020 0000001dH .text$_ZNSt3__112__hash_tableIiNS_4hashIiEENS_8equal_toIiEENS_9allocatorIiEEE12__node_allocB6v15007Ev CODE
 0001:00005040 00000012H .text$_ZNSt3__116allocator_traitsINS_9allocatorINS_11__hash_nodeIiPvEEEEE7destroyB6v15007IivvEEvRS5_PT_ CODE
 0001:00005060 0000000bH .text$_ZNSt3__122__hash_key_value_typesIiE9__get_ptrB6v15007ERi CODE
 0001:00005070 0000002dH .text$_ZNSt3__116allocator_traitsINS_9allocatorINS_11__hash_nodeIiPvEEEEE10deallocateB6v15007ERS5_PS4_y CODE
 0001:000050a0 00000019H .text$_ZNSt3__117__compressed_pairINS_16__hash_node_baseIPNS_11__hash_nodeIiPvEEEENS_9allocatorIS4_EEE6secondB6v15007Ev CODE
 0001:000050c0 0000000bH .text$_ZNSt3__122__compressed_pair_elemINS_9allocatorINS_11__hash_nodeIiPvEEEELi1ELb1EE5__getB6v15007Ev CODE
 0001:000050d0 00000043H .text$_ZNSt3__19allocatorINS_11__hash_nodeIiPvEEE10deallocateB6v15007EPS3_y CODE
 0001:00005120 00000062H .text$_ZNSt3__119__libcpp_deallocateB6v15007EPvyy CODE
 0001:00005190 00000014H .text$_ZNSt3__124__is_overaligned_for_newB6v15007Ey CODE
 0001:000051b0 00000028H .text$_ZNSt3__127__do_deallocate_handle_sizeB6v15007IJSt11align_val_tEEEvPvyDpT_ CODE
 0001:000051e0 0000001eH .text$_ZNSt3__127__do_deallocate_handle_sizeB6v15007IJEEEvPvyDpT_ CODE
 0001:00005200 00000023H .text$_ZNSt3__124__libcpp_operator_deleteB6v15007IJPvSt11align_val_tEEEvDpT_ CODE
 0001:00005230 00000019H .text$_ZNSt3__124__libcpp_operator_deleteB6v15007IJPvEEEvDpT_ CODE
 0001:00005250 0000000bH .text$_ZNSt3__122__compressed_pair_elemINS_16__hash_node_baseIPNS_11__hash_nodeIiPvEEEELi0ELb0EE5__getB6v15007Ev CODE
 0001:00005260 0000001dH .text$_ZNSt3__110unique_ptrIA_PNS_16__hash_node_baseIPNS_11__hash_nodeIiPvEEEENS_25__bucket_list_deallocatorINS_9allocatorIS7_EEEEED2B6v15007Ev CODE
 0001:00005280 0000005fH .text$_ZNSt3__110unique_ptrIA_PNS_16__hash_node_baseIPNS_11__hash_nodeIiPvEEEENS_25__bucket_list_deallocatorINS_9allocatorIS7_EEEEE5resetB6v15007EDn CODE
 0001:000052e0 00000019H .text$_ZNSt3__117__compressed_pairIPPNS_16__hash_node_baseIPNS_11__hash_nodeIiPvEEEENS_25__bucket_list_deallocatorINS_9allocatorIS7_EEEEE5firstB6v15007Ev CODE
 0001:00005300 0000001dH .text$_ZNSt3__117__compressed_pairIPPNS_16__hash_node_baseIPNS_11__hash_nodeIiPvEEEENS_25__bucket_list_deallocatorINS_9allocatorIS7_EEEEE6secondB6v15007Ev CODE
 0001:00005320 0000004eH .text$_ZNSt3__125__bucket_list_deallocatorINS_9allocatorIPNS_16__hash_node_baseIPNS_11__hash_nodeIiPvEEEEEEEclB6v15007EPS8_ CODE
 0001:00005370 0000000bH .text$_ZNSt3__122__compressed_pair_elemIPPNS_16__hash_node_baseIPNS_11__hash_nodeIiPvEEEELi0ELb0EE5__getB6v15007Ev CODE
 0001:00005380 0000000bH .text$_ZNSt3__122__compressed_pair_elemINS_25__bucket_list_deallocatorINS_9allocatorIPNS_16__hash_node_baseIPNS_11__hash_nodeIiPvEEEEEEEELi1ELb0EE5__getB6v15007Ev CODE
 0001:00005390 0000002dH .text$_ZNSt3__116allocator_traitsINS_9allocatorIPNS_16__hash_node_baseIPNS_11__hash_nodeIiPvEEEEEEE10deallocateB6v15007ERS9_PS8_y CODE
 0001:000053c0 00000019H .text$_ZNSt3__125__bucket_list_deallocatorINS_9allocatorIPNS_16__hash_node_baseIPNS_11__hash_nodeIiPvEEEEEEE7__allocB6v15007Ev CODE
 0001:000053e0 00000019H .text$_ZNSt3__125__bucket_list_deallocatorINS_9allocatorIPNS_16__hash_node_baseIPNS_11__hash_nodeIiPvEEEEEEE4sizeB6v15007Ev CODE
 0001:00005400 0000003fH .text$_ZNSt3__19allocatorIPNS_16__hash_node_baseIPNS_11__hash_nodeIiPvEEEEE10deallocateB6v15007EPS7_y CODE
 0001:00005440 00000019H .text$_ZNSt3__117__compressed_pairIyNS_9allocatorIPNS_16__hash_node_baseIPNS_11__hash_nodeIiPvEEEEEEE6secondB6v15007Ev CODE
 0001:00005460 0000000bH .text$_ZNSt3__122__compressed_pair_elemINS_9allocatorIPNS_16__hash_node_baseIPNS_11__hash_nodeIiPvEEEEEELi1ELb1EE5__getB6v15007Ev CODE
 0001:00005470 00000019H .text$_ZNSt3__117__compressed_pairIyNS_9allocatorIPNS_16__hash_node_baseIPNS_11__hash_nodeIiPvEEEEEEE5firstB6v15007Ev CODE
 0001:00005490 0000000bH .text$_ZNSt3__122__compressed_pair_elemIyLi0ELb0EE5__getB6v15007Ev CODE
 0001:000054a0 00000055H .text$_ZNSt3__112__hash_tableIiNS_4hashIiEENS_8equal_toIiEENS_9allocatorIiEEE15__insert_uniqueB6v15007ERKi CODE
 0001:00005500 00000023H .text$_ZNSt3__14pairINS_21__hash_const_iteratorIPNS_11__hash_nodeIiPvEEEEbEC1B6v15007INS_15__hash_iteratorIS5_EEbLS3_0EEEONS0_IT_T0_EE CODE
 0001:00005530 0000068dH .text$_ZNSt3__112__hash_tableIiNS_4hashIiEENS_8equal_toIiEENS_9allocatorIiEEE25__emplace_unique_key_argsIiJRKiEEENS_4pairINS_15__hash_iteratorIPNS_11__hash_nodeIiPvEEEEbEERKT_DpOT0_ CODE
 0001:00005bc0 0000000bH .text$_ZNSt3__122__hash_key_value_typesIiE9__get_keyB6v15007ERKi CODE
 0001:00005bd0 0000016dH .text$_ZNSt3__112__hash_tableIiNS_4hashIiEENS_8equal_toIiEENS_9allocatorIiEEE21__construct_node_hashIRKiJEEENS_10unique_ptrINS_11__hash_nodeIiPvEENS_22__hash_node_destructorINS5_ISE_EEEEEEyOT_DpOT0_ CODE
 0001:00005d40 0000001dH .text$_ZNSt3__112__hash_tableIiNS_4hashIiEENS_8equal_toIiEENS_9allocatorIiEEE4sizeB6v15007Ev CODE
 0001:00005d60 0000001dH .text$_ZNSt3__112__hash_tableIiNS_4hashIiEENS_8equal_toIiEENS_9allocatorIiEEE15max_load_factorB6v15007Ev CODE
 0001:00005d80 00000023H .text$_ZNSt3__112__hash_tableIiNS_4hashIiEENS_8equal_toIiEENS_9allocatorIiEEE15__rehash_uniqueB6v15007Ey CODE
 0001:00005db0 00000028H .text$_ZNSt3__13maxB6v15007IyEERKT_S3_S3_ CODE
 0001:00005de0 00000047H .text$_ZNSt3__116__is_hash_power2B6v15007Ey CODE
 0001:00005e30 0000001bH .text$_Z4ceilB6v15007f  CODE
 0001:00005e50 00000019H .text$_ZNSt3__116__hash_node_baseIPNS_11__hash_nodeIiPvEEE5__ptrB6v15007Ev CODE
 0001:00005e70 0000001bH .text$_ZNKSt3__110unique_ptrINS_11__hash_nodeIiPvEENS_22__hash_node_destructorINS_9allocatorIS3_EEEEEptB6v15007Ev CODE
 0001:00005e90 0000001bH .text$_ZNKSt3__110unique_ptrINS_11__hash_nodeIiPvEENS_22__hash_node_destructorINS_9allocatorIS3_EEEEE3getB6v15007Ev CODE
 0001:00005eb0 0000003bH .text$_ZNSt3__110unique_ptrINS_11__hash_nodeIiPvEENS_22__hash_node_destructorINS_9allocatorIS3_EEEEE7releaseB6v15007Ev CODE
 0001:00005ef0 00000019H .text$_ZNSt3__110unique_ptrINS_11__hash_nodeIiPvEENS_22__hash_node_destructorINS_9allocatorIS3_EEEEED1B6v15007Ev CODE
 0001:00005f10 0000002dH .text$_ZNSt3__14pairINS_15__hash_iteratorIPNS_11__hash_nodeIiPvEEEEbEC1B6v15007IS6_RbLS3_0EEEOT_OT0_ CODE
 0001:00005f40 00000023H .text$_ZNSt3__116allocator_traitsINS_9allocatorINS_11__hash_nodeIiPvEEEEE8allocateB6v15007ERS5_y CODE
 0001:00005f70 00000035H .text$_ZNSt3__122__hash_node_destructorINS_9allocatorINS_11__hash_nodeIiPvEEEEEC1B6v15007ERS5_b CODE
 0001:00005fb0 0000002dH .text$_ZNSt3__110unique_ptrINS_11__hash_nodeIiPvEENS_22__hash_node_destructorINS_9allocatorIS3_EEEEEC1B6v15007ILb1EvEEPS3_NS_16__dependent_typeINS_27__unique_ptr_deleter_sfinaeIS7_EEXT_EE20__good_rval_ref_typeE CODE
 0001:00005fe0 0000002dH .text$_ZNSt3__116allocator_traitsINS_9allocatorINS_11__hash_nodeIiPvEEEEE9constructB6v15007IiJRKiEvEEvRS5_PT_DpOT0_ CODE
 0001:00006010 00000019H .text$_ZNSt3__110unique_ptrINS_11__hash_nodeIiPvEENS_22__hash_node_destructorINS_9allocatorIS3_EEEEE11get_deleterB6v15007Ev CODE
 0001:00006030 0000004eH .text$_ZNSt3__19allocatorINS_11__hash_nodeIiPvEEE8allocateB6v15007Ey CODE
 0001:00006080 00000019H .text$_ZNSt3__116allocator_traitsINS_9allocatorINS_11__hash_nodeIiPvEEEEE8max_sizeB6v15007IS5_vEEyRKS5_ CODE
 0001:000060a0 00000034H .text$_ZSt28__throw_bad_array_new_lengthB6v15007v CODE
 0001:000060e0 00000061H .text$_ZNSt3__117__libcpp_allocateB6v15007Eyy CODE
 0001:00006150 00000011H .text$_ZNKSt3__19allocatorINS_11__hash_nodeIiPvEEE8max_sizeB6v15007Ev CODE
 0001:00006170 00000023H .text$_ZNSt3__121__libcpp_operator_newB6v15007IJySt11align_val_tEEEPvDpT_ CODE
 0001:000061a0 00000019H .text$_ZNSt3__121__libcpp_operator_newB6v15007IJyEEEPvDpT_ CODE
 0001:000061c0 00000033H .text$_ZNSt3__122__hash_node_destructorINS_9allocatorINS_11__hash_nodeIiPvEEEEEC2B6v15007ERS5_b CODE
 0001:00006200 0000003aH .text$_ZNSt3__110unique_ptrINS_11__hash_nodeIiPvEENS_22__hash_node_destructorINS_9allocatorIS3_EEEEEC2B6v15007ILb1EvEEPS3_NS_16__dependent_typeINS_27__unique_ptr_deleter_sfinaeIS7_EEXT_EE20__good_rval_ref_typeE CODE
 0001:00006240 0000002dH .text$_ZNSt3__117__compressed_pairIPNS_11__hash_nodeIiPvEENS_22__hash_node_destructorINS_9allocatorIS3_EEEEEC1B6v15007IRS4_S8_EEOT_OT0_ CODE
 0001:00006270 00000040H .text$_ZNSt3__117__compressed_pairIPNS_11__hash_nodeIiPvEENS_22__hash_node_destructorINS_9allocatorIS3_EEEEEC2B6v15007IRS4_S8_EEOT_OT0_ CODE
 0001:000062b0 00000021H .text$_ZNSt3__122__compressed_pair_elemIPNS_11__hash_nodeIiPvEELi0ELb0EEC2B6v15007IRS4_vEEOT_ CODE
 0001:000062e0 00000029H .text$_ZNSt3__122__compressed_pair_elemINS_22__hash_node_destructorINS_9allocatorINS_11__hash_nodeIiPvEEEEEELi1ELb0EEC2B6v15007IS7_vEEOT_ CODE
 0001:00006310 00000024H .text$_ZNSt3__19allocatorINS_11__hash_nodeIiPvEEE9constructB6v15007IiJRKiEEEvPT_DpOT0_ CODE
 0001:00006340 0000001dH .text$_ZNSt3__117__compressed_pairIPNS_11__hash_nodeIiPvEENS_22__hash_node_destructorINS_9allocatorIS3_EEEEE6secondB6v15007Ev CODE
 0001:00006360 0000000bH .text$_ZNSt3__122__compressed_pair_elemINS_22__hash_node_destructorINS_9allocatorINS_11__hash_nodeIiPvEEEEEELi1ELb0EE5__getB6v15007Ev CODE
 0001:00006370 00000019H .text$_ZNSt3__117__compressed_pairIyNS_4hashIiEEE5firstB6v15007Ev CODE
 0001:00006390 00000019H .text$_ZNSt3__117__compressed_pairIfNS_8equal_toIiEEE5firstB6v15007Ev CODE
 0001:000063b0 0000000bH .text$_ZNSt3__122__compressed_pair_elemIfLi0ELb0EE5__getB6v15007Ev CODE
 0001:000063c0 00000255H .text$_ZNSt3__112__hash_tableIiNS_4hashIiEENS_8equal_toIiEENS_9allocatorIiEEE8__rehashILb1EEEvy CODE
 0001:00006620 000002c2H .text$_ZNSt3__112__hash_tableIiNS_4hashIiEENS_8equal_toIiEENS_9allocatorIiEEE11__do_rehashILb1EEEvy CODE
 0001:000068f0 00000056H .text$_ZNSt3__116__next_hash_pow2B6v15007Ey CODE
 0001:00006950 00000007H .text$_ZNSt3__125__debug_db_invalidate_allB6v15007INS_12__hash_tableIiNS_4hashIiEENS_8equal_toIiEENS_9allocatorIiEEEEEEvPT_ CODE
 0001:00006960 00000019H .text$_ZNSt3__110unique_ptrIA_PNS_16__hash_node_baseIPNS_11__hash_nodeIiPvEEEENS_25__bucket_list_deallocatorINS_9allocatorIS7_EEEEE11get_deleterB6v15007Ev CODE
 0001:00006980 0000006aH .text$_ZNSt3__110unique_ptrIA_PNS_16__hash_node_baseIPNS_11__hash_nodeIiPvEEEENS_25__bucket_list_deallocatorINS_9allocatorIS7_EEEEE5resetB6v15007IPS7_EENS_9enable_ifIXsr28_CheckArrayPointerConversionIT_EE5valueEvE4typeESH_ CODE
 0001:000069f0 00000023H .text$_ZNSt3__116allocator_traitsINS_9allocatorIPNS_16__hash_node_baseIPNS_11__hash_nodeIiPvEEEEEEE8allocateB6v15007ERS9_y CODE
 0001:00006a20 00000051H .text$_ZNSt3__19allocatorIPNS_16__hash_node_baseIPNS_11__hash_nodeIiPvEEEEE8allocateB6v15007Ey CODE
 0001:00006a80 00000019H .text$_ZNSt3__116allocator_traitsINS_9allocatorIPNS_16__hash_node_baseIPNS_11__hash_nodeIiPvEEEEEEE8max_sizeB6v15007IS9_vEEyRKS9_ CODE
 0001:00006aa0 00000011H .text$_ZNKSt3__19allocatorIPNS_16__hash_node_baseIPNS_11__hash_nodeIiPvEEEEE8max_sizeB6v15007Ev CODE
 0001:00006ac0 00000013H .text$_ZNSt3__112__libcpp_clzB6v15007Ey CODE
 0001:00006ae0 00000057H .text$_ZNSt3__13maxB6v15007IyNS_6__lessIyyEEEERKT_S5_S5_T0_ CODE
 0001:00006b40 0000002eH .text$_ZNKSt3__16__lessIyyEclB6v15007ERKyS3_ CODE
 0001:00006b70 00000019H .text$_ZNKSt3__117__compressed_pairIPNS_11__hash_nodeIiPvEENS_22__hash_node_destructorINS_9allocatorIS3_EEEEE5firstB6v15007Ev CODE
 0001:00006b90 0000000bH .text$_ZNKSt3__122__compressed_pair_elemIPNS_11__hash_nodeIiPvEELi0ELb0EE5__getB6v15007Ev CODE
 0001:00006ba0 00000019H .text$_ZNSt3__117__compressed_pairIPNS_11__hash_nodeIiPvEENS_22__hash_node_destructorINS_9allocatorIS3_EEEEE5firstB6v15007Ev CODE
 0001:00006bc0 0000000bH .text$_ZNSt3__122__compressed_pair_elemIPNS_11__hash_nodeIiPvEELi0ELb0EE5__getB6v15007Ev CODE
 0001:00006bd0 0000001dH .text$_ZNSt3__110unique_ptrINS_11__hash_nodeIiPvEENS_22__hash_node_destructorINS_9allocatorIS3_EEEEED2B6v15007Ev CODE
 0001:00006bf0 0000006aH .text$_ZNSt3__110unique_ptrINS_11__hash_nodeIiPvEENS_22__hash_node_destructorINS_9allocatorIS3_EEEEE5resetB6v15007EPS3_ CODE
 0001:00006c60 00000074H .text$_ZNSt3__122__hash_node_destructorINS_9allocatorINS_11__hash_nodeIiPvEEEEEclB6v15007EPS4_ CODE
 0001:00006ce0 00000033H .text$_ZNSt3__14pairINS_15__hash_iteratorIPNS_11__hash_nodeIiPvEEEEbEC2B6v15007IS6_RbLS3_0EEEOT_OT0_ CODE
 0001:00006d20 0000003aH .text$_ZNSt3__14pairINS_21__hash_const_iteratorIPNS_11__hash_nodeIiPvEEEEbEC2B6v15007INS_15__hash_iteratorIS5_EEbLS3_0EEEONS0_IT_T0_EE CODE
 0001:00006d60 00000096H .text$_ZNSt3__112__hash_tableIiNS_4hashIiEENS_8equal_toIiEENS_9allocatorIiEEE14__erase_uniqueIiEEyRKT_ CODE
 0001:00006e00 00000029H .text$_ZNSt3__1eqB6v15007ERKNS_15__hash_iteratorIPNS_11__hash_nodeIiPvEEEES7_ CODE
 0001:00006e30 0000006dH .text$_ZNSt3__112__hash_tableIiNS_4hashIiEENS_8equal_toIiEENS_9allocatorIiEEE5eraseENS_21__hash_const_iteratorIPNS_11__hash_nodeIiPvEEEE CODE
 0001:00006ea0 00000014H .text$_ZNSt3__115__hash_iteratorIPNS_11__hash_nodeIiPvEEEppB6v15007Ev CODE
 0001:00006ec0 0000025dH .text$_ZNSt3__112__hash_tableIiNS_4hashIiEENS_8equal_toIiEENS_9allocatorIiEEE6removeENS_21__hash_const_iteratorIPNS_11__hash_nodeIiPvEEEE CODE
 0001:00007120 000000f5H .text$_ZNSt3__16vectorIiNS_9allocatorIiEEEC2EyRKi CODE
 0001:00007220 0000002dH .text$_ZNSt3__117__compressed_pairIPiNS_9allocatorIiEEEC1B6v15007IDnNS_18__default_init_tagEEEOT_OT0_ CODE
 0001:00007250 00000034H .text$_ZNSt3__118__make_transactionB6v15007INS_6vectorIiNS_9allocatorIiEEE16__destroy_vectorEEENS_13__transactionIT_EES7_ CODE
 0001:00007290 00000023H .text$_ZNSt3__16vectorIiNS_9allocatorIiEEE16__destroy_vectorC1ERS3_ CODE
 0001:000072c0 00000007H .text$_ZNSt3__119__debug_db_insert_cB6v15007INS_6vectorIiNS_9allocatorIiEEEEEEvPT_ CODE
 0001:000072d0 000000a9H .text$_ZNSt3__16vectorIiNS_9allocatorIiEEE11__vallocateB6v15007Ey CODE
 0001:00007380 000000e1H .text$_ZNSt3__16vectorIiNS_9allocatorIiEEE18__construct_at_endEyRKi CODE
 0001:00007470 0000000fH .text$_ZNSt3__113__transactionINS_6vectorIiNS_9allocatorIiEEE16__destroy_vectorEE10__completeB6v15007Ev CODE
 0001:00007480 00000019H .text$_ZNSt3__113__transactionINS_6vectorIiNS_9allocatorIiEEE16__destroy_vectorEED1B6v15007Ev CODE
 0001:000074a0 0000003bH .text$_ZNSt3__117__compressed_pairIPiNS_9allocatorIiEEEC2B6v15007IDnNS_18__default_init_tagEEEOT_OT0_ CODE
 0001:000074e0 0000001eH .text$_ZNSt3__122__compressed_pair_elemIPiLi0ELb0EEC2B6v15007IDnvEEOT_ CODE
 0001:00007500 0000001dH .text$_ZNSt3__122__compressed_pair_elemINS_9allocatorIiEELi1ELb1EEC2B6v15007ENS_18__default_init_tagE CODE
 0001:00007520 00000019H .text$_ZNSt3__19allocatorIiEC2B6v15007Ev CODE
 0001:00007540 00000007H .text$_ZNSt3__116__non_trivial_ifILb1ENS_9allocatorIiEEEC2B6v15007Ev CODE
 0001:00007550 00000023H .text$_ZNSt3__113__transactionINS_6vectorIiNS_9allocatorIiEEE16__destroy_vectorEEC1B6v15007ES5_ CODE
 0001:00007580 00000022H .text$_ZNSt3__113__transactionINS_6vectorIiNS_9allocatorIiEEE16__destroy_vectorEEC2B6v15007ES5_ CODE
 0001:000075b0 0000001eH .text$_ZNSt3__16vectorIiNS_9allocatorIiEEE16__destroy_vectorC2ERS3_ CODE
 0001:000075d0 00000059H .text$_ZNKSt3__16vectorIiNS_9allocatorIiEEE8max_sizeEv CODE
 0001:00007630 00000016H .text$_ZNKSt3__16vectorIiNS_9allocatorIiEEE20__throw_length_errorB6v15007Ev CODE
 0001:00007650 0000004dH .text$_ZNSt3__119__allocate_at_leastB6v15007INS_9allocatorIiEEEENS_19__allocation_resultINS_16allocator_traitsIT_E7pointerEEERS5_y CODE
 0001:000076a0 0000001dH .text$_ZNSt3__16vectorIiNS_9allocatorIiEEE7__allocB6v15007Ev CODE
 0001:000076c0 0000001dH .text$_ZNSt3__16vectorIiNS_9allocatorIiEEE9__end_capB6v15007Ev CODE
 0001:000076e0 000000b6H .text$_ZNKSt3__16vectorIiNS_9allocatorIiEEE14__annotate_newB6v15007Ey CODE
 0001:000077a0 00000028H .text$_ZNSt3__13minB6v15007IyEERKT_S3_S3_ CODE
 0001:000077d0 00000019H .text$_ZNSt3__116allocator_traitsINS_9allocatorIiEEE8max_sizeB6v15007IS2_vEEyRKS2_ CODE
 0001:000077f0 0000001dH .text$_ZNKSt3__16vectorIiNS_9allocatorIiEEE7__allocB6v15007Ev CODE
 0001:00007810 0000000fH .text$_ZNSt3__114numeric_limitsIxE3maxB6v15007Ev CODE
 0001:00007820 00000057H .text$_ZNSt3__13minB6v15007IyNS_6__lessIyyEEEERKT_S5_S5_T0_ CODE
 0001:00007880 00000011H .text$_ZNKSt3__19allocatorIiE8max_sizeB6v15007Ev CODE
 0001:000078a0 00000019H .text$_ZNKSt3__117__compressed_pairIPiNS_9allocatorIiEEE6secondB6v15007Ev CODE
 0001:000078c0 0000000bH .text$_ZNKSt3__122__compressed_pair_elemINS_9allocatorIiEELi1ELb1EE5__getB6v15007Ev CODE
 0001:000078d0 0000000bH .text$_ZNSt3__123__libcpp_numeric_limitsIxLb1EE3maxB6v15007Ev CODE
 0001:000078e0 00000070H .text$_ZNSt3__120__throw_length_errorB6v15007EPKc CODE
 0001:00007950 00000023H .text$_ZNSt12length_errorC1B6v15007EPKc CODE
 0001:00007980 0000003aH .text$_ZNSt12length_errorC2B6v15007EPKc CODE
 0001:000079c0 00000051H .text$_ZNSt3__19allocatorIiE8allocateB6v15007Ey CODE
 0001:00007a20 00000019H .text$_ZNSt3__117__compressed_pairIPiNS_9allocatorIiEEE6secondB6v15007Ev CODE
 0001:00007a40 0000000bH .text$_ZNSt3__122__compressed_pair_elemINS_9allocatorIiEELi1ELb1EE5__getB6v15007Ev CODE
 0001:00007a50 00000019H .text$_ZNSt3__117__compressed_pairIPiNS_9allocatorIiEEE5firstB6v15007Ev CODE
 0001:00007a70 0000000bH .text$_ZNSt3__122__compressed_pair_elemIPiLi0ELb0EE5__getB6v15007Ev CODE
 0001:00007a80 00000021H .text$_ZNKSt3__16vectorIiNS_9allocatorIiEEE31__annotate_contiguous_containerB6v15007EPKvS5_S5_S5_ CODE
 0001:00007ab0 0000001cH .text$_ZNKSt3__16vectorIiNS_9allocatorIiEEE4dataB6v15007Ev CODE
 0001:00007ad0 0000002fH .text$_ZNKSt3__16vectorIiNS_9allocatorIiEEE8capacityB6v15007Ev CODE
 0001:00007b00 0000000bH .text$_ZNSt3__112__to_addressB6v15007IiEEPT_S2_ CODE
 0001:00007b10 0000001dH .text$_ZNKSt3__16vectorIiNS_9allocatorIiEEE9__end_capB6v15007Ev CODE
 0001:00007b30 00000019H .text$_ZNKSt3__117__compressed_pairIPiNS_9allocatorIiEEE5firstB6v15007Ev CODE
 0001:00007b50 0000000bH .text$_ZNKSt3__122__compressed_pair_elemIPiLi0ELb0EE5__getB6v15007Ev CODE
 0001:00007b60 0000002dH .text$_ZNSt3__16vectorIiNS_9allocatorIiEEE21_ConstructTransactionC1ERS3_y CODE
 0001:00007b90 0000002dH .text$_ZNSt3__116allocator_traitsINS_9allocatorIiEEE9constructB6v15007IiJRKiEvEEvRS2_PT_DpOT0_ CODE
 0001:00007bc0 00000019H .text$_ZNSt3__16vectorIiNS_9allocatorIiEEE21_ConstructTransactionD1Ev CODE
 0001:00007be0 00000049H .text$_ZNSt3__16vectorIiNS_9allocatorIiEEE21_ConstructTransactionC2ERS3_y CODE
 0001:00007c30 00000024H .text$_ZNSt3__19allocatorIiE9constructB6v15007IiJRKiEEEvPT_DpOT0_ CODE
 0001:00007c60 00000016H .text$_ZNSt3__16vectorIiNS_9allocatorIiEEE21_ConstructTransactionD2Ev CODE
 0001:00007c80 0000003fH .text$_ZNSt3__113__transactionINS_6vectorIiNS_9allocatorIiEEE16__destroy_vectorEED2B6v15007Ev CODE
 0001:00007cc0 0000008cH .text$_ZNSt3__16vectorIiNS_9allocatorIiEEE16__destroy_vectorclB6v15007Ev CODE
 0001:00007d50 000000c3H .text$_ZNKSt3__16vectorIiNS_9allocatorIiEEE17__annotate_deleteB6v15007Ev CODE
 0001:00007e20 00000007H .text$_ZNSt3__118__debug_db_erase_cB6v15007INS_6vectorIiNS_9allocatorIiEEEEEEvPT_ CODE
 0001:00007e30 0000001cH .text$_ZNSt3__16vectorIiNS_9allocatorIiEEE7__clearB6v15007Ev CODE
 0001:00007e50 0000002dH .text$_ZNSt3__116allocator_traitsINS_9allocatorIiEEE10deallocateB6v15007ERS2_Piy CODE
 0001:00007e80 00000019H .text$_ZNKSt3__16vectorIiNS_9allocatorIiEEE4sizeB6v15007Ev CODE
 0001:00007ea0 00000086H .text$_ZNSt3__16vectorIiNS_9allocatorIiEEE22__base_destruct_at_endB6v15007EPi CODE
 0001:00007f30 00000023H .text$_ZNSt3__116allocator_traitsINS_9allocatorIiEEE7destroyB6v15007IivEEvRS2_PT_ CODE
 0001:00007f60 00000012H .text$_ZNSt3__19allocatorIiE7destroyB6v15007EPi CODE
 0001:00007f80 0000003fH .text$_ZNSt3__19allocatorIiE10deallocateB6v15007EPiy CODE
 0001:00007fc0 0000003aH .text$_ZNSt3__16vectorIiNS_9allocatorIiEEED2B6v15007Ev CODE
 0001:00008000 000000f5H .text$_ZNSt3__16vectorINS0_IiNS_9allocatorIiEEEENS1_IS3_EEEC2EyRKS3_ CODE
 0001:00008100 0000002dH .text$_ZNSt3__117__compressed_pairIPNS_6vectorIiNS_9allocatorIiEEEENS2_IS4_EEEC1B6v15007IDnNS_18__default_init_tagEEEOT_OT0_ CODE
 0001:00008130 00000034H .text$_ZNSt3__118__make_transactionB6v15007INS_6vectorINS1_IiNS_9allocatorIiEEEENS2_IS4_EEE16__destroy_vectorEEENS_13__transactionIT_EES9_ CODE
 0001:00008170 00000023H .text$_ZNSt3__16vectorINS0_IiNS_9allocatorIiEEEENS1_IS3_EEE16__destroy_vectorC1ERS5_ CODE
 0001:000081a0 00000007H .text$_ZNSt3__119__debug_db_insert_cB6v15007INS_6vectorINS1_IiNS_9allocatorIiEEEENS2_IS4_EEEEEEvPT_ CODE
 0001:000081b0 000000a6H .text$_ZNSt3__16vectorINS0_IiNS_9allocatorIiEEEENS1_IS3_EEE11__vallocateB6v15007Ey CODE
 0001:00008260 000000e1H .text$_ZNSt3__16vectorINS0_IiNS_9allocatorIiEEEENS1_IS3_EEE18__construct_at_endEyRKS3_ CODE
 0001:00008350 0000000fH .text$_ZNSt3__113__transactionINS_6vectorINS1_IiNS_9allocatorIiEEEENS2_IS4_EEE16__destroy_vectorEE10__completeB6v15007Ev CODE
 0001:00008360 00000019H .text$_ZNSt3__113__transactionINS_6vectorINS1_IiNS_9allocatorIiEEEENS2_IS4_EEE16__destroy_vectorEED1B6v15007Ev CODE
 0001:00008380 0000003bH .text$_ZNSt3__117__compressed_pairIPNS_6vectorIiNS_9allocatorIiEEEENS2_IS4_EEEC2B6v15007IDnNS_18__default_init_tagEEEOT_OT0_ CODE
 0001:000083c0 0000001eH .text$_ZNSt3__122__compressed_pair_elemIPNS_6vectorIiNS_9allocatorIiEEEELi0ELb0EEC2B6v15007IDnvEEOT_ CODE
 0001:000083e0 0000001dH .text$_ZNSt3__122__compressed_pair_elemINS_9allocatorINS_6vectorIiNS1_IiEEEEEELi1ELb1EEC2B6v15007ENS_18__default_init_tagE CODE
 0001:00008400 00000019H .text$_ZNSt3__19allocatorINS_6vectorIiNS0_IiEEEEEC2B6v15007Ev CODE
 0001:00008420 00000007H .text$_ZNSt3__116__non_trivial_ifILb1ENS_9allocatorINS_6vectorIiNS1_IiEEEEEEEC2B6v15007Ev CODE
 0001:00008430 00000023H .text$_ZNSt3__113__transactionINS_6vectorINS1_IiNS_9allocatorIiEEEENS2_IS4_EEE16__destroy_vectorEEC1B6v15007ES7_ CODE
 0001:00008460 00000022H .text$_ZNSt3__113__transactionINS_6vectorINS1_IiNS_9allocatorIiEEEENS2_IS4_EEE16__destroy_vectorEEC2B6v15007ES7_ CODE
 0001:00008490 0000001eH .text$_ZNSt3__16vectorINS0_IiNS_9allocatorIiEEEENS1_IS3_EEE16__destroy_vectorC2ERS5_ CODE
 0001:000084b0 00000059H .text$_ZNKSt3__16vectorINS0_IiNS_9allocatorIiEEEENS1_IS3_EEE8max_sizeEv CODE
 0001:00008510 00000016H .text$_ZNKSt3__16vectorINS0_IiNS_9allocatorIiEEEENS1_IS3_EEE20__throw_length_errorB6v15007Ev CODE
 0001:00008530 0000004dH .text$_ZNSt3__119__allocate_at_leastB6v15007INS_9allocatorINS_6vectorIiNS1_IiEEEEEEEENS_19__allocation_resultINS_16allocator_traitsIT_E7pointerEEERS8_y CODE
 0001:00008580 0000001dH .text$_ZNSt3__16vectorINS0_IiNS_9allocatorIiEEEENS1_IS3_EEE7__allocB6v15007Ev CODE
 0001:000085a0 0000001dH .text$_ZNSt3__16vectorINS0_IiNS_9allocatorIiEEEENS1_IS3_EEE9__end_capB6v15007Ev CODE
 0001:000085c0 000000b3H .text$_ZNKSt3__16vectorINS0_IiNS_9allocatorIiEEEENS1_IS3_EEE14__annotate_newB6v15007Ey CODE
 0001:00008680 00000019H .text$_ZNSt3__116allocator_traitsINS_9allocatorINS_6vectorIiNS1_IiEEEEEEE8max_sizeB6v15007IS5_vEEyRKS5_ CODE
 0001:000086a0 0000001dH .text$_ZNKSt3__16vectorINS0_IiNS_9allocatorIiEEEENS1_IS3_EEE7__allocB6v15007Ev CODE
 0001:000086c0 00000011H .text$_ZNKSt3__19allocatorINS_6vectorIiNS0_IiEEEEE8max_sizeB6v15007Ev CODE
 0001:000086e0 00000019H .text$_ZNKSt3__117__compressed_pairIPNS_6vectorIiNS_9allocatorIiEEEENS2_IS4_EEE6secondB6v15007Ev CODE
 0001:00008700 0000000bH .text$_ZNKSt3__122__compressed_pair_elemINS_9allocatorINS_6vectorIiNS1_IiEEEEEELi1ELb1EE5__getB6v15007Ev CODE
 0001:00008710 0000004eH .text$_ZNSt3__19allocatorINS_6vectorIiNS0_IiEEEEE8allocateB6v15007Ey CODE
 0001:00008760 00000019H .text$_ZNSt3__117__compressed_pairIPNS_6vectorIiNS_9allocatorIiEEEENS2_IS4_EEE6secondB6v15007Ev CODE
 0001:00008780 0000000bH .text$_ZNSt3__122__compressed_pair_elemINS_9allocatorINS_6vectorIiNS1_IiEEEEEELi1ELb1EE5__getB6v15007Ev CODE
 0001:00008790 00000019H .text$_ZNSt3__117__compressed_pairIPNS_6vectorIiNS_9allocatorIiEEEENS2_IS4_EEE5firstB6v15007Ev CODE
 0001:000087b0 0000000bH .text$_ZNSt3__122__compressed_pair_elemIPNS_6vectorIiNS_9allocatorIiEEEELi0ELb0EE5__getB6v15007Ev CODE
 0001:000087c0 00000021H .text$_ZNKSt3__16vectorINS0_IiNS_9allocatorIiEEEENS1_IS3_EEE31__annotate_contiguous_containerB6v15007EPKvS7_S7_S7_ CODE
 0001:000087f0 0000001cH .text$_ZNKSt3__16vectorINS0_IiNS_9allocatorIiEEEENS1_IS3_EEE4dataB6v15007Ev CODE
 0001:00008810 00000035H .text$_ZNKSt3__16vectorINS0_IiNS_9allocatorIiEEEENS1_IS3_EEE8capacityB6v15007Ev CODE
 0001:00008850 0000000bH .text$_ZNSt3__112__to_addressB6v15007INS_6vectorIiNS_9allocatorIiEEEEEEPT_S6_ CODE
 0001:00008860 0000001dH .text$_ZNKSt3__16vectorINS0_IiNS_9allocatorIiEEEENS1_IS3_EEE9__end_capB6v15007Ev CODE
 0001:00008880 00000019H .text$_ZNKSt3__117__compressed_pairIPNS_6vectorIiNS_9allocatorIiEEEENS2_IS4_EEE5firstB6v15007Ev CODE
 0001:000088a0 0000000bH .text$_ZNKSt3__122__compressed_pair_elemIPNS_6vectorIiNS_9allocatorIiEEEELi0ELb0EE5__getB6v15007Ev CODE
 0001:000088b0 0000002dH .text$_ZNSt3__16vectorINS0_IiNS_9allocatorIiEEEENS1_IS3_EEE21_ConstructTransactionC1ERS5_y CODE
 0001:000088e0 0000002dH .text$_ZNSt3__116allocator_traitsINS_9allocatorINS_6vectorIiNS1_IiEEEEEEE9constructB6v15007IS4_JRKS4_EvEEvRS5_PT_DpOT0_ CODE
 0001:00008910 00000019H .text$_ZNSt3__16vectorINS0_IiNS_9allocatorIiEEEENS1_IS3_EEE21_ConstructTransactionD1Ev CODE
 0001:00008930 00000046H .text$_ZNSt3__16vectorINS0_IiNS_9allocatorIiEEEENS1_IS3_EEE21_ConstructTransactionC2ERS5_y CODE
 0001:00008980 00000028H .text$_ZNSt3__19allocatorINS_6vectorIiNS0_IiEEEEE9constructB6v15007IS3_JRKS3_EEEvPT_DpOT0_ CODE
 0001:000089b0 00000023H .text$_ZNSt3__16vectorIiNS_9allocatorIiEEEC1ERKS3_ CODE
 0001:000089e0 0000012dH .text$_ZNSt3__16vectorIiNS_9allocatorIiEEEC2ERKS3_ CODE
 0001:00008b10 00000011H .text$_ZNSt3__116allocator_traitsINS_9allocatorIiEEE37select_on_container_copy_constructionB6v15007IS2_vvEES2_RKS2_ CODE
 0001:00008b30 0000002dH .text$_ZNSt3__117__compressed_pairIPiNS_9allocatorIiEEEC1B6v15007IDnS3_EEOT_OT0_ CODE
 0001:00008b60 00000099H .text$_ZNSt3__16vectorIiNS_9allocatorIiEEE18__construct_at_endIPiEENS_9enable_ifIXsr27__is_cpp17_forward_iteratorIT_EE5valueEvE4typeES7_S7_y CODE
 0001:00008c00 0000003cH .text$_ZNSt3__117__compressed_pairIPiNS_9allocatorIiEEEC2B6v15007IDnS3_EEOT_OT0_ CODE
 0001:00008c40 00000012H .text$_ZNSt3__122__compressed_pair_elemINS_9allocatorIiEELi1ELb1EEC2B6v15007IS2_vEEOT_ CODE
 0001:00008c60 0000010cH .text$_ZNSt3__130__uninitialized_allocator_copyB6v15007INS_9allocatorIiEEPiS3_S3_EET2_RT_T0_T1_S4_ CODE
 0001:00008d70 0000002dH .text$_ZNSt3__116allocator_traitsINS_9allocatorIiEEE9constructB6v15007IiJRiEvEEvRS2_PT_DpOT0_ CODE
 0001:00008da0 00000037H .text$_ZNSt3__129_AllocatorDestroyRangeReverseINS_9allocatorIiEEPiEC1B6v15007ERS2_RS3_S6_ CODE
 0001:00008de0 0000005cH .text$_ZNKSt3__129_AllocatorDestroyRangeReverseINS_9allocatorIiEEPiEclB6v15007Ev CODE
 0001:00008e40 00000024H .text$_ZNSt3__19allocatorIiE9constructB6v15007IiJRiEEEvPT_DpOT0_ CODE
 0001:00008e70 0000003aH .text$_ZNSt3__129_AllocatorDestroyRangeReverseINS_9allocatorIiEEPiEC2B6v15007ERS2_RS3_S6_ CODE
 0001:00008eb0 00000064H .text$_ZNSt3__119__allocator_destroyB6v15007INS_9allocatorIiEENS_16reverse_iteratorIPiEES5_EEvRT_T0_T1_ CODE
 0001:00008f20 00000023H .text$_ZNSt3__116reverse_iteratorIPiEC1B6v15007ES1_ CODE
 0001:00008f50 0000003fH .text$_ZNSt3__1neB6v15007IPiS1_EEbRKNS_16reverse_iteratorIT_EERKNS2_IT0_EE CODE
 0001:00008f90 00000019H .text$_ZNSt3__112__to_addressB6v15007INS_16reverse_iteratorIPiEEvEENS_5decayIDTclsr19__to_address_helperIT_EE6__callcl7declvalIRKS5_EEEEE4typeES7_ CODE
 0001:00008fb0 00000017H .text$_ZNSt3__116reverse_iteratorIPiEppB6v15007Ev CODE
 0001:00008fd0 0000000fH .text$_ZNKSt3__116reverse_iteratorIPiE4baseB6v15007Ev CODE
 0001:00008fe0 00000036H .text$_ZNSt3__119__to_address_helperINS_16reverse_iteratorIPiEEvE6__callB6v15007ERKS3_ CODE
 0001:00009020 00000019H .text$_ZNKSt3__116reverse_iteratorIPiEptB6v15007Ev CODE
 0001:00009040 00000027H .text$_ZNKSt3__116reverse_iteratorIPiEdeB6v15007Ev CODE
 0001:00009070 00000026H .text$_ZNSt3__116reverse_iteratorIPiEC2B6v15007ES1_ CODE
 0001:000090a0 00000016H .text$_ZNSt3__16vectorINS0_IiNS_9allocatorIiEEEENS1_IS3_EEE21_ConstructTransactionD2Ev CODE
 0001:000090c0 0000003fH .text$_ZNSt3__113__transactionINS_6vectorINS1_IiNS_9allocatorIiEEEENS2_IS4_EEE16__destroy_vectorEED2B6v15007Ev CODE
 0001:00009100 0000008cH .text$_ZNSt3__16vectorINS0_IiNS_9allocatorIiEEEENS1_IS3_EEE16__destroy_vectorclB6v15007Ev CODE
 0001:00009190 000000c3H .text$_ZNKSt3__16vectorINS0_IiNS_9allocatorIiEEEENS1_IS3_EEE17__annotate_deleteB6v15007Ev CODE
 0001:00009260 00000007H .text$_ZNSt3__118__debug_db_erase_cB6v15007INS_6vectorINS1_IiNS_9allocatorIiEEEENS2_IS4_EEEEEEvPT_ CODE
 0001:00009270 0000001cH .text$_ZNSt3__16vectorINS0_IiNS_9allocatorIiEEEENS1_IS3_EEE7__clearB6v15007Ev CODE
 0001:00009290 0000002dH .text$_ZNSt3__116allocator_traitsINS_9allocatorINS_6vectorIiNS1_IiEEEEEEE10deallocateB6v15007ERS5_PS4_y CODE
 0001:000092c0 0000001fH .text$_ZNKSt3__16vectorINS0_IiNS_9allocatorIiEEEENS1_IS3_EEE4sizeB6v15007Ev CODE
 0001:000092e0 00000086H .text$_ZNSt3__16vectorINS0_IiNS_9allocatorIiEEEENS1_IS3_EEE22__base_destruct_at_endB6v15007EPS3_ CODE
 0001:00009370 00000023H .text$_ZNSt3__116allocator_traitsINS_9allocatorINS_6vectorIiNS1_IiEEEEEEE7destroyB6v15007IS4_vEEvRS5_PT_ CODE
 0001:000093a0 0000001eH .text$_ZNSt3__19allocatorINS_6vectorIiNS0_IiEEEEE7destroyB6v15007EPS3_ CODE
 0001:000093c0 00000043H .text$_ZNSt3__19allocatorINS_6vectorIiNS0_IiEEEEE10deallocateB6v15007EPS3_y CODE
 0001:00009410 0000003aH .text$_ZNSt3__16vectorINS0_IiNS_9allocatorIiEEEENS1_IS3_EEED2B6v15007Ev CODE
 0001:00009450 000000ebH .text$_ZNSt3__16vectorINS_13unordered_setIiNS_4hashIiEENS_8equal_toIiEENS_9allocatorIiEEEENS6_IS8_EEEC2Ey CODE
 0001:00009540 0000002dH .text$_ZNSt3__117__compressed_pairIPNS_13unordered_setIiNS_4hashIiEENS_8equal_toIiEENS_9allocatorIiEEEENS6_IS8_EEEC1B6v15007IDnNS_18__default_init_tagEEEOT_OT0_ CODE
 0001:00009570 00000034H .text$_ZNSt3__118__make_transactionB6v15007INS_6vectorINS_13unordered_setIiNS_4hashIiEENS_8equal_toIiEENS_9allocatorIiEEEENS7_IS9_EEE16__destroy_vectorEEENS_13__transactionIT_EESE_ CODE
 0001:000095b0 00000023H .text$_ZNSt3__16vectorINS_13unordered_setIiNS_4hashIiEENS_8equal_toIiEENS_9allocatorIiEEEENS6_IS8_EEE16__destroy_vectorC1ERSA_ CODE
 0001:000095e0 00000007H .text$_ZNSt3__119__debug_db_insert_cB6v15007INS_6vectorINS_13unordered_setIiNS_4hashIiEENS_8equal_toIiEENS_9allocatorIiEEEENS7_IS9_EEEEEEvPT_ CODE
 0001:000095f0 000000a6H .text$_ZNSt3__16vectorINS_13unordered_setIiNS_4hashIiEENS_8equal_toIiEENS_9allocatorIiEEEENS6_IS8_EEE11__vallocateB6v15007Ey CODE
 0001:000096a0 000000cbH .text$_ZNSt3__16vectorINS_13unordered_setIiNS_4hashIiEENS_8equal_toIiEENS_9allocatorIiEEEENS6_IS8_EEE18__construct_at_endEy CODE
 0001:00009770 0000000fH .text$_ZNSt3__113__transactionINS_6vectorINS_13unordered_setIiNS_4hashIiEENS_8equal_toIiEENS_9allocatorIiEEEENS7_IS9_EEE16__destroy_vectorEE10__completeB6v15007Ev CODE
 0001:00009780 00000019H .text$_ZNSt3__113__transactionINS_6vectorINS_13unordered_setIiNS_4hashIiEENS_8equal_toIiEENS_9allocatorIiEEEENS7_IS9_EEE16__destroy_vectorEED1B6v15007Ev CODE
 0001:000097a0 0000003bH .text$_ZNSt3__117__compressed_pairIPNS_13unordered_setIiNS_4hashIiEENS_8equal_toIiEENS_9allocatorIiEEEENS6_IS8_EEEC2B6v15007IDnNS_18__default_init_tagEEEOT_OT0_ CODE
 0001:000097e0 0000001eH .text$_ZNSt3__122__compressed_pair_elemIPNS_13unordered_setIiNS_4hashIiEENS_8equal_toIiEENS_9allocatorIiEEEELi0ELb0EEC2B6v15007IDnvEEOT_ CODE
 0001:00009800 0000001dH .text$_ZNSt3__122__compressed_pair_elemINS_9allocatorINS_13unordered_setIiNS_4hashIiEENS_8equal_toIiEENS1_IiEEEEEELi1ELb1EEC2B6v15007ENS_18__default_init_tagE CODE
 0001:00009820 00000019H .text$_ZNSt3__19allocatorINS_13unordered_setIiNS_4hashIiEENS_8equal_toIiEENS0_IiEEEEEC2B6v15007Ev CODE
 0001:00009840 00000007H .text$_ZNSt3__116__non_trivial_ifILb1ENS_9allocatorINS_13unordered_setIiNS_4hashIiEENS_8equal_toIiEENS1_IiEEEEEEEC2B6v15007Ev CODE
 0001:00009850 00000023H .text$_ZNSt3__113__transactionINS_6vectorINS_13unordered_setIiNS_4hashIiEENS_8equal_toIiEENS_9allocatorIiEEEENS7_IS9_EEE16__destroy_vectorEEC1B6v15007ESC_ CODE
 0001:00009880 00000022H .text$_ZNSt3__113__transactionINS_6vectorINS_13unordered_setIiNS_4hashIiEENS_8equal_toIiEENS_9allocatorIiEEEENS7_IS9_EEE16__destroy_vectorEEC2B6v15007ESC_ CODE
 0001:000098b0 0000001eH .text$_ZNSt3__16vectorINS_13unordered_setIiNS_4hashIiEENS_8equal_toIiEENS_9allocatorIiEEEENS6_IS8_EEE16__destroy_vectorC2ERSA_ CODE
 0001:000098d0 00000059H .text$_ZNKSt3__16vectorINS_13unordered_setIiNS_4hashIiEENS_8equal_toIiEENS_9allocatorIiEEEENS6_IS8_EEE8max_sizeEv CODE
 0001:00009930 00000016H .text$_ZNKSt3__16vectorINS_13unordered_setIiNS_4hashIiEENS_8equal_toIiEENS_9allocatorIiEEEENS6_IS8_EEE20__throw_length_errorB6v15007Ev CODE
 0001:00009950 0000004dH .text$_ZNSt3__119__allocate_at_leastB6v15007INS_9allocatorINS_13unordered_setIiNS_4hashIiEENS_8equal_toIiEENS1_IiEEEEEEEENS_19__allocation_resultINS_16allocator_traitsIT_E7pointerEEERSC_y CODE
 0001:000099a0 0000001dH .text$_ZNSt3__16vectorINS_13unordered_setIiNS_4hashIiEENS_8equal_toIiEENS_9allocatorIiEEEENS6_IS8_EEE7__allocB6v15007Ev CODE
 0001:000099c0 0000001dH .text$_ZNSt3__16vectorINS_13unordered_setIiNS_4hashIiEENS_8equal_toIiEENS_9allocatorIiEEEENS6_IS8_EEE9__end_capB6v15007Ev CODE
 0001:000099e0 000000b3H .text$_ZNKSt3__16vectorINS_13unordered_setIiNS_4hashIiEENS_8equal_toIiEENS_9allocatorIiEEEENS6_IS8_EEE14__annotate_newB6v15007Ey CODE
 0001:00009aa0 00000019H .text$_ZNSt3__116allocator_traitsINS_9allocatorINS_13unordered_setIiNS_4hashIiEENS_8equal_toIiEENS1_IiEEEEEEE8max_sizeB6v15007IS9_vEEyRKS9_ CODE
 0001:00009ac0 0000001dH .text$_ZNKSt3__16vectorINS_13unordered_setIiNS_4hashIiEENS_8equal_toIiEENS_9allocatorIiEEEENS6_IS8_EEE7__allocB6v15007Ev CODE
 0001:00009ae0 00000011H .text$_ZNKSt3__19allocatorINS_13unordered_setIiNS_4hashIiEENS_8equal_toIiEENS0_IiEEEEE8max_sizeB6v15007Ev CODE
 0001:00009b00 00000019H .text$_ZNKSt3__117__compressed_pairIPNS_13unordered_setIiNS_4hashIiEENS_8equal_toIiEENS_9allocatorIiEEEENS6_IS8_EEE6secondB6v15007Ev CODE
 0001:00009b20 0000000bH .text$_ZNKSt3__122__compressed_pair_elemINS_9allocatorINS_13unordered_setIiNS_4hashIiEENS_8equal_toIiEENS1_IiEEEEEELi1ELb1EE5__getB6v15007Ev CODE
 0001:00009b30 0000004eH .text$_ZNSt3__19allocatorINS_13unordered_setIiNS_4hashIiEENS_8equal_toIiEENS0_IiEEEEE8allocateB6v15007Ey CODE
 0001:00009b80 00000019H .text$_ZNSt3__117__compressed_pairIPNS_13unordered_setIiNS_4hashIiEENS_8equal_toIiEENS_9allocatorIiEEEENS6_IS8_EEE6secondB6v15007Ev CODE
 0001:00009ba0 0000000bH .text$_ZNSt3__122__compressed_pair_elemINS_9allocatorINS_13unordered_setIiNS_4hashIiEENS_8equal_toIiEENS1_IiEEEEEELi1ELb1EE5__getB6v15007Ev CODE
 0001:00009bb0 00000019H .text$_ZNSt3__117__compressed_pairIPNS_13unordered_setIiNS_4hashIiEENS_8equal_toIiEENS_9allocatorIiEEEENS6_IS8_EEE5firstB6v15007Ev CODE
 0001:00009bd0 0000000bH .text$_ZNSt3__122__compressed_pair_elemIPNS_13unordered_setIiNS_4hashIiEENS_8equal_toIiEENS_9allocatorIiEEEELi0ELb0EE5__getB6v15007Ev CODE
 0001:00009be0 00000021H .text$_ZNKSt3__16vectorINS_13unordered_setIiNS_4hashIiEENS_8equal_toIiEENS_9allocatorIiEEEENS6_IS8_EEE31__annotate_contiguous_containerB6v15007EPKvSC_SC_SC_ CODE
 0001:00009c10 0000001cH .text$_ZNKSt3__16vectorINS_13unordered_setIiNS_4hashIiEENS_8equal_toIiEENS_9allocatorIiEEEENS6_IS8_EEE4dataB6v15007Ev CODE
 0001:00009c30 00000035H .text$_ZNKSt3__16vectorINS_13unordered_setIiNS_4hashIiEENS_8equal_toIiEENS_9allocatorIiEEEENS6_IS8_EEE8capacityB6v15007Ev CODE
 0001:00009c70 0000000bH .text$_ZNSt3__112__to_addressB6v15007INS_13unordered_setIiNS_4hashIiEENS_8equal_toIiEENS_9allocatorIiEEEEEEPT_SA_ CODE
 0001:00009c80 0000001dH .text$_ZNKSt3__16vectorINS_13unordered_setIiNS_4hashIiEENS_8equal_toIiEENS_9allocatorIiEEEENS6_IS8_EEE9__end_capB6v15007Ev CODE
 0001:00009ca0 00000019H .text$_ZNKSt3__117__compressed_pairIPNS_13unordered_setIiNS_4hashIiEENS_8equal_toIiEENS_9allocatorIiEEEENS6_IS8_EEE5firstB6v15007Ev CODE
 0001:00009cc0 0000000bH .text$_ZNKSt3__122__compressed_pair_elemIPNS_13unordered_setIiNS_4hashIiEENS_8equal_toIiEENS_9allocatorIiEEEELi0ELb0EE5__getB6v15007Ev CODE
 0001:00009cd0 0000002dH .text$_ZNSt3__16vectorINS_13unordered_setIiNS_4hashIiEENS_8equal_toIiEENS_9allocatorIiEEEENS6_IS8_EEE21_ConstructTransactionC1ERSA_y CODE
 0001:00009d00 00000023H .text$_ZNSt3__116allocator_traitsINS_9allocatorINS_13unordered_setIiNS_4hashIiEENS_8equal_toIiEENS1_IiEEEEEEE9constructB6v15007IS8_JEvEEvRS9_PT_DpOT0_ CODE
 0001:00009d30 00000019H .text$_ZNSt3__16vectorINS_13unordered_setIiNS_4hashIiEENS_8equal_toIiEENS_9allocatorIiEEEENS6_IS8_EEE21_ConstructTransactionD1Ev CODE
 0001:00009d50 00000046H .text$_ZNSt3__16vectorINS_13unordered_setIiNS_4hashIiEENS_8equal_toIiEENS_9allocatorIiEEEENS6_IS8_EEE21_ConstructTransactionC2ERSA_y CODE
 0001:00009da0 0000001eH .text$_ZNSt3__19allocatorINS_13unordered_setIiNS_4hashIiEENS_8equal_toIiEENS0_IiEEEEE9constructB6v15007IS7_JEEEvPT_DpOT0_ CODE
 0001:00009dc0 00000016H .text$_ZNSt3__16vectorINS_13unordered_setIiNS_4hashIiEENS_8equal_toIiEENS_9allocatorIiEEEENS6_IS8_EEE21_ConstructTransactionD2Ev CODE
 0001:00009de0 0000003fH .text$_ZNSt3__113__transactionINS_6vectorINS_13unordered_setIiNS_4hashIiEENS_8equal_toIiEENS_9allocatorIiEEEENS7_IS9_EEE16__destroy_vectorEED2B6v15007Ev CODE
 0001:00009e20 0000008cH .text$_ZNSt3__16vectorINS_13unordered_setIiNS_4hashIiEENS_8equal_toIiEENS_9allocatorIiEEEENS6_IS8_EEE16__destroy_vectorclB6v15007Ev CODE
 0001:00009eb0 000000c3H .text$_ZNKSt3__16vectorINS_13unordered_setIiNS_4hashIiEENS_8equal_toIiEENS_9allocatorIiEEEENS6_IS8_EEE17__annotate_deleteB6v15007Ev CODE
 0001:00009f80 00000007H .text$_ZNSt3__118__debug_db_erase_cB6v15007INS_6vectorINS_13unordered_setIiNS_4hashIiEENS_8equal_toIiEENS_9allocatorIiEEEENS7_IS9_EEEEEEvPT_ CODE
 0001:00009f90 0000001cH .text$_ZNSt3__16vectorINS_13unordered_setIiNS_4hashIiEENS_8equal_toIiEENS_9allocatorIiEEEENS6_IS8_EEE7__clearB6v15007Ev CODE
 0001:00009fb0 0000002dH .text$_ZNSt3__116allocator_traitsINS_9allocatorINS_13unordered_setIiNS_4hashIiEENS_8equal_toIiEENS1_IiEEEEEEE10deallocateB6v15007ERS9_PS8_y CODE
 0001:00009fe0 0000001fH .text$_ZNKSt3__16vectorINS_13unordered_setIiNS_4hashIiEENS_8equal_toIiEENS_9allocatorIiEEEENS6_IS8_EEE4sizeB6v15007Ev CODE
 0001:0000a000 00000086H .text$_ZNSt3__16vectorINS_13unordered_setIiNS_4hashIiEENS_8equal_toIiEENS_9allocatorIiEEEENS6_IS8_EEE22__base_destruct_at_endB6v15007EPS8_ CODE
 0001:0000a090 00000023H .text$_ZNSt3__116allocator_traitsINS_9allocatorINS_13unordered_setIiNS_4hashIiEENS_8equal_toIiEENS1_IiEEEEEEE7destroyB6v15007IS8_vEEvRS9_PT_ CODE
 0001:0000a0c0 0000001eH .text$_ZNSt3__19allocatorINS_13unordered_setIiNS_4hashIiEENS_8equal_toIiEENS0_IiEEEEE7destroyB6v15007EPS7_ CODE
 0001:0000a0e0 00000043H .text$_ZNSt3__19allocatorINS_13unordered_setIiNS_4hashIiEENS_8equal_toIiEENS0_IiEEEEE10deallocateB6v15007EPS7_y CODE
 0001:0000a130 0000003aH .text$_ZNSt3__16vectorINS_13unordered_setIiNS_4hashIiEENS_8equal_toIiEENS_9allocatorIiEEEENS6_IS8_EEED2B6v15007Ev CODE
 0001:0000a170 0000013aH .text                   CODE
 0001:0000a2b0 0000004cH .text$_ZN6TForm2D0Ev    CODE
 0001:0000a300 00004046H .text                   CODE
 0001:0000e350 000000d2H .text$_ZN6System8Sysutils11ERangeErrorC3ENS_13UnicodeStringE CODE
 0001:0000e430 0000004cH .text$_ZN6System8Sysutils11ERangeErrorD0Ev CODE
 0001:0000e480 0000005bH .text$_ZN6System11WideCharLenIwEEiPKT_ CODE
 0001:0000e4e0 0000005bH .text$_ZN6System11WideCharLenIDsEEiPKT_ CODE
 0001:0000e540 00000059H .text$_ZN6System11AnsiStringTILt0EEC2EPKci CODE
 0001:0000e5a0 000000e9H .text$_ZN6System11AnsiStringTILt0EED2Ev CODE
 0001:0000e690 00000030H .text$_ZN6System11AnsiStringTILt0EEC2Ev CODE
 0001:0000e6c0 0000002aH .text$_ZN6System13UnicodeStringC2ILt0EEERKNS_11AnsiStringTIXT_EEE CODE
 0001:0000e6f0 000000d2H .text$_ZN6System8Sysutils9EIntErrorC3ENS_13UnicodeStringE CODE
 0001:0000e7d0 000000d2H .text$_ZN6System8Sysutils9EExternalC3ENS_13UnicodeStringE CODE
 0001:0000e8b0 0000004cH .text$_ZN6System8Sysutils9EIntErrorD0Ev CODE
 0001:0000e900 0000004cH .text$_ZN6System8Sysutils9EExternalD0Ev CODE
 0001:0000e950 00000023H .text$_ZN6System11AnsiStringTILt0EEC2ERKS1_ CODE
 0001:0000e980 00000012H .text$_ZN6System14AnsiStringBaseC2Ev CODE
 0001:0000e9a0 00001a48H .text                   CODE
 0001:000103f0 0000000bH .text$_ZN6System15DelphiInterfaceINS_10IInterfaceEEadEv CODE
 0001:00010400 0000004dH .text$_ZN6System15DelphiInterfaceINS_10IInterfaceEED2Ev CODE
 0001:00010450 00000029H .text$_ZNSt3__110lock_guardINS_5mutexEEC2B6v15007ERS1_ CODE
 0001:00010480 00000035H .text$_ZNSt3__113unordered_mapIPN6System7Typinfo9TTypeInfoEPSt9type_infoNS_4hashIS4_EENS_8equal_toIS4_EENS_9allocatorINS_4pairIKS4_S6_EEEEEC2B6v15007Ev CODE
 0001:000104c0 00000019H .text$_ZNSt3__113unordered_mapIPN6System7Typinfo9TTypeInfoEPSt9type_infoNS_4hashIS4_EENS_8equal_toIS4_EENS_9allocatorINS_4pairIKS4_S6_EEEEED2B6v15007Ev CODE
 0001:000104e0 00000084H .text$_ZNSt3__113unordered_mapIPN6System7Typinfo9TTypeInfoEPSt9type_infoNS_4hashIS4_EENS_8equal_toIS4_EENS_9allocatorINS_4pairIKS4_S6_EEEEEixERSD_ CODE
 0001:00010570 0000004aH .text$_ZN6System11AnsiStringTILt65001EEC2ERKNS_13UnicodeStringE CODE
 0001:000105c0 00000098H .text$_ZNK6System11AnsiStringTILt65001EEplERKS1_ CODE
 0001:00010660 0000004aH .text$_ZN6System11AnsiStringTILt65001EEC2EPKc CODE
 0001:000106b0 00000030H .text$_ZN6System11AnsiStringTILt65001EEC2Ev CODE
 0001:000106e0 0000002cH .text$_ZN6System11AnsiStringTILt65001EEaSERKS1_ CODE
 0001:00010710 00000019H .text$_ZN6System11AnsiStringTILt65001EED2Ev CODE
 0001:00010730 00000030H .text$_ZN10__cxxabiv117__class_type_infoC2Ev CODE
 0001:00010760 00000043H .text$_ZNK6System11AnsiStringTILt65001EE5c_strEv CODE
 0001:000107b0 0000001cH .text$_ZNSt3__110lock_guardINS_5mutexEED2B6v15007Ev CODE
 0001:000107d0 00000030H .text$_ZN10__cxxabiv116__shim_type_infoC2Ev CODE
 0001:00010800 00000083H .text$_ZNSt3__112__hash_tableINS_17__hash_value_typeIPN6System7Typinfo9TTypeInfoEPSt9type_infoEENS_22__unordered_map_hasherIS5_S8_NS_4hashIS5_EENS_8equal_toIS5_EELb1EEENS_21__unordered_map_equalIS5_S8_SD_SB_Lb1EEENS_9allocatorIS8_EEEC2Ev CODE
 0001:00010890 00000007H .text$_ZNSt3__119__debug_db_insert_cB6v15007INS_13unordered_mapIPN6System7Typinfo9TTypeInfoEPSt9type_infoNS_4hashIS5_EENS_8equal_toIS5_EENS_9allocatorINS_4pairIKS5_S7_EEEEEEEEvPT_ CODE
 0001:000108a0 00000030H .text$_ZNSt3__110unique_ptrIA_PNS_16__hash_node_baseIPNS_11__hash_nodeINS_17__hash_value_typeIPN6System7Typinfo9TTypeInfoEPSt9type_infoEEPvEEEENS_25__bucket_list_deallocatorINS_9allocatorISF_EEEEEC2B6v15007ILb1EvEEv CODE
 0001:000108d0 00000030H .text$_ZNSt3__117__compressed_pairINS_16__hash_node_baseIPNS_11__hash_nodeINS_17__hash_value_typeIPN6System7Typinfo9TTypeInfoEPSt9type_infoEEPvEEEENS_9allocatorISC_EEEC2B6v15007ILb1EvEEv CODE
 0001:00010900 0000003bH .text$_ZNSt3__117__compressed_pairIyNS_22__unordered_map_hasherIPN6System7Typinfo9TTypeInfoENS_17__hash_value_typeIS5_PSt9type_infoEENS_4hashIS5_EENS_8equal_toIS5_EELb1EEEEC2B6v15007IiNS_18__default_init_tagEEEOT_OT0_ CODE
 0001:00010940 0000003bH .text$_ZNSt3__117__compressed_pairIfNS_21__unordered_map_equalIPN6System7Typinfo9TTypeInfoENS_17__hash_value_typeIS5_PSt9type_infoEENS_8equal_toIS5_EENS_4hashIS5_EELb1EEEEC2B6v15007IfNS_18__default_init_tagEEEOT_OT0_ CODE
 0001:00010980 0000003eH .text$_ZNSt3__117__compressed_pairIPPNS_16__hash_node_baseIPNS_11__hash_nodeINS_17__hash_value_typeIPN6System7Typinfo9TTypeInfoEPSt9type_infoEEPvEEEENS_25__bucket_list_deallocatorINS_9allocatorISF_EEEEEC2B6v15007INS_16__value_init_tagESN_EEOT_OT0_ CODE
 0001:000109c0 0000001cH .text$_ZNSt3__122__compressed_pair_elemIPPNS_16__hash_node_baseIPNS_11__hash_nodeINS_17__hash_value_typeIPN6System7Typinfo9TTypeInfoEPSt9type_infoEEPvEEEELi0ELb0EEC2B6v15007ENS_16__value_init_tagE CODE
 0001:000109e0 0000001dH .text$_ZNSt3__122__compressed_pair_elemINS_25__bucket_list_deallocatorINS_9allocatorIPNS_16__hash_node_baseIPNS_11__hash_nodeINS_17__hash_value_typeIPN6System7Typinfo9TTypeInfoEPSt9type_infoEEPvEEEEEEEELi1ELb0EEC2B6v15007ENS_16__value_init_tagE CODE
 0001:00010a00 00000038H .text$_ZNSt3__125__bucket_list_deallocatorINS_9allocatorIPNS_16__hash_node_baseIPNS_11__hash_nodeINS_17__hash_value_typeIPN6System7Typinfo9TTypeInfoEPSt9type_infoEEPvEEEEEEEC2B6v15007Ev CODE
 0001:00010a40 0000003bH .text$_ZNSt3__117__compressed_pairIyNS_9allocatorIPNS_16__hash_node_baseIPNS_11__hash_nodeINS_17__hash_value_typeIPN6System7Typinfo9TTypeInfoEPSt9type_infoEEPvEEEEEEEC2B6v15007IiNS_18__default_init_tagEEEOT_OT0_ CODE
 0001:00010a80 0000001dH .text$_ZNSt3__122__compressed_pair_elemINS_9allocatorIPNS_16__hash_node_baseIPNS_11__hash_nodeINS_17__hash_value_typeIPN6System7Typinfo9TTypeInfoEPSt9type_infoEEPvEEEEEELi1ELb1EEC2B6v15007ENS_18__default_init_tagE CODE
 0001:00010aa0 00000019H .text$_ZNSt3__19allocatorIPNS_16__hash_node_baseIPNS_11__hash_nodeINS_17__hash_value_typeIPN6System7Typinfo9TTypeInfoEPSt9type_infoEEPvEEEEEC2B6v15007Ev CODE
 0001:00010ac0 00000007H .text$_ZNSt3__116__non_trivial_ifILb1ENS_9allocatorIPNS_16__hash_node_baseIPNS_11__hash_nodeINS_17__hash_value_typeIPN6System7Typinfo9TTypeInfoEPSt9type_infoEEPvEEEEEEEC2B6v15007Ev CODE
 0001:00010ad0 0000001dH .text$_ZNSt3__122__compressed_pair_elemINS_16__hash_node_baseIPNS_11__hash_nodeINS_17__hash_value_typeIPN6System7Typinfo9TTypeInfoEPSt9type_infoEEPvEEEELi0ELb0EEC2B6v15007ENS_16__value_init_tagE CODE
 0001:00010af0 0000001dH .text$_ZNSt3__122__compressed_pair_elemINS_9allocatorINS_11__hash_nodeINS_17__hash_value_typeIPN6System7Typinfo9TTypeInfoEPSt9type_infoEEPvEEEELi1ELb1EEC2B6v15007ENS_16__value_init_tagE CODE
 0001:00010b10 00000012H .text$_ZNSt3__116__hash_node_baseIPNS_11__hash_nodeINS_17__hash_value_typeIPN6System7Typinfo9TTypeInfoEPSt9type_infoEEPvEEEC2B6v15007Ev CODE
 0001:00010b30 00000019H .text$_ZNSt3__19allocatorINS_11__hash_nodeINS_17__hash_value_typeIPN6System7Typinfo9TTypeInfoEPSt9type_infoEEPvEEEC2B6v15007Ev CODE
 0001:00010b50 00000007H .text$_ZNSt3__116__non_trivial_ifILb1ENS_9allocatorINS_11__hash_nodeINS_17__hash_value_typeIPN6System7Typinfo9TTypeInfoEPSt9type_infoEEPvEEEEEC2B6v15007Ev CODE
 0001:00010b60 0000001dH .text$_ZNSt3__122__compressed_pair_elemINS_22__unordered_map_hasherIPN6System7Typinfo9TTypeInfoENS_17__hash_value_typeIS5_PSt9type_infoEENS_4hashIS5_EENS_8equal_toIS5_EELb1EEELi1ELb1EEC2B6v15007ENS_18__default_init_tagE CODE
 0001:00010b80 00000007H .text$_ZNSt3__122__unordered_map_hasherIPN6System7Typinfo9TTypeInfoENS_17__hash_value_typeIS4_PSt9type_infoEENS_4hashIS4_EENS_8equal_toIS4_EELb1EEC2B6v15007Ev CODE
 0001:00010b90 0000001dH .text$_ZNSt3__122__compressed_pair_elemINS_21__unordered_map_equalIPN6System7Typinfo9TTypeInfoENS_17__hash_value_typeIS5_PSt9type_infoEENS_8equal_toIS5_EENS_4hashIS5_EELb1EEELi1ELb1EEC2B6v15007ENS_18__default_init_tagE CODE
 0001:00010bb0 00000007H .text$_ZNSt3__121__unordered_map_equalIPN6System7Typinfo9TTypeInfoENS_17__hash_value_typeIS4_PSt9type_infoEENS_8equal_toIS4_EENS_4hashIS4_EELb1EEC2B6v15007Ev CODE
 0001:00010bc0 00000051H .text$_ZNSt3__112__hash_tableINS_17__hash_value_typeIPN6System7Typinfo9TTypeInfoEPSt9type_infoEENS_22__unordered_map_hasherIS5_S8_NS_4hashIS5_EENS_8equal_toIS5_EELb1EEENS_21__unordered_map_equalIS5_S8_SD_SB_Lb1EEENS_9allocatorIS8_EEED2Ev CODE
 0001:00010c20 000000adH .text$_ZNSt3__112__hash_tableINS_17__hash_value_typeIPN6System7Typinfo9TTypeInfoEPSt9type_infoEENS_22__unordered_map_hasherIS5_S8_NS_4hashIS5_EENS_8equal_toIS5_EELb1EEENS_21__unordered_map_equalIS5_S8_SD_SB_Lb1EEENS_9allocatorIS8_EEE17__deallocate_nodeEPNS_16__hash_node_baseIPNS_11__hash_nodeIS8_PvEEEE CODE
 0001:00010cd0 00000019H .text$_ZNSt3__117__compressed_pairINS_16__hash_node_baseIPNS_11__hash_nodeINS_17__hash_value_typeIPN6System7Typinfo9TTypeInfoEPSt9type_infoEEPvEEEENS_9allocatorISC_EEE5firstB6v15007Ev CODE
 0001:00010cf0 00000007H .text$_ZNSt3__118__debug_db_erase_cB6v15007INS_12__hash_tableINS_17__hash_value_typeIPN6System7Typinfo9TTypeInfoEPSt9type_infoEENS_22__unordered_map_hasherIS6_S9_NS_4hashIS6_EENS_8equal_toIS6_EELb1EEENS_21__unordered_map_equalIS6_S9_SE_SC_Lb1EEENS_9allocatorIS9_EEEEEEvPT_ CODE
 0001:00010d00 0000001dH .text$_ZNSt3__110unique_ptrIA_PNS_16__hash_node_baseIPNS_11__hash_nodeINS_17__hash_value_typeIPN6System7Typinfo9TTypeInfoEPSt9type_infoEEPvEEEENS_25__bucket_list_deallocatorINS_9allocatorISF_EEEEED2B6v15007Ev CODE
 0001:00010d20 0000001dH .text$_ZNSt3__112__hash_tableINS_17__hash_value_typeIPN6System7Typinfo9TTypeInfoEPSt9type_infoEENS_22__unordered_map_hasherIS5_S8_NS_4hashIS5_EENS_8equal_toIS5_EELb1EEENS_21__unordered_map_equalIS5_S8_SD_SB_Lb1EEENS_9allocatorIS8_EEE12__node_allocB6v15007Ev CODE
 0001:00010d40 00000019H .text$_ZNSt3__116__hash_node_baseIPNS_11__hash_nodeINS_17__hash_value_typeIPN6System7Typinfo9TTypeInfoEPSt9type_infoEEPvEEE8__upcastB6v15007Ev CODE
 0001:00010d60 00000012H .text$_ZNSt3__116allocator_traitsINS_9allocatorINS_11__hash_nodeINS_17__hash_value_typeIPN6System7Typinfo9TTypeInfoEPSt9type_infoEEPvEEEEE7destroyB6v15007INS_4pairIKS7_S9_EEvvEEvRSD_PT_ CODE
 0001:00010d80 00000019H .text$_ZNSt3__122__hash_key_value_typesINS_17__hash_value_typeIPN6System7Typinfo9TTypeInfoEPSt9type_infoEEE9__get_ptrB6v15007ERS8_ CODE
 0001:00010da0 0000002dH .text$_ZNSt3__116allocator_traitsINS_9allocatorINS_11__hash_nodeINS_17__hash_value_typeIPN6System7Typinfo9TTypeInfoEPSt9type_infoEEPvEEEEE10deallocateB6v15007ERSD_PSC_y CODE
 0001:00010dd0 00000019H .text$_ZNSt3__117__compressed_pairINS_16__hash_node_baseIPNS_11__hash_nodeINS_17__hash_value_typeIPN6System7Typinfo9TTypeInfoEPSt9type_infoEEPvEEEENS_9allocatorISC_EEE6secondB6v15007Ev CODE
 0001:00010df0 0000000bH .text$_ZNSt3__122__compressed_pair_elemINS_9allocatorINS_11__hash_nodeINS_17__hash_value_typeIPN6System7Typinfo9TTypeInfoEPSt9type_infoEEPvEEEELi1ELb1EE5__getB6v15007Ev CODE
 0001:00010e00 0000000bH .text$_ZNSt3__114pointer_traitsIPNS_16__hash_node_baseIPNS_11__hash_nodeINS_17__hash_value_typeIPN6System7Typinfo9TTypeInfoEPSt9type_infoEEPvEEEEE10pointer_toB6v15007ERSE_ CODE
 0001:00010e10 00000019H .text$_ZNSt3__117__hash_value_typeIPN6System7Typinfo9TTypeInfoEPSt9type_infoE11__get_valueB6v15007Ev CODE
 0001:00010e30 00000019H .text$_ZNSt3__17launderB6v15007INS_4pairIKPN6System7Typinfo9TTypeInfoEPSt9type_infoEEEEPT_SB_ CODE
 0001:00010e50 0000000bH .text$_ZNSt3__19__launderB6v15007INS_4pairIKPN6System7Typinfo9TTypeInfoEPSt9type_infoEEEEPT_SB_ CODE
 0001:00010e60 0000003fH .text$_ZNSt3__19allocatorINS_11__hash_nodeINS_17__hash_value_typeIPN6System7Typinfo9TTypeInfoEPSt9type_infoEEPvEEE10deallocateB6v15007EPSB_y CODE
 0001:00010ea0 0000000bH .text$_ZNSt3__122__compressed_pair_elemINS_16__hash_node_baseIPNS_11__hash_nodeINS_17__hash_value_typeIPN6System7Typinfo9TTypeInfoEPSt9type_infoEEPvEEEELi0ELb0EE5__getB6v15007Ev CODE
 0001:00010eb0 0000005fH .text$_ZNSt3__110unique_ptrIA_PNS_16__hash_node_baseIPNS_11__hash_nodeINS_17__hash_value_typeIPN6System7Typinfo9TTypeInfoEPSt9type_infoEEPvEEEENS_25__bucket_list_deallocatorINS_9allocatorISF_EEEEE5resetB6v15007EDn CODE
 0001:00010f10 00000019H .text$_ZNSt3__117__compressed_pairIPPNS_16__hash_node_baseIPNS_11__hash_nodeINS_17__hash_value_typeIPN6System7Typinfo9TTypeInfoEPSt9type_infoEEPvEEEENS_25__bucket_list_deallocatorINS_9allocatorISF_EEEEE5firstB6v15007Ev CODE
 0001:00010f30 0000001dH .text$_ZNSt3__117__compressed_pairIPPNS_16__hash_node_baseIPNS_11__hash_nodeINS_17__hash_value_typeIPN6System7Typinfo9TTypeInfoEPSt9type_infoEEPvEEEENS_25__bucket_list_deallocatorINS_9allocatorISF_EEEEE6secondB6v15007Ev CODE
 0001:00010f50 0000004eH .text$_ZNSt3__125__bucket_list_deallocatorINS_9allocatorIPNS_16__hash_node_baseIPNS_11__hash_nodeINS_17__hash_value_typeIPN6System7Typinfo9TTypeInfoEPSt9type_infoEEPvEEEEEEEclB6v15007EPSG_ CODE
 0001:00010fa0 0000000bH .text$_ZNSt3__122__compressed_pair_elemIPPNS_16__hash_node_baseIPNS_11__hash_nodeINS_17__hash_value_typeIPN6System7Typinfo9TTypeInfoEPSt9type_infoEEPvEEEELi0ELb0EE5__getB6v15007Ev CODE
 0001:00010fb0 0000000bH .text$_ZNSt3__122__compressed_pair_elemINS_25__bucket_list_deallocatorINS_9allocatorIPNS_16__hash_node_baseIPNS_11__hash_nodeINS_17__hash_value_typeIPN6System7Typinfo9TTypeInfoEPSt9type_infoEEPvEEEEEEEELi1ELb0EE5__getB6v15007Ev CODE
 0001:00010fc0 0000002dH .text$_ZNSt3__116allocator_traitsINS_9allocatorIPNS_16__hash_node_baseIPNS_11__hash_nodeINS_17__hash_value_typeIPN6System7Typinfo9TTypeInfoEPSt9type_infoEEPvEEEEEEE10deallocateB6v15007ERSH_PSG_y CODE
 0001:00010ff0 00000019H .text$_ZNSt3__125__bucket_list_deallocatorINS_9allocatorIPNS_16__hash_node_baseIPNS_11__hash_nodeINS_17__hash_value_typeIPN6System7Typinfo9TTypeInfoEPSt9type_infoEEPvEEEEEEE7__allocB6v15007Ev CODE
 0001:00011010 00000019H .text$_ZNSt3__125__bucket_list_deallocatorINS_9allocatorIPNS_16__hash_node_baseIPNS_11__hash_nodeINS_17__hash_value_typeIPN6System7Typinfo9TTypeInfoEPSt9type_infoEEPvEEEEEEE4sizeB6v15007Ev CODE
 0001:00011030 0000003fH .text$_ZNSt3__19allocatorIPNS_16__hash_node_baseIPNS_11__hash_nodeINS_17__hash_value_typeIPN6System7Typinfo9TTypeInfoEPSt9type_infoEEPvEEEEE10deallocateB6v15007EPSF_y CODE
 0001:00011070 00000019H .text$_ZNSt3__117__compressed_pairIyNS_9allocatorIPNS_16__hash_node_baseIPNS_11__hash_nodeINS_17__hash_value_typeIPN6System7Typinfo9TTypeInfoEPSt9type_infoEEPvEEEEEEE6secondB6v15007Ev CODE
 0001:00011090 0000000bH .text$_ZNSt3__122__compressed_pair_elemINS_9allocatorIPNS_16__hash_node_baseIPNS_11__hash_nodeINS_17__hash_value_typeIPN6System7Typinfo9TTypeInfoEPSt9type_infoEEPvEEEEEELi1ELb1EE5__getB6v15007Ev CODE
 0001:000110a0 00000019H .text$_ZNSt3__117__compressed_pairIyNS_9allocatorIPNS_16__hash_node_baseIPNS_11__hash_nodeINS_17__hash_value_typeIPN6System7Typinfo9TTypeInfoEPSt9type_infoEEPvEEEEEEE5firstB6v15007Ev CODE
 0001:000110c0 0000076cH .text$_ZNSt3__112__hash_tableINS_17__hash_value_typeIPN6System7Typinfo9TTypeInfoEPSt9type_infoEENS_22__unordered_map_hasherIS5_S8_NS_4hashIS5_EENS_8equal_toIS5_EELb1EEENS_21__unordered_map_equalIS5_S8_SD_SB_Lb1EEENS_9allocatorIS8_EEE25__emplace_unique_key_argsIS5_JRKNS_21piecewise_construct_tENS_5tupleIJRKS5_EEENSO_IJEEEEEENS_4pairINS_15__hash_iteratorIPNS_11__hash_nodeIS8_PvEEEEbEERKT_DpOT0_ CODE
 0001:00011830 00000022H .text$_ZNSt3__116forward_as_tupleB6v15007IJRKPN6System7Typinfo9TTypeInfoEEEENS_5tupleIJDpOT_EEESA_ CODE
 0001:00011860 00000006H .text$_ZNSt3__116forward_as_tupleB6v15007IJEEENS_5tupleIJDpOT_EEES4_ CODE
 0001:00011870 00000028H .text$_ZNKSt3__115__hash_iteratorIPNS_11__hash_nodeINS_17__hash_value_typeIPN6System7Typinfo9TTypeInfoEPSt9type_infoEEPvEEEptB6v15007Ev CODE
 0001:000118a0 0000001dH .text$_ZNSt3__112__hash_tableINS_17__hash_value_typeIPN6System7Typinfo9TTypeInfoEPSt9type_infoEENS_22__unordered_map_hasherIS5_S8_NS_4hashIS5_EENS_8equal_toIS5_EELb1EEENS_21__unordered_map_equalIS5_S8_SD_SB_Lb1EEENS_9allocatorIS8_EEE13hash_functionB6v15007Ev CODE
 0001:000118c0 00000026H .text$_ZNKSt3__122__unordered_map_hasherIPN6System7Typinfo9TTypeInfoENS_17__hash_value_typeIS4_PSt9type_infoEENS_4hashIS4_EENS_8equal_toIS4_EELb1EEclB6v15007ERKS4_ CODE
 0001:000118f0 00000021H .text$_ZNKSt3__112__hash_tableINS_17__hash_value_typeIPN6System7Typinfo9TTypeInfoEPSt9type_infoEENS_22__unordered_map_hasherIS5_S8_NS_4hashIS5_EENS_8equal_toIS5_EELb1EEENS_21__unordered_map_equalIS5_S8_SD_SB_Lb1EEENS_9allocatorIS8_EEE12bucket_countB6v15007Ev CODE
 0001:00011920 0000002cH .text$_ZNKSt3__110unique_ptrIA_PNS_16__hash_node_baseIPNS_11__hash_nodeINS_17__hash_value_typeIPN6System7Typinfo9TTypeInfoEPSt9type_infoEEPvEEEENS_25__bucket_list_deallocatorINS_9allocatorISF_EEEEEixB6v15007Ey CODE
 0001:00011950 0000000fH .text$_ZNKSt3__116__hash_node_baseIPNS_11__hash_nodeINS_17__hash_value_typeIPN6System7Typinfo9TTypeInfoEPSt9type_infoEEPvEEE6__hashB6v15007Ev CODE
 0001:00011960 0000001dH .text$_ZNSt3__112__hash_tableINS_17__hash_value_typeIPN6System7Typinfo9TTypeInfoEPSt9type_infoEENS_22__unordered_map_hasherIS5_S8_NS_4hashIS5_EENS_8equal_toIS5_EELb1EEENS_21__unordered_map_equalIS5_S8_SD_SB_Lb1EEENS_9allocatorIS8_EEE6key_eqB6v15007Ev CODE
 0001:00011980 00000043H .text$_ZNKSt3__121__unordered_map_equalIPN6System7Typinfo9TTypeInfoENS_17__hash_value_typeIS4_PSt9type_infoEENS_8equal_toIS4_EENS_4hashIS4_EELb1EEclB6v15007ERKS8_RKS4_ CODE
 0001:000119d0 000001a9H .text$_ZNSt3__112__hash_tableINS_17__hash_value_typeIPN6System7Typinfo9TTypeInfoEPSt9type_infoEENS_22__unordered_map_hasherIS5_S8_NS_4hashIS5_EENS_8equal_toIS5_EELb1EEENS_21__unordered_map_equalIS5_S8_SD_SB_Lb1EEENS_9allocatorIS8_EEE21__construct_node_hashIRKNS_21piecewise_construct_tEJNS_5tupleIJRKS5_EEENSO_IJEEEEEENS_10unique_ptrINS_11__hash_nodeIS8_PvEENS_22__hash_node_destructorINSH_ISW_EEEEEEyOT_DpOT0_ CODE
 0001:00011b80 0000001dH .text$_ZNSt3__112__hash_tableINS_17__hash_value_typeIPN6System7Typinfo9TTypeInfoEPSt9type_infoEENS_22__unordered_map_hasherIS5_S8_NS_4hashIS5_EENS_8equal_toIS5_EELb1EEENS_21__unordered_map_equalIS5_S8_SD_SB_Lb1EEENS_9allocatorIS8_EEE4sizeB6v15007Ev CODE
 0001:00011ba0 0000001dH .text$_ZNSt3__112__hash_tableINS_17__hash_value_typeIPN6System7Typinfo9TTypeInfoEPSt9type_infoEENS_22__unordered_map_hasherIS5_S8_NS_4hashIS5_EENS_8equal_toIS5_EELb1EEENS_21__unordered_map_equalIS5_S8_SD_SB_Lb1EEENS_9allocatorIS8_EEE15max_load_factorB6v15007Ev CODE
 0001:00011bc0 00000023H .text$_ZNSt3__112__hash_tableINS_17__hash_value_typeIPN6System7Typinfo9TTypeInfoEPSt9type_infoEENS_22__unordered_map_hasherIS5_S8_NS_4hashIS5_EENS_8equal_toIS5_EELb1EEENS_21__unordered_map_equalIS5_S8_SD_SB_Lb1EEENS_9allocatorIS8_EEE15__rehash_uniqueB6v15007Ey CODE
 0001:00011bf0 00000019H .text$_ZNSt3__116__hash_node_baseIPNS_11__hash_nodeINS_17__hash_value_typeIPN6System7Typinfo9TTypeInfoEPSt9type_infoEEPvEEE5__ptrB6v15007Ev CODE
 0001:00011c10 0000001bH .text$_ZNKSt3__110unique_ptrINS_11__hash_nodeINS_17__hash_value_typeIPN6System7Typinfo9TTypeInfoEPSt9type_infoEEPvEENS_22__hash_node_destructorINS_9allocatorISB_EEEEEptB6v15007Ev CODE
 0001:00011c30 0000001bH .text$_ZNKSt3__110unique_ptrINS_11__hash_nodeINS_17__hash_value_typeIPN6System7Typinfo9TTypeInfoEPSt9type_infoEEPvEENS_22__hash_node_destructorINS_9allocatorISB_EEEEE3getB6v15007Ev CODE
 0001:00011c50 0000003bH .text$_ZNSt3__110unique_ptrINS_11__hash_nodeINS_17__hash_value_typeIPN6System7Typinfo9TTypeInfoEPSt9type_infoEEPvEENS_22__hash_node_destructorINS_9allocatorISB_EEEEE7releaseB6v15007Ev CODE
 0001:00011c90 0000001dH .text$_ZNSt3__110unique_ptrINS_11__hash_nodeINS_17__hash_value_typeIPN6System7Typinfo9TTypeInfoEPSt9type_infoEEPvEENS_22__hash_node_destructorINS_9allocatorISB_EEEEED2B6v15007Ev CODE
 0001:00011cb0 00000024H .text$_ZNSt3__115__hash_iteratorIPNS_11__hash_nodeINS_17__hash_value_typeIPN6System7Typinfo9TTypeInfoEPSt9type_infoEEPvEEEC2B6v15007EPNS_16__hash_node_baseISC_EEPKv CODE
 0001:00011ce0 00000033H .text$_ZNSt3__14pairINS_15__hash_iteratorIPNS_11__hash_nodeINS_17__hash_value_typeIPN6System7Typinfo9TTypeInfoEPSt9type_infoEEPvEEEEbEC2B6v15007ISE_RbLSB_0EEEOT_OT0_ CODE
 0001:00011d20 00000019H .text$_ZNSt3__117__compressed_pairIyNS_22__unordered_map_hasherIPN6System7Typinfo9TTypeInfoENS_17__hash_value_typeIS5_PSt9type_infoEENS_4hashIS5_EENS_8equal_toIS5_EELb1EEEE6secondB6v15007Ev CODE
 0001:00011d40 0000000bH .text$_ZNSt3__122__compressed_pair_elemINS_22__unordered_map_hasherIPN6System7Typinfo9TTypeInfoENS_17__hash_value_typeIS5_PSt9type_infoEENS_4hashIS5_EENS_8equal_toIS5_EELb1EEELi1ELb1EE5__getB6v15007Ev CODE
 0001:00011d50 0000004aH .text$_ZNKSt3__14hashIPN6System7Typinfo9TTypeInfoEEclB6v15007ES4_ CODE
 0001:00011da0 00000501H .text$_ZNSt3__121__murmur2_or_cityhashIyLy64EEclEPKvy CODE
 0001:000122b0 0000019dH .text$_ZNSt3__121__murmur2_or_cityhashIyLy64EE18__hash_len_0_to_16EPKcy CODE
 0001:00012450 0000010cH .text$_ZNSt3__121__murmur2_or_cityhashIyLy64EE19__hash_len_17_to_32EPKcy CODE
 0001:00012560 00000339H .text$_ZNSt3__121__murmur2_or_cityhashIyLy64EE19__hash_len_33_to_64EPKcy CODE
 0001:000128a0 0000001eH .text$_ZNSt3__110__loadwordB6v15007IyEET_PKv CODE
 0001:000128c0 00000095H .text$_ZNSt3__121__murmur2_or_cityhashIyLy64EE13__hash_len_16Eyy CODE
 0001:00012960 000000b0H .text$_ZNSt3__121__murmur2_or_cityhashIyLy64EE29__weak_hash_len_32_with_seedsEPKcyy CODE
 0001:00012a10 00000058H .text$_ZNSt3__121__murmur2_or_cityhashIyLy64EE8__rotateEyi CODE
 0001:00012a70 0000002dH .text$_ZNSt3__14pairIyyEaSB6v15007EOS1_ CODE
 0001:00012aa0 0000003bH .text$_ZNSt3__14swapB6v15007IyEENS_9enable_ifIXaasr21is_move_constructibleIT_EE5valuesr18is_move_assignableIS2_EE5valueEvE4typeERS2_S5_ CODE
 0001:00012ae0 00000016H .text$_ZNSt3__121__murmur2_or_cityhashIyLy64EE11__shift_mixEy CODE
 0001:00012b00 00000037H .text$_ZNSt3__121__murmur2_or_cityhashIyLy64EE22__rotate_by_at_least_1Eyi CODE
 0001:00012b40 0000001dH .text$_ZNSt3__110__loadwordB6v15007IjEET_PKv CODE
 0001:00012b60 0000011aH .text$_ZNSt3__121__murmur2_or_cityhashIyLy64EE29__weak_hash_len_32_with_seedsEyyyyyy CODE
 0001:00012c80 00000032H .text$_ZNSt3__14pairIyyEC2B6v15007IyyLPv0EEEOT_OT0_ CODE
 0001:00012cc0 00000019H .text$_ZNKSt3__110unique_ptrIA_PNS_16__hash_node_baseIPNS_11__hash_nodeINS_17__hash_value_typeIPN6System7Typinfo9TTypeInfoEPSt9type_infoEEPvEEEENS_25__bucket_list_deallocatorINS_9allocatorISF_EEEEE11get_deleterB6v15007Ev CODE
 0001:00012ce0 0000001bH .text$_ZNKSt3__125__bucket_list_deallocatorINS_9allocatorIPNS_16__hash_node_baseIPNS_11__hash_nodeINS_17__hash_value_typeIPN6System7Typinfo9TTypeInfoEPSt9type_infoEEPvEEEEEEE4sizeB6v15007Ev CODE
 0001:00012d00 0000001dH .text$_ZNKSt3__117__compressed_pairIPPNS_16__hash_node_baseIPNS_11__hash_nodeINS_17__hash_value_typeIPN6System7Typinfo9TTypeInfoEPSt9type_infoEEPvEEEENS_25__bucket_list_deallocatorINS_9allocatorISF_EEEEE6secondB6v15007Ev CODE
 0001:00012d20 0000000bH .text$_ZNKSt3__122__compressed_pair_elemINS_25__bucket_list_deallocatorINS_9allocatorIPNS_16__hash_node_baseIPNS_11__hash_nodeINS_17__hash_value_typeIPN6System7Typinfo9TTypeInfoEPSt9type_infoEEPvEEEEEEEELi1ELb0EE5__getB6v15007Ev CODE
 0001:00012d30 00000019H .text$_ZNKSt3__117__compressed_pairIyNS_9allocatorIPNS_16__hash_node_baseIPNS_11__hash_nodeINS_17__hash_value_typeIPN6System7Typinfo9TTypeInfoEPSt9type_infoEEPvEEEEEEE5firstB6v15007Ev CODE
 0001:00012d50 00000019H .text$_ZNKSt3__117__compressed_pairIPPNS_16__hash_node_baseIPNS_11__hash_nodeINS_17__hash_value_typeIPN6System7Typinfo9TTypeInfoEPSt9type_infoEEPvEEEENS_25__bucket_list_deallocatorINS_9allocatorISF_EEEEE5firstB6v15007Ev CODE
 0001:00012d70 0000000bH .text$_ZNKSt3__122__compressed_pair_elemIPPNS_16__hash_node_baseIPNS_11__hash_nodeINS_17__hash_value_typeIPN6System7Typinfo9TTypeInfoEPSt9type_infoEEPvEEEELi0ELb0EE5__getB6v15007Ev CODE
 0001:00012d80 00000019H .text$_ZNSt3__117__compressed_pairIfNS_21__unordered_map_equalIPN6System7Typinfo9TTypeInfoENS_17__hash_value_typeIS5_PSt9type_infoEENS_8equal_toIS5_EENS_4hashIS5_EELb1EEEE6secondB6v15007Ev CODE
 0001:00012da0 0000000bH .text$_ZNSt3__122__compressed_pair_elemINS_21__unordered_map_equalIPN6System7Typinfo9TTypeInfoENS_17__hash_value_typeIS5_PSt9type_infoEENS_8equal_toIS5_EENS_4hashIS5_EELb1EEELi1ELb1EE5__getB6v15007Ev CODE
 0001:00012db0 0000002eH .text$_ZNKSt3__18equal_toIPN6System7Typinfo9TTypeInfoEEclB6v15007ERKS4_S7_ CODE
 0001:00012de0 00000019H .text$_ZNKSt3__117__hash_value_typeIPN6System7Typinfo9TTypeInfoEPSt9type_infoE11__get_valueB6v15007Ev CODE
 0001:00012e00 00000019H .text$_ZNSt3__17launderB6v15007IKNS_4pairIKPN6System7Typinfo9TTypeInfoEPSt9type_infoEEEEPT_SC_ CODE
 0001:00012e20 0000000bH .text$_ZNSt3__19__launderB6v15007IKNS_4pairIKPN6System7Typinfo9TTypeInfoEPSt9type_infoEEEEPT_SC_ CODE
 0001:00012e30 00000023H .text$_ZNSt3__116allocator_traitsINS_9allocatorINS_11__hash_nodeINS_17__hash_value_typeIPN6System7Typinfo9TTypeInfoEPSt9type_infoEEPvEEEEE8allocateB6v15007ERSD_y CODE
 0001:00012e60 00000033H .text$_ZNSt3__122__hash_node_destructorINS_9allocatorINS_11__hash_nodeINS_17__hash_value_typeIPN6System7Typinfo9TTypeInfoEPSt9type_infoEEPvEEEEEC2B6v15007ERSD_b CODE
 0001:00012ea0 0000003aH .text$_ZNSt3__110unique_ptrINS_11__hash_nodeINS_17__hash_value_typeIPN6System7Typinfo9TTypeInfoEPSt9type_infoEEPvEENS_22__hash_node_destructorINS_9allocatorISB_EEEEEC2B6v15007ILb1EvEEPSB_NS_16__dependent_typeINS_27__unique_ptr_deleter_sfinaeISF_EEXT_EE20__good_rval_ref_typeE CODE
 0001:00012ee0 00000046H .text$_ZNSt3__116allocator_traitsINS_9allocatorINS_11__hash_nodeINS_17__hash_value_typeIPN6System7Typinfo9TTypeInfoEPSt9type_infoEEPvEEEEE9constructB6v15007INS_4pairIKS7_S9_EEJRKNS_21piecewise_construct_tENS_5tupleIJRSH_EEENSM_IJEEEEvEEvRSD_PT_DpOT0_ CODE
 0001:00012f30 00000019H .text$_ZNSt3__110unique_ptrINS_11__hash_nodeINS_17__hash_value_typeIPN6System7Typinfo9TTypeInfoEPSt9type_infoEEPvEENS_22__hash_node_destructorINS_9allocatorISB_EEEEE11get_deleterB6v15007Ev CODE
 0001:00012f50 00000051H .text$_ZNSt3__19allocatorINS_11__hash_nodeINS_17__hash_value_typeIPN6System7Typinfo9TTypeInfoEPSt9type_infoEEPvEEE8allocateB6v15007Ey CODE
 0001:00012fb0 00000019H .text$_ZNSt3__116allocator_traitsINS_9allocatorINS_11__hash_nodeINS_17__hash_value_typeIPN6System7Typinfo9TTypeInfoEPSt9type_infoEEPvEEEEE8max_sizeB6v15007ISD_vEEyRKSD_ CODE
 0001:00012fd0 00000011H .text$_ZNKSt3__19allocatorINS_11__hash_nodeINS_17__hash_value_typeIPN6System7Typinfo9TTypeInfoEPSt9type_infoEEPvEEE8max_sizeB6v15007Ev CODE
 0001:00012ff0 00000040H .text$_ZNSt3__117__compressed_pairIPNS_11__hash_nodeINS_17__hash_value_typeIPN6System7Typinfo9TTypeInfoEPSt9type_infoEEPvEENS_22__hash_node_destructorINS_9allocatorISB_EEEEEC2B6v15007IRSC_SG_EEOT_OT0_ CODE
 0001:00013030 00000021H .text$_ZNSt3__122__compressed_pair_elemIPNS_11__hash_nodeINS_17__hash_value_typeIPN6System7Typinfo9TTypeInfoEPSt9type_infoEEPvEELi0ELb0EEC2B6v15007IRSC_vEEOT_ CODE
 0001:00013060 00000029H .text$_ZNSt3__122__compressed_pair_elemINS_22__hash_node_destructorINS_9allocatorINS_11__hash_nodeINS_17__hash_value_typeIPN6System7Typinfo9TTypeInfoEPSt9type_infoEEPvEEEEEELi1ELb0EEC2B6v15007ISF_vEEOT_ CODE
 0001:00013090 0000004bH .text$_ZNSt3__19allocatorINS_11__hash_nodeINS_17__hash_value_typeIPN6System7Typinfo9TTypeInfoEPSt9type_infoEEPvEEE9constructB6v15007INS_4pairIKS6_S8_EEJRKNS_21piecewise_construct_tENS_5tupleIJRSF_EEENSK_IJEEEEEEvPT_DpOT0_ CODE
[...]
 0002:00010530       $unwind$_ZN6System8Internal7Initcpp23SelectForInitializationEPPNS1_20TUnitDescriptorBlockES4_ 000000014002a530     rtl:System.Internal.InitCPP.o
 0002:00010534       $unwind$_ZN6System8Internal7Initcpp15InitializeUnitsEPNS1_20TUnitDescriptorBlockES3_ 000000014002a534     rtl:System.Internal.InitCPP.o
 0002:00010540       $unwind$_ZN6System8Internal7Initcpp13FinalizeUnitsEPNS1_20TUnitDescriptorBlockES3_ 000000014002a540     rtl:System.Internal.InitCPP.o
 0002:00010548       $unwind$_ZN6System8Internal7Initcpp15InitializeUnitsEPPNS1_20TUnitDescriptorBlockES4_ 000000014002a548     rtl:System.Internal.InitCPP.o
 0002:00010554       $unwind$_ZN6System8Internal7Initcpp13FinalizeUnitsEPPNS1_20TUnitDescriptorBlockES4_ 000000014002a554     rtl:System.Internal.InitCPP.o
 0002:0001055c       $unwind$_ZN6System8Internal7Initcpp15InitializeUnitsEPNS1_15TUnitDescriptorES3_ 000000014002a55c     rtl:System.Internal.InitCPP.o
 0002:00010564       $unwind$_ZN6System8Internal7Initcpp13FinalizeUnitsEPNS1_15TUnitDescriptorES3_ 000000014002a564     rtl:System.Internal.InitCPP.o
 0002:0001056c       $unwind$_ZN6System8Internal7Initcpp15CalculateDegreeEPNS1_20TUnitDescriptorBlockES3_ 000000014002a56c     rtl:System.Internal.InitCPP.o
 0002:00010570       $unwind$_ZN6System8Internal7Initcpp15CalculateDegreeEPPNS1_20TUnitDescriptorBlockES4_ 000000014002a570     rtl:System.Internal.InitCPP.o
 0002:00010574       $unwind$_ZN6System8Internal7Initcpp16FinalizeUnitListEPPPNS1_15TUnitDescriptorES5_ 000000014002a574     rtl:System.Internal.InitCPP.o
 0002:000105b0       $unwind$_ZN6System8Internal7Initcpp18InitializeRootUnitEPNS1_15TUnitDescriptorE 000000014002a5b0     rtl:System.Internal.InitCPP.o
 0002:00010664       $unwind$_ZN6System8Internal7Initcpp16FinalizeRootUnitEPNS1_15TUnitDescriptorE 000000014002a664     rtl:System.Internal.InitCPP.o
 0002:000106a0       $unwind$_ZN6System8Internal7Initcpp12FinalizationEv 000000014002a6a0     rtl:System.Internal.InitCPP.o
 0002:000106a4       $unwind$_ZN6System8Internal7Initcpp14initializationEv 000000014002a6a4     rtl:System.Internal.InitCPP.o
 0004:00000000       version_string             000000014002c000     crtbegin.o
 0004:000000e8       _ZN7Sysinit6ModuleE        000000014002c0e8     sysinit.o
 0004:00000120       _ZN7Sysinit7TlsProcE       000000014002c120     sysinit.o
 0004:00000140       _ZN7Sysinit21_dtors_delayhlp_65535E 000000014002c140     sysinit.o
 0004:00000160       initial_tznames            000000014002c160     libucrt:lib64_libucrt_extra_a-ucrtbase_compat.o
 0004:00000178       initial_timezone           000000014002c178     libucrt:lib64_libucrt_extra_a-ucrtbase_compat.o
 0004:00000188       initial_daylight           000000014002c188     libucrt:lib64_libucrt_extra_a-ucrtbase_compat.o
 0004:000001c8       initial_tzname0            000000014002c1c8     libucrt:lib64_libucrt_extra_a-ucrtbase_compat.o
 0004:000001cc       initial_tzname1            000000014002c1cc     libucrt:lib64_libucrt_extra_a-ucrtbase_compat.o
 0004:000001e0       __do_global_dtors.p        000000014002c1e0     libmingw32:lib64_libmingw32_a-gccmain.o
 0004:00000218       _ZZN6System19CheckSafecallResultElE13__init_comobj 000000014002c218     rtle:syssupp.o
 0004:0000023c       managedapp                 000000014002c23c     crt2u.o
 0004:00000240       startinfo                  000000014002c240     crt2u.o
 0004:00000244       argc                       000000014002c244     crt2u.o
 0004:00000248       argv                       000000014002c248     crt2u.o
 0004:00000250       envp                       000000014002c250     crt2u.o
 0004:00000258       argret                     000000014002c258     crt2u.o
 0004:0000025c       has_cctor                  000000014002c25c     crt2u.o
 0004:00000260       mainret                    000000014002c260     crt2u.o
 0004:000002a8       _ZN7Sysinit2_1E            000000014002c2a8     sysinit.o
 0004:000002b0       _ZN7Sysinit9tlsBufferE     000000014002c2b0     sysinit.o
 0004:000002b8       _ZN7Sysinit9UseTlsAPIE     000000014002c2b8     sysinit.o
 0004:000002c0       .bss.delayhlp              000000014002c2c0     sysinit.o
 0004:000002c0       ..__puiHead                000000014002c2c0     sysinit.o
 0004:000002d8       local__initenv             000000014002c2d8     libucrt:lib64_libucrt_extra_a-__initenv.o
 0004:000002e0       local__winitenv            000000014002c2e0     libucrt:lib64_libucrt_extra_a-__initenv.o
 0004:000002e8       initialized                000000014002c2e8     libmingw32:lib64_libmingw32_a-gccmain.o
 0004:00000320       _pei386_runtime_relocator.was_init 000000014002c320     libmingw32:lib64_libmingw32_a-pseudo-reloc.o
 0004:00000328       the_secs                   000000014002c328     libmingw32:lib64_libmingw32_a-pseudo-reloc.o
 0004:00000330       maxSections                000000014002c330     libmingw32:lib64_libmingw32_a-pseudo-reloc.o
 0004:00000338       stUserMathErr              000000014002c338     libmingw32:lib64_libmingw32_a-usermatherr.o
 0004:00000358       __mingwthr_cs_init         000000014002c358     libmingw32:lib64_libmingw32_a-tlsthrd.o
 0004:00000360       __mingwthr_cs              000000014002c360     libmingw32:lib64_libmingw32_a-tlsthrd.o
 0004:00000388       key_dtor_list              000000014002c388     libmingw32:lib64_libmingw32_a-tlsthrd.o
 0004:00000398       _ZZ18__delphi_type_infoE15type_info_mutex 000000014002c398     rtle:syssupp.o
 0004:000003a0       _ZZ18__delphi_type_infoE13type_info_map 000000014002c3a0     rtle:syssupp.o
 0004:000003c8       _ZGVZ18__delphi_type_infoE13type_info_map 000000014002c3c8     rtle:syssupp.o
 0004:000003d8       _ZN6System8Internal7Strhlpr2_1E 000000014002c3d8     rtl:System.Internal.StrHlpr.o
 0004:000003dc       _ZN6System8Internal7Initcpp2_1E 000000014002c3dc     rtl:System.Internal.InitCPP.o
 0005:0000006c       $pdata$_ZN7Sysinit19InterlockedExchangeERii 000000014002d06c     sysinit.o
 0005:00000078       $pdata$_ZN7Sysinit26InterlockedExchangePointerERPvS0_ 000000014002d078     sysinit.o
 0005:00000084       $pdata$_ZN7Sysinit17SetDliNotifyHook2EPFPv15dliNotificationP13DelayLoadInfoE 000000014002d084     sysinit.o
 0005:00000090       $pdata$_ZN7Sysinit14DliNotifyHook2Ev 000000014002d090     sysinit.o
 0005:0000009c       $pdata$_ZN7Sysinit18SetDliFailureHook2EPFPv15dliNotificationP13DelayLoadInfoE 000000014002d09c     sysinit.o
 0005:000000a8       $pdata$_ZN7Sysinit15DliFailureHook2Ev 000000014002d0a8     sysinit.o
 0005:000000b4       $pdata$_ZN7Sysinit17_DelayLoadHelper2ERPvS0_ 000000014002d0b4     sysinit.o
 0005:000000c0       $pdata$_ZN7Sysinit21UnloadDelayLoadedDLL2EPc 000000014002d0c0     sysinit.o
 0005:000000cc       $pdata$_ZN7Sysinit20LoadAllImportsForDllEPc 000000014002d0cc     sysinit.o
 0005:000000d8       $pdata$_ZN7Sysinit14AllocTlsBufferEi 000000014002d0d8     sysinit.o
 0005:000000e4       $pdata$_ZN7Sysinit10GetTlsSizeEv 000000014002d0e4     sysinit.o
 0005:000000f0       $pdata$_ZN7Sysinit13InitThreadTLSEv 000000014002d0f0     sysinit.o
 0005:000000fc       $pdata$_ZN7Sysinit14InitProcessTLSEv 000000014002d0fc     sysinit.o
 0005:00000108       $pdata$_ZN7Sysinit13ExitThreadTLSEv 000000014002d108     sysinit.o
 0005:00000114       $pdata$_ZN7Sysinit14ExitProcessTLSEv 000000014002d114     sysinit.o
 0005:00000120       $pdata$_ZN7Sysinit6isWineEv 000000014002d120     sysinit.o
 0005:0000012c       $pdata$_ZN7Sysinit7_GetTlsEv 000000014002d12c     sysinit.o
 0005:00000138       $pdata$_ZN7Sysinit16InitializeModuleEv 000000014002d138     sysinit.o
 0005:00000144       $pdata$_ZN7Sysinit18UninitializeModuleEv 000000014002d144     sysinit.o
 0005:00000150       $pdata$_ZN7Sysinit7VclInitEbbyb 000000014002d150     sysinit.o
 0005:0000015c       $pdata$_ZN7Sysinit7VclExitEv 000000014002d15c     sysinit.o
 0005:00000168       $pdata$_ZN7Sysinit14__dbkDummyProcEv 000000014002d168     sysinit.o
 0005:00000174       $pdata$_ZN7Sysinit14__dbkFCallArgsEPvS0_S0_S0_S0_S0_S0_S0_S0_S0_S0_S0_S0_S0_S0_S0_S0_S0_S0_S0_S0_S0_S0_S0_S0_S0_S0_S0_S0_S0_ 000000014002d174     sysinit.o
 0005:00000180       $pdata$_ZN7Sysinit19__dbk_fcall_wrapperEv 000000014002d180     sysinit.o
 0005:00000198       $pdata$_ZN7Sysinit8_InitPkgEyiPv 000000014002d198     sysinit.o
 0005:000001a4       $pdata$_ZN7Sysinit12_PackageLoadEPN6System16PackageInfoTableE 000000014002d1a4     sysinit.o
 0005:000001b0       $pdata$_ZN7Sysinit14_PackageUnloadEPN6System16PackageInfoTableE 000000014002d1b0     sysinit.o
 0005:000001bc       $pdata$_ZN7Sysinit8_InitLibEPN6System12TInitContextEPNS0_16PackageInfoTableEyjPv 000000014002d1bc     sysinit.o
 0005:000001c8       $pdata$_ZN7Sysinit8_InitExeEPv 000000014002d1c8     sysinit.o
 0005:000001d4       $pdata$delayhlp            000000014002d1d4     sysinit.o
 0005:00000204       $pdata$_ZN7Sysinit12FinalizationEv 000000014002d204     sysinit.o
 0005:00000210       $pdata$_ZN7Sysinit14initializationEv 000000014002d210     sysinit.o
 0005:000026a0       $pdata$_ZN6System8Internal7Strhlpr15UnicodeFromAnsiERNS_13UnicodeStringERNS_11AnsiStringTILt65535EEE 000000014002f6a0     rtl:System.Internal.StrHlpr.o
 0005:000026ac       $pdata$_ZN6System8Internal7Strhlpr16UnicodeFromPCharERNS_13UnicodeStringEPcb 000000014002f6ac     rtl:System.Internal.StrHlpr.o
 0005:000026c4       $pdata$_ZN6System8Internal7Strhlpr15UnicodeFromUTF8ERNS_13UnicodeStringEPKc 000000014002f6c4     rtl:System.Internal.StrHlpr.o
 0005:000026d0       $pdata$_ZN6System8Internal7Strhlpr20UnicodeFromPWideCharERNS_13UnicodeStringEPw 000000014002f6d0     rtl:System.Internal.StrHlpr.o
 0005:000026dc       $pdata$_ZN6System8Internal7Strhlpr13UnicodeAppendERNS_13UnicodeStringES3_ 000000014002f6dc     rtl:System.Internal.StrHlpr.o
 0005:000026e8       $pdata$_ZN6System8Internal7Strhlpr10UnicodeCatERNS_13UnicodeStringES3_ 000000014002f6e8     rtl:System.Internal.StrHlpr.o
 0005:000026f4       $pdata$_ZN6System8Internal7Strhlpr13UnicodeDeleteERNS_13UnicodeStringEii 000000014002f6f4     rtl:System.Internal.StrHlpr.o
 0005:00002700       $pdata$_ZN6System8Internal7Strhlpr16UnicodeSetLengthERNS_13UnicodeStringEi 000000014002f700     rtl:System.Internal.StrHlpr.o
 0005:0000270c       $pdata$_ZN6System8Internal7Strhlpr10UnicodePosERNS_13UnicodeStringES3_ 000000014002f70c     rtl:System.Internal.StrHlpr.o
 0005:00002718       $pdata$_ZN6System8Internal7Strhlpr11UnicodeCopyERNS_13UnicodeStringEii 000000014002f718     rtl:System.Internal.StrHlpr.o
 0005:00002724       $pdata$_ZN6System8Internal7Strhlpr13UnicodeInsertERNS_13UnicodeStringES3_i 000000014002f724     rtl:System.Internal.StrHlpr.o
 0005:00002730       $pdata$_ZN6System8Internal7Strhlpr13UnicodeAssignERNS_13UnicodeStringES3_ 000000014002f730     rtl:System.Internal.StrHlpr.o
 0005:0000273c       $pdata$_ZN6System8Internal7Strhlpr11UnicodeFreeERNS_13UnicodeStringE 000000014002f73c     rtl:System.Internal.StrHlpr.o
 0005:00002748       $pdata$_ZN6System8Internal7Strhlpr12UnicodeEqualERNS_13UnicodeStringES3_ 000000014002f748     rtl:System.Internal.StrHlpr.o
 0005:00002754       $pdata$_ZN6System8Internal7Strhlpr11UnicodeLessERNS_13UnicodeStringES3_ 000000014002f754     rtl:System.Internal.StrHlpr.o
 0005:00002760       $pdata$_ZN6System8Internal7Strhlpr14UnicodeGreaterERNS_13UnicodeStringES3_ 000000014002f760     rtl:System.Internal.StrHlpr.o
 0005:0000276c       $pdata$_ZN6System8Internal7Strhlpr10AnsiAppendERNS_11AnsiStringTILt65535EEES4_ 000000014002f76c     rtl:System.Internal.StrHlpr.o
 0005:00002778       $pdata$_ZN6System8Internal7Strhlpr7AnsiCatERNS_11AnsiStringTILt65535EEES4_ 000000014002f778     rtl:System.Internal.StrHlpr.o
 0005:00002784       $pdata$_ZN6System8Internal7Strhlpr10AnsiDeleteERNS_11AnsiStringTILt65535EEEii 000000014002f784     rtl:System.Internal.StrHlpr.o
 0005:00002790       $pdata$_ZN6System8Internal7Strhlpr13AnsiSetLengthERNS_11AnsiStringTILt65535EEEi 000000014002f790     rtl:System.Internal.StrHlpr.o
 0005:0000279c       $pdata$_ZN6System8Internal7Strhlpr7AnsiPosERNS_11AnsiStringTILt65535EEES4_ 000000014002f79c     rtl:System.Internal.StrHlpr.o
 0005:000027a8       $pdata$_ZN6System8Internal7Strhlpr8AnsiCopyERNS_11AnsiStringTILt65535EEEii 000000014002f7a8     rtl:System.Internal.StrHlpr.o
 0005:000027b4       $pdata$_ZN6System8Internal7Strhlpr10AnsiInsertERNS_11AnsiStringTILt65535EEES4_i 000000014002f7b4     rtl:System.Internal.StrHlpr.o
 0005:000027c0       $pdata$_ZN6System8Internal7Strhlpr9AnsiEqualERNS_11AnsiStringTILt65535EEES4_ 000000014002f7c0     rtl:System.Internal.StrHlpr.o
 0005:000027cc       $pdata$_ZN6System8Internal7Strhlpr11AnsiGreaterERNS_11AnsiStringTILt65535EEES4_ 000000014002f7cc     rtl:System.Internal.StrHlpr.o
 0005:000027d8       $pdata$_ZN6System8Internal7Strhlpr8AnsiLessERNS_11AnsiStringTILt65535EEES4_ 000000014002f7d8     rtl:System.Internal.StrHlpr.o
 0005:000027e4       $pdata$_ZN6System8Internal7Strhlpr10AnsiAssignERNS_11AnsiStringTILt65535EEES4_ 000000014002f7e4     rtl:System.Internal.StrHlpr.o
 0005:000027f0       $pdata$_ZN6System8Internal7Strhlpr8AnsiFreeERNS_11AnsiStringTILt65535EEE 000000014002f7f0     rtl:System.Internal.StrHlpr.o
 0005:000027fc       $pdata$_ZN6System8Internal7Strhlpr10WideAssignERNS_10WideStringES3_ 000000014002f7fc     rtl:System.Internal.StrHlpr.o
 0005:00002808       $pdata$_ZN6System8Internal7Strhlpr8WideFreeERNS_10WideStringE 000000014002f808     rtl:System.Internal.StrHlpr.o
 0005:00002814       $pdata$_ZN6System8Internal7Strhlpr12WideFromAnsiERNS_10WideStringERNS_11AnsiStringTILt65535EEE 000000014002f814     rtl:System.Internal.StrHlpr.o
 0005:00002820       $pdata$_ZN6System8Internal7Strhlpr15WideFromUnicodeERNS_10WideStringERNS_13UnicodeStringE 000000014002f820     rtl:System.Internal.StrHlpr.o
 0005:0000282c       $pdata$_ZN6System8Internal7Strhlpr13WideFromPCharERNS_10WideStringEPcb 000000014002f82c     rtl:System.Internal.StrHlpr.o
 0005:00002844       $pdata$_ZN6System8Internal7Strhlpr9WideEqualERNS_10WideStringES3_ 000000014002f844     rtl:System.Internal.StrHlpr.o
 0005:00002850       $pdata$_ZN6System8Internal7Strhlpr8WideLessERNS_10WideStringES3_ 000000014002f850     rtl:System.Internal.StrHlpr.o
 0005:0000285c       $pdata$_ZN6System8Internal7Strhlpr11WideGreaterERNS_10WideStringES3_ 000000014002f85c     rtl:System.Internal.StrHlpr.o
 0005:00002868       $pdata$_ZN6System8Internal7Strhlpr7WideCatERNS_10WideStringES3_ 000000014002f868     rtl:System.Internal.StrHlpr.o
 0005:00002874       $pdata$_ZN6System8Internal7Strhlpr10WideLengthERNS_10WideStringE 000000014002f874     rtl:System.Internal.StrHlpr.o
 0005:00002880       $pdata$_ZN6System8Internal7Strhlpr7WidePosERNS_10WideStringES3_ 000000014002f880     rtl:System.Internal.StrHlpr.o
 0005:0000288c       $pdata$_ZN6System8Internal7Strhlpr13WideSetLengthERNS_10WideStringEi 000000014002f88c     rtl:System.Internal.StrHlpr.o
 0005:00002898       $pdata$_ZN6System8Internal7Strhlpr10WideDeleteERNS_10WideStringEii 000000014002f898     rtl:System.Internal.StrHlpr.o
 0005:000028a4       $pdata$_ZN6System8Internal7Strhlpr10WideInsertERNS_10WideStringES3_i 000000014002f8a4     rtl:System.Internal.StrHlpr.o
 0005:000028b0       $pdata$_ZN6System8Internal7Strhlpr8WideCopyERNS_10WideStringEii 000000014002f8b0     rtl:System.Internal.StrHlpr.o
 0005:000028bc       $pdata$_ZN6System8Internal7Strhlpr10WideAppendERNS_10WideStringES3_ 000000014002f8bc     rtl:System.Internal.StrHlpr.o
 0005:000028c8       $pdata$_ZN6System8Internal7Strhlpr12WideFromUTF8ERNS_10WideStringEPKc 000000014002f8c8     rtl:System.Internal.StrHlpr.o
 0005:000028e0       $pdata$_ZN6System8Internal7Strhlpr15UnicodeFromWideERNS_13UnicodeStringERNS_10WideStringE 000000014002f8e0     rtl:System.Internal.StrHlpr.o
 0005:000028ec       $pdata$_ZN6System8Internal7Strhlpr12FinalizationEv 000000014002f8ec     rtl:System.Internal.StrHlpr.o
 0005:000028f8       $pdata$_ZN6System8Internal7Strhlpr14initializationEv 000000014002f8f8     rtl:System.Internal.StrHlpr.o
 0005:00002d30       $pdata$_ZN6System8Internal7Initcpp23SelectForInitializationEPNS1_20TUnitDescriptorBlockES3_ 000000014002fd30     rtl:System.Internal.InitCPP.o
 0005:00002d3c       $pdata$_ZN6System8Internal7Initcpp23SelectForInitializationEPPNS1_20TUnitDescriptorBlockES4_ 000000014002fd3c     rtl:System.Internal.InitCPP.o
 0005:00002d48       $pdata$_ZN6System8Internal7Initcpp15InitializeUnitsEPNS1_20TUnitDescriptorBlockES3_ 000000014002fd48     rtl:System.Internal.InitCPP.o
 0005:00002d54       $pdata$_ZN6System8Internal7Initcpp13FinalizeUnitsEPNS1_20TUnitDescriptorBlockES3_ 000000014002fd54     rtl:System.Internal.InitCPP.o
 0005:00002d60       $pdata$_ZN6System8Internal7Initcpp15InitializeUnitsEPPNS1_20TUnitDescriptorBlockES4_ 000000014002fd60     rtl:System.Internal.InitCPP.o
 0005:00002d6c       $pdata$_ZN6System8Internal7Initcpp13FinalizeUnitsEPPNS1_20TUnitDescriptorBlockES4_ 000000014002fd6c     rtl:System.Internal.InitCPP.o
 0005:00002d78       $pdata$_ZN6System8Internal7Initcpp15InitializeUnitsEPNS1_15TUnitDescriptorES3_ 000000014002fd78     rtl:System.Internal.InitCPP.o
 0005:00002d84       $pdata$_ZN6System8Internal7Initcpp13FinalizeUnitsEPNS1_15TUnitDescriptorES3_ 000000014002fd84     rtl:System.Internal.InitCPP.o
 0005:00002d90       $pdata$_ZN6System8Internal7Initcpp15CalculateDegreeEPNS1_20TUnitDescriptorBlockES3_ 000000014002fd90     rtl:System.Internal.InitCPP.o
 0005:00002d9c       $pdata$_ZN6System8Internal7Initcpp15CalculateDegreeEPPNS1_20TUnitDescriptorBlockES4_ 000000014002fd9c     rtl:System.Internal.InitCPP.o
 0005:00002da8       $pdata$_ZN6System8Internal7Initcpp16FinalizeUnitListEPPPNS1_15TUnitDescriptorES5_ 000000014002fda8     rtl:System.Internal.InitCPP.o
 0005:00002dc0       $pdata$_ZN6System8Internal7Initcpp18InitializeRootUnitEPNS1_15TUnitDescriptorE 000000014002fdc0     rtl:System.Internal.InitCPP.o
 0005:00002dfc       $pdata$_ZN6System8Internal7Initcpp16FinalizeRootUnitEPNS1_15TUnitDescriptorE 000000014002fdfc     rtl:System.Internal.InitCPP.o
 0005:00002e14       $pdata$_ZN6System8Internal7Initcpp12FinalizationEv 000000014002fe14     rtl:System.Internal.InitCPP.o
 0005:00002e20       $pdata$_ZN6System8Internal7Initcpp14initializationEv 000000014002fe20     rtl:System.Internal.InitCPP.o
 000b:000003b0       $R000000                   00000001400353b0     internal .obj file created from .res files
 000b:00000618       $R000001                   0000000140035618     internal .obj file created from .res files
 000b:000007c8       $R000002                   00000001400357c8     internal .obj file created from .res files
 000b:000009e0       $R000003                   00000001400359e0     internal .obj file created from .res files
 000b:00002008       $R000004                   0000000140037008     internal .obj file created from .res files
 000b:00002eb0       $R000005                   0000000140037eb0     internal .obj file created from .res files
 000b:00003758       $R000006                   0000000140038758     internal .obj file created from .res files
 000b:00003cc0       $R000007                   0000000140038cc0     internal .obj file created from .res files
 000b:0000a180       $R000008                   000000014003f180     internal .obj file created from .res files
 000b:0001a9a8       $R000009                   000000014004f9a8     internal .obj file created from .res files
 000b:0001ebd0       $R00000A                   0000000140053bd0     internal .obj file created from .res files
 000b:0001f558       $R00000B                   0000000140054558     internal .obj file created from .res files
 000b:0001f9c0       $R00000C                   00000001400549c0     internal .obj file created from .res files
 000b:0001fa48       $R00000D                   0000000140054a48     internal .obj file created from .res files
 000b:00020158       $R00000E                   0000000140055158     internal .obj file created from .res files
