 sudokosolver

 Timestamp is 67252bab (Sat Nov  2 00:57:39 2024)

 Preferred load address is 0000000140000000

 Start         Length     Name                   Class
 0001:00000000 00002530H .text                   CODE
 0001:00002530 00000023H .text$_ZN6System7Classes15TComponentClassC1EPNS_10TMetaClassE CODE
 0001:00002560 0000000eH .text$__clang_call_terminate CODE
 0001:00002570 00000023H .text$_ZN6System7Classes15TComponentClassC2EPNS_10TMetaClassE CODE
 0001:000025a0 0000001eH .text$_ZN6System15DelphiMetaClassINS_7Classes15TComponentClassEEC2EPNS_10TMetaClassE CODE
 0001:000025c0 00002a8fH .text                   CODE
 0001:00005050 00000023H .text$_ZNSt3__16vectorINS_3setIiNS_4lessIiEENS_9allocatorIiEEEENS4_IS6_EEEC1Ey CODE
 0001:00005080 0000002dH .text$_ZNSt3__16vectorINS0_INS_3setIiNS_4lessIiEENS_9allocatorIiEEEENS4_IS6_EEEENS4_IS8_EEEC1EyRKS8_ CODE
 0001:000050b0 00000019H .text$_ZNSt3__16vectorINS_3setIiNS_4lessIiEENS_9allocatorIiEEEENS4_IS6_EEED1B6v15007Ev CODE
 0001:000050d0 00000019H .text$_ZNSt3__16vectorINS0_INS_3setIiNS_4lessIiEENS_9allocatorIiEEEENS4_IS6_EEEENS4_IS8_EEED1B6v15007Ev CODE
 0001:000050f0 00000075H .text$_ZN3Vcl5Forms5TFormC3EPN6System7Classes10TComponentE CODE
 0001:00005170 0000004cH .text$_ZN3Vcl5Forms5TFormD0Ev CODE
 0001:000051c0 00000022H .text$_ZNSt3__16vectorINS0_IiNS_9allocatorIiEEEENS1_IS3_EEEixB6v15007Ey CODE
 0001:000051f0 00000025H .text$_ZNSt3__16vectorIiNS_9allocatorIiEEEixB6v15007Ey CODE
 0001:00005220 00000029H .text$_ZNSt3__1eqB6v15007ERKNS_21__hash_const_iteratorIPNS_11__hash_nodeIiPvEEEES7_ CODE
 0001:00005250 00000022H .text$_ZNSt3__16vectorINS_13unordered_setIiNS_4hashIiEENS_8equal_toIiEENS_9allocatorIiEEEENS6_IS8_EEEixB6v15007Ey CODE
 0001:00005280 0000003bH .text$_ZNSt3__113unordered_setIiNS_4hashIiEENS_8equal_toIiEENS_9allocatorIiEEE4findB6v15007ERKi CODE
 0001:000052c0 00000031H .text$_ZNSt3__113unordered_setIiNS_4hashIiEENS_8equal_toIiEENS_9allocatorIiEEE3endB6v15007Ev CODE
 0001:00005300 00000022H .text$_ZNSt3__16vectorINS0_INS_3setIiNS_4lessIiEENS_9allocatorIiEEEENS4_IS6_EEEENS4_IS8_EEEixB6v15007Ey CODE
 0001:00005330 00000022H .text$_ZNSt3__16vectorINS_3setIiNS_4lessIiEENS_9allocatorIiEEEENS4_IS6_EEEixB6v15007Ey CODE
 0001:00005360 0000004dH .text$_ZNSt3__13setIiNS_4lessIiEENS_9allocatorIiEEE6insertB6v15007ERKi CODE
 0001:000053b0 0000004dH .text$_ZNSt3__113unordered_setIiNS_4hashIiEENS_8equal_toIiEENS_9allocatorIiEEE6insertB6v15007ERKi CODE
 0001:00005400 00000023H .text$_ZNSt3__13setIiNS_4lessIiEENS_9allocatorIiEEE5eraseB6v15007ERKi CODE
 0001:00005430 00000023H .text$_ZNSt3__113unordered_setIiNS_4hashIiEENS_8equal_toIiEENS_9allocatorIiEEE5eraseB6v15007ERKi CODE
 0001:00005460 0000002dH .text$_ZNSt3__14pairIiiEC1B6v15007IiiLPv0EEEOT_OT0_ CODE
 0001:00005490 0000001bH .text$_ZNKSt3__13setIiNS_4lessIiEENS_9allocatorIiEEE4sizeB6v15007Ev CODE
 0001:000054b0 0000002dH .text$_ZNSt3__14pairIiiEC1B6v15007IRiS3_LPv0EEEOT_OT0_ CODE
 0001:000054e0 00000029H .text$_ZNSt3__14pairIiiEaSB6v15007EOS1_ CODE
 0001:00005510 00000019H .text$_ZNSt3__113unordered_setIiNS_4hashIiEENS_8equal_toIiEENS_9allocatorIiEEEC1B6v15007Ev CODE
 0001:00005530 00000022H .text$_ZNKSt3__16vectorINS0_IiNS_9allocatorIiEEEENS1_IS3_EEEixB6v15007Ey CODE
 0001:00005560 00000025H .text$_ZNKSt3__16vectorIiNS_9allocatorIiEEEixB6v15007Ey CODE
 0001:00005590 00000029H .text$_ZNSt3__1neB6v15007ERKNS_21__hash_const_iteratorIPNS_11__hash_nodeIiPvEEEES7_ CODE
 0001:000055c0 00000019H .text$_ZNSt3__113unordered_setIiNS_4hashIiEENS_8equal_toIiEENS_9allocatorIiEEED1B6v15007Ev CODE
 0001:000055e0 00000019H .text$_ZNKSt3__112basic_stringIcNS_11char_traitsIcEENS_9allocatorIcEEE5c_strB6v15007Ev CODE
 0001:00005600 00000031H .text$_ZNSt3__13setIiNS_4lessIiEENS_9allocatorIiEEE5beginB6v15007Ev CODE
 0001:00005640 00000031H .text$_ZNSt3__13setIiNS_4lessIiEENS_9allocatorIiEEE3endB6v15007Ev CODE
 0001:00005680 00000029H .text$_ZNSt3__1neB6v15007ERKNS_21__tree_const_iteratorIiPNS_11__tree_nodeIiPvEExEES7_ CODE
 0001:000056b0 0000001cH .text$_ZNKSt3__121__tree_const_iteratorIiPNS_11__tree_nodeIiPvEExEdeB6v15007Ev CODE
 0001:000056d0 0000002bH .text$_ZNSt3__121__tree_const_iteratorIiPNS_11__tree_nodeIiPvEExEppB6v15007Ev CODE
 0001:00005700 0000002dH .text$_ZNSt3__16vectorIiNS_9allocatorIiEEEC1EyRKi CODE
 0001:00005730 0000002dH .text$_ZNSt3__16vectorINS0_IiNS_9allocatorIiEEEENS1_IS3_EEEC1EyRKS3_ CODE
 0001:00005760 00000019H .text$_ZNSt3__16vectorIiNS_9allocatorIiEEED1B6v15007Ev CODE
 0001:00005780 00000023H .text$_ZNSt3__16vectorINS_13unordered_setIiNS_4hashIiEENS_8equal_toIiEENS_9allocatorIiEEEENS6_IS8_EEEC1Ey CODE
 0001:000057b0 00000019H .text$_ZNSt3__16vectorINS_13unordered_setIiNS_4hashIiEENS_8equal_toIiEENS_9allocatorIiEEEENS6_IS8_EEED1B6v15007Ev CODE
 0001:000057d0 00000019H .text$_ZNSt3__16vectorINS0_IiNS_9allocatorIiEEEENS1_IS3_EEED1B6v15007Ev CODE
 0001:000057f0 0000004cH .text$_ZN6TForm1D0Ev    CODE
 0001:00005840 0000007fH .text$_ZN3Vcl5Forms5TFormC3EPN6System7Classes10TComponentEi CODE
 0001:000058c0 00000091H .text$_ZN3Vcl5Forms5TFormC3EPN6System7Classes10TComponentEii CODE
 0001:00005960 0000002eH .text$_ZNSt3__14pairIiiEC2B6v15007IiiLPv0EEEOT_OT0_ CODE
 0001:00005990 0000002eH .text$_ZNSt3__14pairIiiEC2B6v15007IRiS3_LPv0EEEOT_OT0_ CODE
 0001:000059c0 00000021H .text$_ZNKSt3__112basic_stringIcNS_11char_traitsIcEENS_9allocatorIcEEE4dataB6v15007Ev CODE
 0001:000059f0 0000000bH .text$_ZNSt3__112__to_addressB6v15007IKcEEPT_S3_ CODE
 0001:00005a00 00000052H .text$_ZNKSt3__112basic_stringIcNS_11char_traitsIcEENS_9allocatorIcEEE13__get_pointerB6v15007Ev CODE
 0001:00005a60 00000026H .text$_ZNKSt3__112basic_stringIcNS_11char_traitsIcEENS_9allocatorIcEEE9__is_longB6v15007Ev CODE
 0001:00005a90 0000001cH .text$_ZNKSt3__112basic_stringIcNS_11char_traitsIcEENS_9allocatorIcEEE18__get_long_pointerB6v15007Ev CODE
 0001:00005ab0 00000025H .text$_ZNKSt3__112basic_stringIcNS_11char_traitsIcEENS_9allocatorIcEEE19__get_short_pointerB6v15007Ev CODE
 0001:00005ae0 00000019H .text$_ZNKSt3__117__compressed_pairINS_12basic_stringIcNS_11char_traitsIcEENS_9allocatorIcEEE5__repES5_E5firstB6v15007Ev CODE
 0001:00005b00 0000000bH .text$_ZNKSt3__122__compressed_pair_elemINS_12basic_stringIcNS_11char_traitsIcEENS_9allocatorIcEEE5__repELi0ELb0EE5__getB6v15007Ev CODE
 0001:00005b10 0000000bH .text$_ZNSt3__114pointer_traitsIPKcE10pointer_toB6v15007ERS1_ CODE
 0001:00005b20 000000ebH .text$_ZNSt3__16vectorINS_3setIiNS_4lessIiEENS_9allocatorIiEEEENS4_IS6_EEEC2Ey CODE
 0001:00005c10 0000002dH .text$_ZNSt3__117__compressed_pairIPNS_3setIiNS_4lessIiEENS_9allocatorIiEEEENS4_IS6_EEEC1B6v15007IDnNS_18__default_init_tagEEEOT_OT0_ CODE
 0001:00005c40 00000034H .text$_ZNSt3__118__make_transactionB6v15007INS_6vectorINS_3setIiNS_4lessIiEENS_9allocatorIiEEEENS5_IS7_EEE16__destroy_vectorEEENS_13__transactionIT_EESC_ CODE
 0001:00005c80 00000023H .text$_ZNSt3__16vectorINS_3setIiNS_4lessIiEENS_9allocatorIiEEEENS4_IS6_EEE16__destroy_vectorC1ERS8_ CODE
 0001:00005cb0 00000007H .text$_ZNSt3__119__debug_db_insert_cB6v15007INS_6vectorINS_3setIiNS_4lessIiEENS_9allocatorIiEEEENS5_IS7_EEEEEEvPT_ CODE
 0001:00005cc0 000000a6H .text$_ZNSt3__16vectorINS_3setIiNS_4lessIiEENS_9allocatorIiEEEENS4_IS6_EEE11__vallocateB6v15007Ey CODE
 0001:00005d70 000000cbH .text$_ZNSt3__16vectorINS_3setIiNS_4lessIiEENS_9allocatorIiEEEENS4_IS6_EEE18__construct_at_endEy CODE
 0001:00005e40 0000000fH .text$_ZNSt3__113__transactionINS_6vectorINS_3setIiNS_4lessIiEENS_9allocatorIiEEEENS5_IS7_EEE16__destroy_vectorEE10__completeB6v15007Ev CODE
 0001:00005e50 00000019H .text$_ZNSt3__113__transactionINS_6vectorINS_3setIiNS_4lessIiEENS_9allocatorIiEEEENS5_IS7_EEE16__destroy_vectorEED1B6v15007Ev CODE
 0001:00005e70 0000003bH .text$_ZNSt3__117__compressed_pairIPNS_3setIiNS_4lessIiEENS_9allocatorIiEEEENS4_IS6_EEEC2B6v15007IDnNS_18__default_init_tagEEEOT_OT0_ CODE
 0001:00005eb0 0000001eH .text$_ZNSt3__122__compressed_pair_elemIPNS_3setIiNS_4lessIiEENS_9allocatorIiEEEELi0ELb0EEC2B6v15007IDnvEEOT_ CODE
 0001:00005ed0 0000001dH .text$_ZNSt3__122__compressed_pair_elemINS_9allocatorINS_3setIiNS_4lessIiEENS1_IiEEEEEELi1ELb1EEC2B6v15007ENS_18__default_init_tagE CODE
 0001:00005ef0 00000019H .text$_ZNSt3__19allocatorINS_3setIiNS_4lessIiEENS0_IiEEEEEC2B6v15007Ev CODE
 0001:00005f10 00000007H .text$_ZNSt3__116__non_trivial_ifILb1ENS_9allocatorINS_3setIiNS_4lessIiEENS1_IiEEEEEEEC2B6v15007Ev CODE
 0001:00005f20 00000023H .text$_ZNSt3__113__transactionINS_6vectorINS_3setIiNS_4lessIiEENS_9allocatorIiEEEENS5_IS7_EEE16__destroy_vectorEEC1B6v15007ESA_ CODE
 0001:00005f50 00000022H .text$_ZNSt3__113__transactionINS_6vectorINS_3setIiNS_4lessIiEENS_9allocatorIiEEEENS5_IS7_EEE16__destroy_vectorEEC2B6v15007ESA_ CODE
 0001:00005f80 0000001eH .text$_ZNSt3__16vectorINS_3setIiNS_4lessIiEENS_9allocatorIiEEEENS4_IS6_EEE16__destroy_vectorC2ERS8_ CODE
 0001:00005fa0 00000059H .text$_ZNKSt3__16vectorINS_3setIiNS_4lessIiEENS_9allocatorIiEEEENS4_IS6_EEE8max_sizeEv CODE
 0001:00006000 00000016H .text$_ZNKSt3__16vectorINS_3setIiNS_4lessIiEENS_9allocatorIiEEEENS4_IS6_EEE20__throw_length_errorB6v15007Ev CODE
 0001:00006020 0000004dH .text$_ZNSt3__119__allocate_at_leastB6v15007INS_9allocatorINS_3setIiNS_4lessIiEENS1_IiEEEEEEEENS_19__allocation_resultINS_16allocator_traitsIT_E7pointerEEERSA_y CODE
 0001:00006070 0000001dH .text$_ZNSt3__16vectorINS_3setIiNS_4lessIiEENS_9allocatorIiEEEENS4_IS6_EEE7__allocB6v15007Ev CODE
 0001:00006090 0000001dH .text$_ZNSt3__16vectorINS_3setIiNS_4lessIiEENS_9allocatorIiEEEENS4_IS6_EEE9__end_capB6v15007Ev CODE
 0001:000060b0 000000b3H .text$_ZNKSt3__16vectorINS_3setIiNS_4lessIiEENS_9allocatorIiEEEENS4_IS6_EEE14__annotate_newB6v15007Ey CODE
 0001:00006170 00000028H .text$_ZNSt3__13minB6v15007IyEERKT_S3_S3_ CODE
 0001:000061a0 00000019H .text$_ZNSt3__116allocator_traitsINS_9allocatorINS_3setIiNS_4lessIiEENS1_IiEEEEEEE8max_sizeB6v15007IS7_vEEyRKS7_ CODE
 0001:000061c0 0000001dH .text$_ZNKSt3__16vectorINS_3setIiNS_4lessIiEENS_9allocatorIiEEEENS4_IS6_EEE7__allocB6v15007Ev CODE
 0001:000061e0 0000000fH .text$_ZNSt3__114numeric_limitsIxE3maxB6v15007Ev CODE
 0001:000061f0 00000057H .text$_ZNSt3__13minB6v15007IyNS_6__lessIyyEEEERKT_S5_S5_T0_ CODE
 0001:00006250 0000002eH .text$_ZNKSt3__16__lessIyyEclB6v15007ERKyS3_ CODE
 0001:00006280 00000011H .text$_ZNKSt3__19allocatorINS_3setIiNS_4lessIiEENS0_IiEEEEE8max_sizeB6v15007Ev CODE
 0001:000062a0 00000019H .text$_ZNKSt3__117__compressed_pairIPNS_3setIiNS_4lessIiEENS_9allocatorIiEEEENS4_IS6_EEE6secondB6v15007Ev CODE
 0001:000062c0 0000000bH .text$_ZNKSt3__122__compressed_pair_elemINS_9allocatorINS_3setIiNS_4lessIiEENS1_IiEEEEEELi1ELb1EE5__getB6v15007Ev CODE
 0001:000062d0 0000000bH .text$_ZNSt3__123__libcpp_numeric_limitsIxLb1EE3maxB6v15007Ev CODE
 0001:000062e0 00000070H .text$_ZNSt3__120__throw_length_errorB6v15007EPKc CODE
 0001:00006350 00000023H .text$_ZNSt12length_errorC1B6v15007EPKc CODE
 0001:00006380 0000003aH .text$_ZNSt12length_errorC2B6v15007EPKc CODE
 0001:000063c0 0000004eH .text$_ZNSt3__19allocatorINS_3setIiNS_4lessIiEENS0_IiEEEEE8allocateB6v15007Ey CODE
 0001:00006410 00000034H .text$_ZSt28__throw_bad_array_new_lengthB6v15007v CODE
 0001:00006450 00000061H .text$_ZNSt3__117__libcpp_allocateB6v15007Eyy CODE
 0001:000064c0 00000014H .text$_ZNSt3__124__is_overaligned_for_newB6v15007Ey CODE
 0001:000064e0 00000023H .text$_ZNSt3__121__libcpp_operator_newB6v15007IJySt11align_val_tEEEPvDpT_ CODE
 0001:00006510 00000019H .text$_ZNSt3__121__libcpp_operator_newB6v15007IJyEEEPvDpT_ CODE
 0001:00006530 00000019H .text$_ZNSt3__117__compressed_pairIPNS_3setIiNS_4lessIiEENS_9allocatorIiEEEENS4_IS6_EEE6secondB6v15007Ev CODE
 0001:00006550 0000000bH .text$_ZNSt3__122__compressed_pair_elemINS_9allocatorINS_3setIiNS_4lessIiEENS1_IiEEEEEELi1ELb1EE5__getB6v15007Ev CODE
 0001:00006560 00000019H .text$_ZNSt3__117__compressed_pairIPNS_3setIiNS_4lessIiEENS_9allocatorIiEEEENS4_IS6_EEE5firstB6v15007Ev CODE
 0001:00006580 0000000bH .text$_ZNSt3__122__compressed_pair_elemIPNS_3setIiNS_4lessIiEENS_9allocatorIiEEEELi0ELb0EE5__getB6v15007Ev CODE
 0001:00006590 00000021H .text$_ZNKSt3__16vectorINS_3setIiNS_4lessIiEENS_9allocatorIiEEEENS4_IS6_EEE31__annotate_contiguous_containerB6v15007EPKvSA_SA_SA_ CODE
 0001:000065c0 0000001cH .text$_ZNKSt3__16vectorINS_3setIiNS_4lessIiEENS_9allocatorIiEEEENS4_IS6_EEE4dataB6v15007Ev CODE
 0001:000065e0 00000035H .text$_ZNKSt3__16vectorINS_3setIiNS_4lessIiEENS_9allocatorIiEEEENS4_IS6_EEE8capacityB6v15007Ev CODE
 0001:00006620 0000000bH .text$_ZNSt3__112__to_addressB6v15007INS_3setIiNS_4lessIiEENS_9allocatorIiEEEEEEPT_S8_ CODE
 0001:00006630 0000001dH .text$_ZNKSt3__16vectorINS_3setIiNS_4lessIiEENS_9allocatorIiEEEENS4_IS6_EEE9__end_capB6v15007Ev CODE
 0001:00006650 00000019H .text$_ZNKSt3__117__compressed_pairIPNS_3setIiNS_4lessIiEENS_9allocatorIiEEEENS4_IS6_EEE5firstB6v15007Ev CODE
 0001:00006670 0000000bH .text$_ZNKSt3__122__compressed_pair_elemIPNS_3setIiNS_4lessIiEENS_9allocatorIiEEEELi0ELb0EE5__getB6v15007Ev CODE
 0001:00006680 0000002dH .text$_ZNSt3__16vectorINS_3setIiNS_4lessIiEENS_9allocatorIiEEEENS4_IS6_EEE21_ConstructTransactionC1ERS8_y CODE
 0001:000066b0 00000023H .text$_ZNSt3__116allocator_traitsINS_9allocatorINS_3setIiNS_4lessIiEENS1_IiEEEEEEE9constructB6v15007IS6_JEvEEvRS7_PT_DpOT0_ CODE
 0001:000066e0 00000019H .text$_ZNSt3__16vectorINS_3setIiNS_4lessIiEENS_9allocatorIiEEEENS4_IS6_EEE21_ConstructTransactionD1Ev CODE
 0001:00006700 00000046H .text$_ZNSt3__16vectorINS_3setIiNS_4lessIiEENS_9allocatorIiEEEENS4_IS6_EEE21_ConstructTransactionC2ERS8_y CODE
 0001:00006750 0000001eH .text$_ZNSt3__19allocatorINS_3setIiNS_4lessIiEENS0_IiEEEEE9constructB6v15007IS5_JEEEvPT_DpOT0_ CODE
 0001:00006770 00000019H .text$_ZNSt3__13setIiNS_4lessIiEENS_9allocatorIiEEEC1B6v15007Ev CODE
 0001:00006790 0000001eH .text$_ZNSt3__13setIiNS_4lessIiEENS_9allocatorIiEEEC2B6v15007Ev CODE
 0001:000067b0 00000023H .text$_ZNSt3__16__treeIiNS_4lessIiEENS_9allocatorIiEEEC1ERKS2_ CODE
 0001:000067e0 0000007aH .text$_ZNSt3__16__treeIiNS_4lessIiEENS_9allocatorIiEEEC2ERKS2_ CODE
 0001:00006860 00000019H .text$_ZNSt3__117__compressed_pairINS_15__tree_end_nodeIPNS_16__tree_node_baseIPvEEEENS_9allocatorINS_11__tree_nodeIiS3_EEEEEC1B6v15007ILb1EvEEv CODE
 0001:00006880 0000002dH .text$_ZNSt3__117__compressed_pairIyNS_4lessIiEEEC1B6v15007IiRKS2_EEOT_OT0_ CODE
 0001:000068b0 00000025H .text$_ZNSt3__16__treeIiNS_4lessIiEENS_9allocatorIiEEE10__end_nodeB6v15007Ev CODE
 0001:000068e0 0000000bH .text$_ZNSt3__16__treeIiNS_4lessIiEENS_9allocatorIiEEE12__begin_nodeB6v15007Ev CODE
 0001:000068f0 00000030H .text$_ZNSt3__117__compressed_pairINS_15__tree_end_nodeIPNS_16__tree_node_baseIPvEEEENS_9allocatorINS_11__tree_nodeIiS3_EEEEEC2B6v15007ILb1EvEEv CODE
 0001:00006920 0000001dH .text$_ZNSt3__122__compressed_pair_elemINS_15__tree_end_nodeIPNS_16__tree_node_baseIPvEEEELi0ELb0EEC2B6v15007ENS_16__value_init_tagE CODE
 0001:00006940 0000001dH .text$_ZNSt3__122__compressed_pair_elemINS_9allocatorINS_11__tree_nodeIiPvEEEELi1ELb1EEC2B6v15007ENS_16__value_init_tagE CODE
 0001:00006960 00000019H .text$_ZNSt3__115__tree_end_nodeIPNS_16__tree_node_baseIPvEEEC1B6v15007Ev CODE
 0001:00006980 00000012H .text$_ZNSt3__115__tree_end_nodeIPNS_16__tree_node_baseIPvEEEC2B6v15007Ev CODE
 0001:000069a0 00000019H .text$_ZNSt3__19allocatorINS_11__tree_nodeIiPvEEEC2B6v15007Ev CODE
 0001:000069c0 00000007H .text$_ZNSt3__116__non_trivial_ifILb1ENS_9allocatorINS_11__tree_nodeIiPvEEEEEC2B6v15007Ev CODE
 0001:000069d0 0000003cH .text$_ZNSt3__117__compressed_pairIyNS_4lessIiEEEC2B6v15007IiRKS2_EEOT_OT0_ CODE
 0001:00006a10 00000021H .text$_ZNSt3__122__compressed_pair_elemIyLi0ELb0EEC2B6v15007IivEEOT_ CODE
 0001:00006a40 00000012H .text$_ZNSt3__122__compressed_pair_elemINS_4lessIiEELi1ELb1EEC2B6v15007IRKS2_vEEOT_ CODE
 0001:00006a60 0000000bH .text$_ZNSt3__114pointer_traitsIPNS_15__tree_end_nodeIPNS_16__tree_node_baseIPvEEEEE10pointer_toB6v15007ERS6_ CODE
 0001:00006a70 00000019H .text$_ZNSt3__117__compressed_pairINS_15__tree_end_nodeIPNS_16__tree_node_baseIPvEEEENS_9allocatorINS_11__tree_nodeIiS3_EEEEE5firstB6v15007Ev CODE
 0001:00006a90 0000000bH .text$_ZNSt3__122__compressed_pair_elemINS_15__tree_end_nodeIPNS_16__tree_node_baseIPvEEEELi0ELb0EE5__getB6v15007Ev CODE
 0001:00006aa0 00000016H .text$_ZNSt3__16vectorINS_3setIiNS_4lessIiEENS_9allocatorIiEEEENS4_IS6_EEE21_ConstructTransactionD2Ev CODE
 0001:00006ac0 0000003fH .text$_ZNSt3__113__transactionINS_6vectorINS_3setIiNS_4lessIiEENS_9allocatorIiEEEENS5_IS7_EEE16__destroy_vectorEED2B6v15007Ev CODE
 0001:00006b00 0000008cH .text$_ZNSt3__16vectorINS_3setIiNS_4lessIiEENS_9allocatorIiEEEENS4_IS6_EEE16__destroy_vectorclB6v15007Ev CODE
 0001:00006b90 000000c3H .text$_ZNKSt3__16vectorINS_3setIiNS_4lessIiEENS_9allocatorIiEEEENS4_IS6_EEE17__annotate_deleteB6v15007Ev CODE
 0001:00006c60 00000007H .text$_ZNSt3__118__debug_db_erase_cB6v15007INS_6vectorINS_3setIiNS_4lessIiEENS_9allocatorIiEEEENS5_IS7_EEEEEEvPT_ CODE
 0001:00006c70 0000001cH .text$_ZNSt3__16vectorINS_3setIiNS_4lessIiEENS_9allocatorIiEEEENS4_IS6_EEE7__clearB6v15007Ev CODE
 0001:00006c90 0000002dH .text$_ZNSt3__116allocator_traitsINS_9allocatorINS_3setIiNS_4lessIiEENS1_IiEEEEEEE10deallocateB6v15007ERS7_PS6_y CODE
 0001:00006cc0 0000001fH .text$_ZNKSt3__16vectorINS_3setIiNS_4lessIiEENS_9allocatorIiEEEENS4_IS6_EEE4sizeB6v15007Ev CODE
 0001:00006ce0 00000086H .text$_ZNSt3__16vectorINS_3setIiNS_4lessIiEENS_9allocatorIiEEEENS4_IS6_EEE22__base_destruct_at_endB6v15007EPS6_ CODE
 0001:00006d70 00000023H .text$_ZNSt3__116allocator_traitsINS_9allocatorINS_3setIiNS_4lessIiEENS1_IiEEEEEEE7destroyB6v15007IS6_vEEvRS7_PT_ CODE
 0001:00006da0 0000001eH .text$_ZNSt3__19allocatorINS_3setIiNS_4lessIiEENS0_IiEEEEE7destroyB6v15007EPS5_ CODE
 0001:00006dc0 00000019H .text$_ZNSt3__13setIiNS_4lessIiEENS_9allocatorIiEEED1B6v15007Ev CODE
 0001:00006de0 00000019H .text$_ZNSt3__13setIiNS_4lessIiEENS_9allocatorIiEEED2B6v15007Ev CODE
 0001:00006e00 00000019H .text$_ZNSt3__16__treeIiNS_4lessIiEENS_9allocatorIiEEED1Ev CODE
 0001:00006e20 0000002bH .text$_ZNSt3__16__treeIiNS_4lessIiEENS_9allocatorIiEEED2Ev CODE
 0001:00006e50 000000b2H .text$_ZNSt3__16__treeIiNS_4lessIiEENS_9allocatorIiEEE7destroyEPNS_11__tree_nodeIiPvEE CODE
 0001:00006f10 0000001bH .text$_ZNKSt3__16__treeIiNS_4lessIiEENS_9allocatorIiEEE6__rootB6v15007Ev CODE
 0001:00006f30 0000001dH .text$_ZNSt3__16__treeIiNS_4lessIiEENS_9allocatorIiEEE12__node_allocB6v15007Ev CODE
 0001:00006f50 00000012H .text$_ZNSt3__116allocator_traitsINS_9allocatorINS_11__tree_nodeIiPvEEEEE7destroyB6v15007IivvEEvRS5_PT_ CODE
 0001:00006f70 0000000bH .text$_ZNSt3__122__tree_key_value_typesIiE9__get_ptrB6v15007ERi CODE
 0001:00006f80 0000002dH .text$_ZNSt3__116allocator_traitsINS_9allocatorINS_11__tree_nodeIiPvEEEEE10deallocateB6v15007ERS5_PS4_y CODE
 0001:00006fb0 00000019H .text$_ZNSt3__117__compressed_pairINS_15__tree_end_nodeIPNS_16__tree_node_baseIPvEEEENS_9allocatorINS_11__tree_nodeIiS3_EEEEE6secondB6v15007Ev CODE
 0001:00006fd0 0000000bH .text$_ZNSt3__122__compressed_pair_elemINS_9allocatorINS_11__tree_nodeIiPvEEEELi1ELb1EE5__getB6v15007Ev CODE
 0001:00006fe0 00000043H .text$_ZNSt3__19allocatorINS_11__tree_nodeIiPvEEE10deallocateB6v15007EPS3_y CODE
 0001:00007030 00000062H .text$_ZNSt3__119__libcpp_deallocateB6v15007EPvyy CODE
 0001:000070a0 00000028H .text$_ZNSt3__127__do_deallocate_handle_sizeB6v15007IJSt11align_val_tEEEvPvyDpT_ CODE
 0001:000070d0 0000001eH .text$_ZNSt3__127__do_deallocate_handle_sizeB6v15007IJEEEvPvyDpT_ CODE
 0001:000070f0 00000023H .text$_ZNSt3__124__libcpp_operator_deleteB6v15007IJPvSt11align_val_tEEEvDpT_ CODE
 0001:00007120 00000019H .text$_ZNSt3__124__libcpp_operator_deleteB6v15007IJPvEEEvDpT_ CODE
 0001:00007140 00000025H .text$_ZNKSt3__16__treeIiNS_4lessIiEENS_9allocatorIiEEE10__end_nodeB6v15007Ev CODE
 0001:00007170 00000019H .text$_ZNKSt3__117__compressed_pairINS_15__tree_end_nodeIPNS_16__tree_node_baseIPvEEEENS_9allocatorINS_11__tree_nodeIiS3_EEEEE5firstB6v15007Ev CODE
 0001:00007190 0000000bH .text$_ZNKSt3__122__compressed_pair_elemINS_15__tree_end_nodeIPNS_16__tree_node_baseIPvEEEELi0ELb0EE5__getB6v15007Ev CODE
 0001:000071a0 00000043H .text$_ZNSt3__19allocatorINS_3setIiNS_4lessIiEENS0_IiEEEEE10deallocateB6v15007EPS5_y CODE
 0001:000071f0 0000003aH .text$_ZNSt3__16vectorINS_3setIiNS_4lessIiEENS_9allocatorIiEEEENS4_IS6_EEED2B6v15007Ev CODE
 0001:00007230 000000f5H .text$_ZNSt3__16vectorINS0_INS_3setIiNS_4lessIiEENS_9allocatorIiEEEENS4_IS6_EEEENS4_IS8_EEEC2EyRKS8_ CODE
 0001:00007330 0000002dH .text$_ZNSt3__117__compressed_pairIPNS_6vectorINS_3setIiNS_4lessIiEENS_9allocatorIiEEEENS5_IS7_EEEENS5_IS9_EEEC1B6v15007IDnNS_18__default_init_tagEEEOT_OT0_ CODE
 0001:00007360 00000034H .text$_ZNSt3__118__make_transactionB6v15007INS_6vectorINS1_INS_3setIiNS_4lessIiEENS_9allocatorIiEEEENS5_IS7_EEEENS5_IS9_EEE16__destroy_vectorEEENS_13__transactionIT_EESE_ CODE
 0001:000073a0 00000023H .text$_ZNSt3__16vectorINS0_INS_3setIiNS_4lessIiEENS_9allocatorIiEEEENS4_IS6_EEEENS4_IS8_EEE16__destroy_vectorC1ERSA_ CODE
 0001:000073d0 00000007H .text$_ZNSt3__119__debug_db_insert_cB6v15007INS_6vectorINS1_INS_3setIiNS_4lessIiEENS_9allocatorIiEEEENS5_IS7_EEEENS5_IS9_EEEEEEvPT_ CODE
 0001:000073e0 000000a6H .text$_ZNSt3__16vectorINS0_INS_3setIiNS_4lessIiEENS_9allocatorIiEEEENS4_IS6_EEEENS4_IS8_EEE11__vallocateB6v15007Ey CODE
 0001:00007490 000000e1H .text$_ZNSt3__16vectorINS0_INS_3setIiNS_4lessIiEENS_9allocatorIiEEEENS4_IS6_EEEENS4_IS8_EEE18__construct_at_endEyRKS8_ CODE
 0001:00007580 0000000fH .text$_ZNSt3__113__transactionINS_6vectorINS1_INS_3setIiNS_4lessIiEENS_9allocatorIiEEEENS5_IS7_EEEENS5_IS9_EEE16__destroy_vectorEE10__completeB6v15007Ev CODE
 0001:00007590 00000019H .text$_ZNSt3__113__transactionINS_6vectorINS1_INS_3setIiNS_4lessIiEENS_9allocatorIiEEEENS5_IS7_EEEENS5_IS9_EEE16__destroy_vectorEED1B6v15007Ev CODE
 0001:000075b0 0000003bH .text$_ZNSt3__117__compressed_pairIPNS_6vectorINS_3setIiNS_4lessIiEENS_9allocatorIiEEEENS5_IS7_EEEENS5_IS9_EEEC2B6v15007IDnNS_18__default_init_tagEEEOT_OT0_ CODE
 0001:000075f0 0000001eH .text$_ZNSt3__122__compressed_pair_elemIPNS_6vectorINS_3setIiNS_4lessIiEENS_9allocatorIiEEEENS5_IS7_EEEELi0ELb0EEC2B6v15007IDnvEEOT_ CODE
 0001:00007610 0000001dH .text$_ZNSt3__122__compressed_pair_elemINS_9allocatorINS_6vectorINS_3setIiNS_4lessIiEENS1_IiEEEENS1_IS7_EEEEEELi1ELb1EEC2B6v15007ENS_18__default_init_tagE CODE
 0001:00007630 00000019H .text$_ZNSt3__19allocatorINS_6vectorINS_3setIiNS_4lessIiEENS0_IiEEEENS0_IS6_EEEEEC2B6v15007Ev CODE
 0001:00007650 00000007H .text$_ZNSt3__116__non_trivial_ifILb1ENS_9allocatorINS_6vectorINS_3setIiNS_4lessIiEENS1_IiEEEENS1_IS7_EEEEEEEC2B6v15007Ev CODE
 0001:00007660 00000023H .text$_ZNSt3__113__transactionINS_6vectorINS1_INS_3setIiNS_4lessIiEENS_9allocatorIiEEEENS5_IS7_EEEENS5_IS9_EEE16__destroy_vectorEEC1B6v15007ESC_ CODE
 0001:00007690 00000022H .text$_ZNSt3__113__transactionINS_6vectorINS1_INS_3setIiNS_4lessIiEENS_9allocatorIiEEEENS5_IS7_EEEENS5_IS9_EEE16__destroy_vectorEEC2B6v15007ESC_ CODE
 0001:000076c0 0000001eH .text$_ZNSt3__16vectorINS0_INS_3setIiNS_4lessIiEENS_9allocatorIiEEEENS4_IS6_EEEENS4_IS8_EEE16__destroy_vectorC2ERSA_ CODE
 0001:000076e0 00000059H .text$_ZNKSt3__16vectorINS0_INS_3setIiNS_4lessIiEENS_9allocatorIiEEEENS4_IS6_EEEENS4_IS8_EEE8max_sizeEv CODE
 0001:00007740 00000016H .text$_ZNKSt3__16vectorINS0_INS_3setIiNS_4lessIiEENS_9allocatorIiEEEENS4_IS6_EEEENS4_IS8_EEE20__throw_length_errorB6v15007Ev CODE
 0001:00007760 0000004dH .text$_ZNSt3__119__allocate_at_leastB6v15007INS_9allocatorINS_6vectorINS_3setIiNS_4lessIiEENS1_IiEEEENS1_IS7_EEEEEEEENS_19__allocation_resultINS_16allocator_traitsIT_E7pointerEEERSD_y CODE
 0001:000077b0 0000001dH .text$_ZNSt3__16vectorINS0_INS_3setIiNS_4lessIiEENS_9allocatorIiEEEENS4_IS6_EEEENS4_IS8_EEE7__allocB6v15007Ev CODE
 0001:000077d0 0000001dH .text$_ZNSt3__16vectorINS0_INS_3setIiNS_4lessIiEENS_9allocatorIiEEEENS4_IS6_EEEENS4_IS8_EEE9__end_capB6v15007Ev CODE
 0001:000077f0 000000b3H .text$_ZNKSt3__16vectorINS0_INS_3setIiNS_4lessIiEENS_9allocatorIiEEEENS4_IS6_EEEENS4_IS8_EEE14__annotate_newB6v15007Ey CODE
 0001:000078b0 00000019H .text$_ZNSt3__116allocator_traitsINS_9allocatorINS_6vectorINS_3setIiNS_4lessIiEENS1_IiEEEENS1_IS7_EEEEEEE8max_sizeB6v15007ISA_vEEyRKSA_ CODE
 0001:000078d0 0000001dH .text$_ZNKSt3__16vectorINS0_INS_3setIiNS_4lessIiEENS_9allocatorIiEEEENS4_IS6_EEEENS4_IS8_EEE7__allocB6v15007Ev CODE
 0001:000078f0 00000011H .text$_ZNKSt3__19allocatorINS_6vectorINS_3setIiNS_4lessIiEENS0_IiEEEENS0_IS6_EEEEE8max_sizeB6v15007Ev CODE
 0001:00007910 00000019H .text$_ZNKSt3__117__compressed_pairIPNS_6vectorINS_3setIiNS_4lessIiEENS_9allocatorIiEEEENS5_IS7_EEEENS5_IS9_EEE6secondB6v15007Ev CODE
 0001:00007930 0000000bH .text$_ZNKSt3__122__compressed_pair_elemINS_9allocatorINS_6vectorINS_3setIiNS_4lessIiEENS1_IiEEEENS1_IS7_EEEEEELi1ELb1EE5__getB6v15007Ev CODE
 0001:00007940 0000004eH .text$_ZNSt3__19allocatorINS_6vectorINS_3setIiNS_4lessIiEENS0_IiEEEENS0_IS6_EEEEE8allocateB6v15007Ey CODE
 0001:00007990 00000019H .text$_ZNSt3__117__compressed_pairIPNS_6vectorINS_3setIiNS_4lessIiEENS_9allocatorIiEEEENS5_IS7_EEEENS5_IS9_EEE6secondB6v15007Ev CODE
 0001:000079b0 0000000bH .text$_ZNSt3__122__compressed_pair_elemINS_9allocatorINS_6vectorINS_3setIiNS_4lessIiEENS1_IiEEEENS1_IS7_EEEEEELi1ELb1EE5__getB6v15007Ev CODE
 0001:000079c0 00000019H .text$_ZNSt3__117__compressed_pairIPNS_6vectorINS_3setIiNS_4lessIiEENS_9allocatorIiEEEENS5_IS7_EEEENS5_IS9_EEE5firstB6v15007Ev CODE
 0001:000079e0 0000000bH .text$_ZNSt3__122__compressed_pair_elemIPNS_6vectorINS_3setIiNS_4lessIiEENS_9allocatorIiEEEENS5_IS7_EEEELi0ELb0EE5__getB6v15007Ev CODE
 0001:000079f0 00000021H .text$_ZNKSt3__16vectorINS0_INS_3setIiNS_4lessIiEENS_9allocatorIiEEEENS4_IS6_EEEENS4_IS8_EEE31__annotate_contiguous_containerB6v15007EPKvSC_SC_SC_ CODE
 0001:00007a20 0000001cH .text$_ZNKSt3__16vectorINS0_INS_3setIiNS_4lessIiEENS_9allocatorIiEEEENS4_IS6_EEEENS4_IS8_EEE4dataB6v15007Ev CODE
 0001:00007a40 00000035H .text$_ZNKSt3__16vectorINS0_INS_3setIiNS_4lessIiEENS_9allocatorIiEEEENS4_IS6_EEEENS4_IS8_EEE8capacityB6v15007Ev CODE
 0001:00007a80 0000000bH .text$_ZNSt3__112__to_addressB6v15007INS_6vectorINS_3setIiNS_4lessIiEENS_9allocatorIiEEEENS5_IS7_EEEEEEPT_SB_ CODE
 0001:00007a90 0000001dH .text$_ZNKSt3__16vectorINS0_INS_3setIiNS_4lessIiEENS_9allocatorIiEEEENS4_IS6_EEEENS4_IS8_EEE9__end_capB6v15007Ev CODE
 0001:00007ab0 00000019H .text$_ZNKSt3__117__compressed_pairIPNS_6vectorINS_3setIiNS_4lessIiEENS_9allocatorIiEEEENS5_IS7_EEEENS5_IS9_EEE5firstB6v15007Ev CODE
 0001:00007ad0 0000000bH .text$_ZNKSt3__122__compressed_pair_elemIPNS_6vectorINS_3setIiNS_4lessIiEENS_9allocatorIiEEEENS5_IS7_EEEELi0ELb0EE5__getB6v15007Ev CODE
 0001:00007ae0 0000002dH .text$_ZNSt3__16vectorINS0_INS_3setIiNS_4lessIiEENS_9allocatorIiEEEENS4_IS6_EEEENS4_IS8_EEE21_ConstructTransactionC1ERSA_y CODE
 0001:00007b10 0000002dH .text$_ZNSt3__116allocator_traitsINS_9allocatorINS_6vectorINS_3setIiNS_4lessIiEENS1_IiEEEENS1_IS7_EEEEEEE9constructB6v15007IS9_JRKS9_EvEEvRSA_PT_DpOT0_ CODE
 0001:00007b40 00000019H .text$_ZNSt3__16vectorINS0_INS_3setIiNS_4lessIiEENS_9allocatorIiEEEENS4_IS6_EEEENS4_IS8_EEE21_ConstructTransactionD1Ev CODE
 0001:00007b60 00000046H .text$_ZNSt3__16vectorINS0_INS_3setIiNS_4lessIiEENS_9allocatorIiEEEENS4_IS6_EEEENS4_IS8_EEE21_ConstructTransactionC2ERSA_y CODE
 0001:00007bb0 00000028H .text$_ZNSt3__19allocatorINS_6vectorINS_3setIiNS_4lessIiEENS0_IiEEEENS0_IS6_EEEEE9constructB6v15007IS8_JRKS8_EEEvPT_DpOT0_ CODE
 0001:00007be0 00000023H .text$_ZNSt3__16vectorINS_3setIiNS_4lessIiEENS_9allocatorIiEEEENS4_IS6_EEEC1ERKS8_ CODE
 0001:00007c10 0000012dH .text$_ZNSt3__16vectorINS_3setIiNS_4lessIiEENS_9allocatorIiEEEENS4_IS6_EEEC2ERKS8_ CODE
 0001:00007d40 00000011H .text$_ZNSt3__116allocator_traitsINS_9allocatorINS_3setIiNS_4lessIiEENS1_IiEEEEEEE37select_on_container_copy_constructionB6v15007IS7_vvEES7_RKS7_ CODE
 0001:00007d60 0000002dH .text$_ZNSt3__117__compressed_pairIPNS_3setIiNS_4lessIiEENS_9allocatorIiEEEENS4_IS6_EEEC1B6v15007IDnS8_EEOT_OT0_ CODE
 0001:00007d90 00000099H .text$_ZNSt3__16vectorINS_3setIiNS_4lessIiEENS_9allocatorIiEEEENS4_IS6_EEE18__construct_at_endIPS6_EENS_9enable_ifIXsr27__is_cpp17_forward_iteratorIT_EE5valueEvE4typeESC_SC_y CODE
 0001:00007e30 0000003cH .text$_ZNSt3__117__compressed_pairIPNS_3setIiNS_4lessIiEENS_9allocatorIiEEEENS4_IS6_EEEC2B6v15007IDnS8_EEOT_OT0_ CODE
 0001:00007e70 00000012H .text$_ZNSt3__122__compressed_pair_elemINS_9allocatorINS_3setIiNS_4lessIiEENS1_IiEEEEEELi1ELb1EEC2B6v15007IS7_vEEOT_ CODE
 0001:00007e90 0000010cH .text$_ZNSt3__130__uninitialized_allocator_copyB6v15007INS_9allocatorINS_3setIiNS_4lessIiEENS1_IiEEEEEEPS6_S8_S8_EET2_RT_T0_T1_S9_ CODE
 0001:00007fa0 0000002dH .text$_ZNSt3__116allocator_traitsINS_9allocatorINS_3setIiNS_4lessIiEENS1_IiEEEEEEE9constructB6v15007IS6_JRS6_EvEEvRS7_PT_DpOT0_ CODE
 0001:00007fd0 00000037H .text$_ZNSt3__129_AllocatorDestroyRangeReverseINS_9allocatorINS_3setIiNS_4lessIiEENS1_IiEEEEEEPS6_EC1B6v15007ERS7_RS8_SB_ CODE
 0001:00008010 0000005cH .text$_ZNKSt3__129_AllocatorDestroyRangeReverseINS_9allocatorINS_3setIiNS_4lessIiEENS1_IiEEEEEEPS6_EclB6v15007Ev CODE
 0001:00008070 00000028H .text$_ZNSt3__19allocatorINS_3setIiNS_4lessIiEENS0_IiEEEEE9constructB6v15007IS5_JRS5_EEEvPT_DpOT0_ CODE
 0001:000080a0 00000023H .text$_ZNSt3__13setIiNS_4lessIiEENS_9allocatorIiEEEC1B6v15007ERKS5_ CODE
 0001:000080d0 00000089H .text$_ZNSt3__13setIiNS_4lessIiEENS_9allocatorIiEEEC2B6v15007ERKS5_ CODE
 0001:00008160 00000023H .text$_ZNSt3__16__treeIiNS_4lessIiEENS_9allocatorIiEEEC1ERKS5_ CODE
 0001:00008190 00000082H .text$_ZNSt3__13setIiNS_4lessIiEENS_9allocatorIiEEE6insertB6v15007INS_21__tree_const_iteratorIiPNS_11__tree_nodeIiPvEExEEEEvT_SD_ CODE
 0001:00008220 00000022H .text$_ZNKSt3__13setIiNS_4lessIiEENS_9allocatorIiEEE5beginB6v15007Ev CODE
 0001:00008250 00000022H .text$_ZNKSt3__13setIiNS_4lessIiEENS_9allocatorIiEEE3endB6v15007Ev CODE
 0001:00008280 000000aaH .text$_ZNSt3__16__treeIiNS_4lessIiEENS_9allocatorIiEEEC2ERKS5_ CODE
 0001:00008330 00000011H .text$_ZNSt3__116allocator_traitsINS_9allocatorINS_11__tree_nodeIiPvEEEEE37select_on_container_copy_constructionB6v15007IS5_vvEES5_RKS5_ CODE
 0001:00008350 0000001dH .text$_ZNKSt3__16__treeIiNS_4lessIiEENS_9allocatorIiEEE12__node_allocB6v15007Ev CODE
 0001:00008370 0000002dH .text$_ZNSt3__117__compressed_pairINS_15__tree_end_nodeIPNS_16__tree_node_baseIPvEEEENS_9allocatorINS_11__tree_nodeIiS3_EEEEEC1B6v15007INS_18__default_init_tagESA_EEOT_OT0_ CODE
 0001:000083a0 0000001dH .text$_ZNKSt3__16__treeIiNS_4lessIiEENS_9allocatorIiEEE10value_compB6v15007Ev CODE
 0001:000083c0 00000019H .text$_ZNKSt3__117__compressed_pairINS_15__tree_end_nodeIPNS_16__tree_node_baseIPvEEEENS_9allocatorINS_11__tree_nodeIiS3_EEEEE6secondB6v15007Ev CODE
 0001:000083e0 0000000bH .text$_ZNKSt3__122__compressed_pair_elemINS_9allocatorINS_11__tree_nodeIiPvEEEELi1ELb1EE5__getB6v15007Ev CODE
 0001:000083f0 0000003bH .text$_ZNSt3__117__compressed_pairINS_15__tree_end_nodeIPNS_16__tree_node_baseIPvEEEENS_9allocatorINS_11__tree_nodeIiS3_EEEEEC2B6v15007INS_18__default_init_tagESA_EEOT_OT0_ CODE
 0001:00008430 0000001dH .text$_ZNSt3__122__compressed_pair_elemINS_15__tree_end_nodeIPNS_16__tree_node_baseIPvEEEELi0ELb0EEC2B6v15007ENS_18__default_init_tagE CODE
 0001:00008450 00000012H .text$_ZNSt3__122__compressed_pair_elemINS_9allocatorINS_11__tree_nodeIiPvEEEELi1ELb1EEC2B6v15007IS5_vEEOT_ CODE
 0001:00008470 00000019H .text$_ZNKSt3__117__compressed_pairIyNS_4lessIiEEE6secondB6v15007Ev CODE
 0001:00008490 0000000bH .text$_ZNKSt3__122__compressed_pair_elemINS_4lessIiEELi1ELb1EE5__getB6v15007Ev CODE
 0001:000084a0 00000022H .text$_ZNKSt3__13setIiNS_4lessIiEENS_9allocatorIiEEE4cendB6v15007Ev CODE
 0001:000084d0 00000066H .text$_ZNSt3__16__treeIiNS_4lessIiEENS_9allocatorIiEEE15__insert_uniqueB6v15007ENS_21__tree_const_iteratorIiPNS_11__tree_nodeIiPvEExEERKi CODE
 0001:00008540 0000015bH .text$_ZNSt3__16__treeIiNS_4lessIiEENS_9allocatorIiEEE30__emplace_hint_unique_key_argsIiJRKiEEENS_4pairINS_15__tree_iteratorIiPNS_11__tree_nodeIiPvEExEEbEENS_21__tree_const_iteratorIiSE_xEERKT_DpOT0_ CODE
 0001:000086a0 0000000bH .text$_ZNSt3__122__tree_key_value_typesIiE9__get_keyB6v15007ERKi CODE
 0001:000086b0 000003efH .text$_ZNSt3__16__treeIiNS_4lessIiEENS_9allocatorIiEEE12__find_equalIiEERPNS_16__tree_node_baseIPvEENS_21__tree_const_iteratorIiPNS_11__tree_nodeIiS8_EExEERPNS_15__tree_end_nodeISA_EESB_RKT_ CODE
 0001:00008aa0 00000128H .text$_ZNSt3__16__treeIiNS_4lessIiEENS_9allocatorIiEEE16__construct_nodeIJRKiEEENS_10unique_ptrINS_11__tree_nodeIiPvEENS_22__tree_node_destructorINS3_ISC_EEEEEEDpOT_ CODE
 0001:00008bd0 000000c2H .text$_ZNSt3__16__treeIiNS_4lessIiEENS_9allocatorIiEEE16__insert_node_atEPNS_15__tree_end_nodeIPNS_16__tree_node_baseIPvEEEERSA_SA_ CODE
 0001:00008ca0 0000001bH .text$_ZNKSt3__110unique_ptrINS_11__tree_nodeIiPvEENS_22__tree_node_destructorINS_9allocatorIS3_EEEEE3getB6v15007Ev CODE
 0001:00008cc0 0000003bH .text$_ZNSt3__110unique_ptrINS_11__tree_nodeIiPvEENS_22__tree_node_destructorINS_9allocatorIS3_EEEEE7releaseB6v15007Ev CODE
 0001:00008d00 00000019H .text$_ZNSt3__110unique_ptrINS_11__tree_nodeIiPvEENS_22__tree_node_destructorINS_9allocatorIS3_EEEEED1B6v15007Ev CODE
 0001:00008d20 00000023H .text$_ZNSt3__115__tree_iteratorIiPNS_11__tree_nodeIiPvEExEC1B6v15007ES4_ CODE
 0001:00008d50 0000002dH .text$_ZNSt3__14pairINS_15__tree_iteratorIiPNS_11__tree_nodeIiPvEExEEbEC1B6v15007IS6_RbLS3_0EEEOT_OT0_ CODE
 0001:00008d80 00000029H .text$_ZNSt3__1eqB6v15007ERKNS_21__tree_const_iteratorIiPNS_11__tree_nodeIiPvEExEES7_ CODE
 0001:00008db0 0000002aH .text$_ZNSt3__16__treeIiNS_4lessIiEENS_9allocatorIiEEE3endB6v15007Ev CODE
 0001:00008de0 00000023H .text$_ZNSt3__121__tree_const_iteratorIiPNS_11__tree_nodeIiPvEExEC1B6v15007ENS_15__tree_iteratorIiS4_xEE CODE
 0001:00008e10 0000001dH .text$_ZNSt3__16__treeIiNS_4lessIiEENS_9allocatorIiEEE10value_compB6v15007Ev CODE
 0001:00008e30 0000002cH .text$_ZNKSt3__14lessIiEclB6v15007ERKiS3_ CODE
 0001:00008e60 0000002aH .text$_ZNSt3__16__treeIiNS_4lessIiEENS_9allocatorIiEEE5beginB6v15007Ev CODE
 0001:00008e90 0000002bH .text$_ZNSt3__121__tree_const_iteratorIiPNS_11__tree_nodeIiPvEExEmmB6v15007Ev CODE
 0001:00008ec0 00000198H .text$_ZNSt3__16__treeIiNS_4lessIiEENS_9allocatorIiEEE12__find_equalIiEERPNS_16__tree_node_baseIPvEERPNS_15__tree_end_nodeISA_EERKT_ CODE
 0001:00009060 00000052H .text$_ZNSt3__14nextB6v15007INS_21__tree_const_iteratorIiPNS_11__tree_nodeIiPvEExEEEENS_9enable_ifIXsr25__is_cpp17_input_iteratorIT_EE5valueES8_E4typeES8_NS_15iterator_traitsIS8_E15difference_typeE CODE
 0001:000090c0 0000000eH .text$_ZNKSt3__121__tree_const_iteratorIiPNS_11__tree_nodeIiPvEExE8__get_npB6v15007Ev CODE
 0001:000090d0 00000023H .text$_ZNSt3__115__tree_iteratorIiPNS_11__tree_nodeIiPvEExEC1B6v15007EPNS_15__tree_end_nodeIPNS_16__tree_node_baseIS2_EEEE CODE
 0001:00009100 0000001eH .text$_ZNSt3__115__tree_iteratorIiPNS_11__tree_nodeIiPvEExEC2B6v15007EPNS_15__tree_end_nodeIPNS_16__tree_node_baseIS2_EEEE CODE
 0001:00009120 0000001eH .text$_ZNSt3__121__tree_const_iteratorIiPNS_11__tree_nodeIiPvEExEC2B6v15007ENS_15__tree_iteratorIiS4_xEE CODE
 0001:00009140 00000019H .text$_ZNSt3__117__compressed_pairIyNS_4lessIiEEE6secondB6v15007Ev CODE
 0001:00009160 0000000bH .text$_ZNSt3__122__compressed_pair_elemINS_4lessIiEELi1ELb1EE5__getB6v15007Ev CODE
 0001:00009170 000000a4H .text$_ZNSt3__116__tree_prev_iterB6v15007IPNS_16__tree_node_baseIPvEEPNS_15__tree_end_nodeIS4_EEEET_T0_ CODE
 0001:00009220 0000002bH .text$_ZNSt3__110__tree_maxB6v15007IPNS_16__tree_node_baseIPvEEEET_S5_ CODE
 0001:00009250 0000001eH .text$_ZNSt3__120__tree_is_left_childB6v15007IPNS_16__tree_node_baseIPvEEEEbT_ CODE
 0001:00009270 0000000fH .text$_ZNKSt3__116__tree_node_baseIPvE15__parent_unsafeB6v15007Ev CODE
 0001:00009280 00000019H .text$_ZNKSt3__16__treeIiNS_4lessIiEENS_9allocatorIiEEE10__root_ptrEv CODE
 0001:000092a0 00000058H .text$_ZNSt3__17advanceB6v15007INS_21__tree_const_iteratorIiPNS_11__tree_nodeIiPvEExEExxvEEvRT_T0_ CODE
 0001:00009300 0000000bH .text$_ZNSt3__121__convert_to_integralB6v15007Ex CODE
 0001:00009310 0000008aH .text$_ZNSt3__19__advanceB6v15007INS_21__tree_const_iteratorIiPNS_11__tree_nodeIiPvEExEEEEvRT_NS_15iterator_traitsIS7_E15difference_typeENS_26bidirectional_iterator_tagE CODE
 0001:000093a0 00000023H .text$_ZNSt3__116allocator_traitsINS_9allocatorINS_11__tree_nodeIiPvEEEEE8allocateB6v15007ERS5_y CODE
 0001:000093d0 00000035H .text$_ZNSt3__122__tree_node_destructorINS_9allocatorINS_11__tree_nodeIiPvEEEEEC1B6v15007ERS5_b CODE
 0001:00009410 0000002dH .text$_ZNSt3__110unique_ptrINS_11__tree_nodeIiPvEENS_22__tree_node_destructorINS_9allocatorIS3_EEEEEC1B6v15007ILb1EvEEPS3_NS_16__dependent_typeINS_27__unique_ptr_deleter_sfinaeIS7_EEXT_EE20__good_rval_ref_typeE CODE
 0001:00009440 0000002dH .text$_ZNSt3__116allocator_traitsINS_9allocatorINS_11__tree_nodeIiPvEEEEE9constructB6v15007IiJRKiEvEEvRS5_PT_DpOT0_ CODE
 0001:00009470 0000001bH .text$_ZNKSt3__110unique_ptrINS_11__tree_nodeIiPvEENS_22__tree_node_destructorINS_9allocatorIS3_EEEEEptB6v15007Ev CODE
 0001:00009490 00000019H .text$_ZNSt3__110unique_ptrINS_11__tree_nodeIiPvEENS_22__tree_node_destructorINS_9allocatorIS3_EEEEE11get_deleterB6v15007Ev CODE
 0001:000094b0 0000004eH .text$_ZNSt3__19allocatorINS_11__tree_nodeIiPvEEE8allocateB6v15007Ey CODE
 0001:00009500 00000019H .text$_ZNSt3__116allocator_traitsINS_9allocatorINS_11__tree_nodeIiPvEEEEE8max_sizeB6v15007IS5_vEEyRKS5_ CODE
 0001:00009520 00000011H .text$_ZNKSt3__19allocatorINS_11__tree_nodeIiPvEEE8max_sizeB6v15007Ev CODE
 0001:00009540 00000033H .text$_ZNSt3__122__tree_node_destructorINS_9allocatorINS_11__tree_nodeIiPvEEEEEC2B6v15007ERS5_b CODE
 0001:00009580 0000003aH .text$_ZNSt3__110unique_ptrINS_11__tree_nodeIiPvEENS_22__tree_node_destructorINS_9allocatorIS3_EEEEEC2B6v15007ILb1EvEEPS3_NS_16__dependent_typeINS_27__unique_ptr_deleter_sfinaeIS7_EEXT_EE20__good_rval_ref_typeE CODE
 0001:000095c0 0000002dH .text$_ZNSt3__117__compressed_pairIPNS_11__tree_nodeIiPvEENS_22__tree_node_destructorINS_9allocatorIS3_EEEEEC1B6v15007IRS4_S8_EEOT_OT0_ CODE
 0001:000095f0 00000040H .text$_ZNSt3__117__compressed_pairIPNS_11__tree_nodeIiPvEENS_22__tree_node_destructorINS_9allocatorIS3_EEEEEC2B6v15007IRS4_S8_EEOT_OT0_ CODE
 0001:00009630 00000021H .text$_ZNSt3__122__compressed_pair_elemIPNS_11__tree_nodeIiPvEELi0ELb0EEC2B6v15007IRS4_vEEOT_ CODE
 0001:00009660 00000029H .text$_ZNSt3__122__compressed_pair_elemINS_22__tree_node_destructorINS_9allocatorINS_11__tree_nodeIiPvEEEEEELi1ELb0EEC2B6v15007IS7_vEEOT_ CODE
 0001:00009690 00000024H .text$_ZNSt3__19allocatorINS_11__tree_nodeIiPvEEE9constructB6v15007IiJRKiEEEvPT_DpOT0_ CODE
 0001:000096c0 00000019H .text$_ZNKSt3__117__compressed_pairIPNS_11__tree_nodeIiPvEENS_22__tree_node_destructorINS_9allocatorIS3_EEEEE5firstB6v15007Ev CODE
 0001:000096e0 0000000bH .text$_ZNKSt3__122__compressed_pair_elemIPNS_11__tree_nodeIiPvEELi0ELb0EE5__getB6v15007Ev CODE
 0001:000096f0 0000001dH .text$_ZNSt3__117__compressed_pairIPNS_11__tree_nodeIiPvEENS_22__tree_node_destructorINS_9allocatorIS3_EEEEE6secondB6v15007Ev CODE
 0001:00009710 0000000bH .text$_ZNSt3__122__compressed_pair_elemINS_22__tree_node_destructorINS_9allocatorINS_11__tree_nodeIiPvEEEEEELi1ELb0EE5__getB6v15007Ev CODE
 0001:00009720 0000026dH .text$_ZNSt3__127__tree_balance_after_insertIPNS_16__tree_node_baseIPvEEEEvT_S5_ CODE
 0001:00009990 0000001dH .text$_ZNSt3__16__treeIiNS_4lessIiEENS_9allocatorIiEEE4sizeB6v15007Ev CODE
 0001:000099b0 000000dbH .text$_ZNSt3__118__tree_left_rotateIPNS_16__tree_node_baseIPvEEEEvT_ CODE
 0001:00009a90 000000c7H .text$_ZNSt3__119__tree_right_rotateIPNS_16__tree_node_baseIPvEEEEvT_ CODE
 0001:00009b60 0000001fH .text$_ZNSt3__116__tree_node_baseIPvE12__set_parentB6v15007EPS2_ CODE
 0001:00009b80 00000019H .text$_ZNSt3__117__compressed_pairIyNS_4lessIiEEE5firstB6v15007Ev CODE
 0001:00009ba0 0000000bH .text$_ZNSt3__122__compressed_pair_elemIyLi0ELb0EE5__getB6v15007Ev CODE
 0001:00009bb0 00000019H .text$_ZNSt3__117__compressed_pairIPNS_11__tree_nodeIiPvEENS_22__tree_node_destructorINS_9allocatorIS3_EEEEE5firstB6v15007Ev CODE
 0001:00009bd0 0000000bH .text$_ZNSt3__122__compressed_pair_elemIPNS_11__tree_nodeIiPvEELi0ELb0EE5__getB6v15007Ev CODE
 0001:00009be0 0000001dH .text$_ZNSt3__110unique_ptrINS_11__tree_nodeIiPvEENS_22__tree_node_destructorINS_9allocatorIS3_EEEEED2B6v15007Ev CODE
 0001:00009c00 0000006aH .text$_ZNSt3__110unique_ptrINS_11__tree_nodeIiPvEENS_22__tree_node_destructorINS_9allocatorIS3_EEEEE5resetB6v15007EPS3_ CODE
 0001:00009c70 00000074H .text$_ZNSt3__122__tree_node_destructorINS_9allocatorINS_11__tree_nodeIiPvEEEEEclB6v15007EPS4_ CODE
 0001:00009cf0 0000001eH .text$_ZNSt3__115__tree_iteratorIiPNS_11__tree_nodeIiPvEExEC2B6v15007ES4_ CODE
 0001:00009d10 00000033H .text$_ZNSt3__14pairINS_15__tree_iteratorIiPNS_11__tree_nodeIiPvEExEEbEC2B6v15007IS6_RbLS3_0EEEOT_OT0_ CODE
 0001:00009d50 0000002aH .text$_ZNKSt3__16__treeIiNS_4lessIiEENS_9allocatorIiEEE5beginB6v15007Ev CODE
 0001:00009d80 0000000bH .text$_ZNKSt3__16__treeIiNS_4lessIiEENS_9allocatorIiEEE12__begin_nodeB6v15007Ev CODE
 0001:00009d90 00000023H .text$_ZNSt3__121__tree_const_iteratorIiPNS_11__tree_nodeIiPvEExEC1B6v15007EPNS_15__tree_end_nodeIPNS_16__tree_node_baseIS2_EEEE CODE
 0001:00009dc0 0000001eH .text$_ZNSt3__121__tree_const_iteratorIiPNS_11__tree_nodeIiPvEExEC2B6v15007EPNS_15__tree_end_nodeIPNS_16__tree_node_baseIS2_EEEE CODE
 0001:00009de0 0000002aH .text$_ZNKSt3__16__treeIiNS_4lessIiEENS_9allocatorIiEEE3endB6v15007Ev CODE
 0001:00009e10 0000003aH .text$_ZNSt3__129_AllocatorDestroyRangeReverseINS_9allocatorINS_3setIiNS_4lessIiEENS1_IiEEEEEEPS6_EC2B6v15007ERS7_RS8_SB_ CODE
 0001:00009e50 00000064H .text$_ZNSt3__119__allocator_destroyB6v15007INS_9allocatorINS_3setIiNS_4lessIiEENS1_IiEEEEEENS_16reverse_iteratorIPS6_EESA_EEvRT_T0_T1_ CODE
 0001:00009ec0 00000023H .text$_ZNSt3__116reverse_iteratorIPNS_3setIiNS_4lessIiEENS_9allocatorIiEEEEEC1B6v15007ES7_ CODE
 0001:00009ef0 0000003fH .text$_ZNSt3__1neB6v15007IPNS_3setIiNS_4lessIiEENS_9allocatorIiEEEES7_EEbRKNS_16reverse_iteratorIT_EERKNS8_IT0_EE CODE
 0001:00009f30 00000019H .text$_ZNSt3__112__to_addressB6v15007INS_16reverse_iteratorIPNS_3setIiNS_4lessIiEENS_9allocatorIiEEEEEEvEENS_5decayIDTclsr19__to_address_helperIT_EE6__callcl7declvalIRKSB_EEEEE4typeESD_ CODE
 0001:00009f50 00000017H .text$_ZNSt3__116reverse_iteratorIPNS_3setIiNS_4lessIiEENS_9allocatorIiEEEEEppB6v15007Ev CODE
 0001:00009f70 0000000fH .text$_ZNKSt3__116reverse_iteratorIPNS_3setIiNS_4lessIiEENS_9allocatorIiEEEEE4baseB6v15007Ev CODE
 0001:00009f80 00000036H .text$_ZNSt3__119__to_address_helperINS_16reverse_iteratorIPNS_3setIiNS_4lessIiEENS_9allocatorIiEEEEEEvE6__callB6v15007ERKS9_ CODE
 0001:00009fc0 00000019H .text$_ZNKSt3__116reverse_iteratorIPNS_3setIiNS_4lessIiEENS_9allocatorIiEEEEEptB6v15007Ev CODE
 0001:00009fe0 00000027H .text$_ZNKSt3__116reverse_iteratorIPNS_3setIiNS_4lessIiEENS_9allocatorIiEEEEEdeB6v15007Ev CODE
 0001:0000a010 00000026H .text$_ZNSt3__116reverse_iteratorIPNS_3setIiNS_4lessIiEENS_9allocatorIiEEEEEC2B6v15007ES7_ CODE
 0001:0000a040 00000016H .text$_ZNSt3__16vectorINS0_INS_3setIiNS_4lessIiEENS_9allocatorIiEEEENS4_IS6_EEEENS4_IS8_EEE21_ConstructTransactionD2Ev CODE
 0001:0000a060 0000003fH .text$_ZNSt3__113__transactionINS_6vectorINS1_INS_3setIiNS_4lessIiEENS_9allocatorIiEEEENS5_IS7_EEEENS5_IS9_EEE16__destroy_vectorEED2B6v15007Ev CODE
 0001:0000a0a0 0000008cH .text$_ZNSt3__16vectorINS0_INS_3setIiNS_4lessIiEENS_9allocatorIiEEEENS4_IS6_EEEENS4_IS8_EEE16__destroy_vectorclB6v15007Ev CODE
 0001:0000a130 000000c3H .text$_ZNKSt3__16vectorINS0_INS_3setIiNS_4lessIiEENS_9allocatorIiEEEENS4_IS6_EEEENS4_IS8_EEE17__annotate_deleteB6v15007Ev CODE
 0001:0000a200 00000007H .text$_ZNSt3__118__debug_db_erase_cB6v15007INS_6vectorINS1_INS_3setIiNS_4lessIiEENS_9allocatorIiEEEENS5_IS7_EEEENS5_IS9_EEEEEEvPT_ CODE
 0001:0000a210 0000001cH .text$_ZNSt3__16vectorINS0_INS_3setIiNS_4lessIiEENS_9allocatorIiEEEENS4_IS6_EEEENS4_IS8_EEE7__clearB6v15007Ev CODE
 0001:0000a230 0000002dH .text$_ZNSt3__116allocator_traitsINS_9allocatorINS_6vectorINS_3setIiNS_4lessIiEENS1_IiEEEENS1_IS7_EEEEEEE10deallocateB6v15007ERSA_PS9_y CODE
 0001:0000a260 0000001fH .text$_ZNKSt3__16vectorINS0_INS_3setIiNS_4lessIiEENS_9allocatorIiEEEENS4_IS6_EEEENS4_IS8_EEE4sizeB6v15007Ev CODE
 0001:0000a280 00000086H .text$_ZNSt3__16vectorINS0_INS_3setIiNS_4lessIiEENS_9allocatorIiEEEENS4_IS6_EEEENS4_IS8_EEE22__base_destruct_at_endB6v15007EPS8_ CODE
 0001:0000a310 00000023H .text$_ZNSt3__116allocator_traitsINS_9allocatorINS_6vectorINS_3setIiNS_4lessIiEENS1_IiEEEENS1_IS7_EEEEEEE7destroyB6v15007IS9_vEEvRSA_PT_ CODE
 0001:0000a340 0000001eH .text$_ZNSt3__19allocatorINS_6vectorINS_3setIiNS_4lessIiEENS0_IiEEEENS0_IS6_EEEEE7destroyB6v15007EPS8_ CODE
 0001:0000a360 00000043H .text$_ZNSt3__19allocatorINS_6vectorINS_3setIiNS_4lessIiEENS0_IiEEEENS0_IS6_EEEEE10deallocateB6v15007EPS8_y CODE
 0001:0000a3b0 0000003aH .text$_ZNSt3__16vectorINS0_INS_3setIiNS_4lessIiEENS_9allocatorIiEEEENS4_IS6_EEEENS4_IS8_EEED2B6v15007Ev CODE
 0001:0000a3f0 000001a0H .text$_ZNSt3__112__hash_tableIiNS_4hashIiEENS_8equal_toIiEENS_9allocatorIiEEE4findIiEENS_15__hash_iteratorIPNS_11__hash_nodeIiPvEEEERKT_ CODE
 0001:0000a590 00000023H .text$_ZNSt3__121__hash_const_iteratorIPNS_11__hash_nodeIiPvEEEC1B6v15007ERKNS_15__hash_iteratorIS4_EE CODE
 0001:0000a5c0 0000001dH .text$_ZNSt3__112__hash_tableIiNS_4hashIiEENS_8equal_toIiEENS_9allocatorIiEEE13hash_functionB6v15007Ev CODE
 0001:0000a5e0 00000017H .text$_ZNKSt3__14hashIiEclB6v15007Ei CODE
 0001:0000a600 00000021H .text$_ZNKSt3__112__hash_tableIiNS_4hashIiEENS_8equal_toIiEENS_9allocatorIiEEE12bucket_countB6v15007Ev CODE
 0001:0000a630 00000087H .text$_ZNSt3__116__constrain_hashB6v15007Eyy CODE
 0001:0000a6c0 0000002cH .text$_ZNKSt3__110unique_ptrIA_PNS_16__hash_node_baseIPNS_11__hash_nodeIiPvEEEENS_25__bucket_list_deallocatorINS_9allocatorIS7_EEEEEixB6v15007Ey CODE
 0001:0000a6f0 0000000fH .text$_ZNKSt3__116__hash_node_baseIPNS_11__hash_nodeIiPvEEE6__hashB6v15007Ev CODE
 0001:0000a700 0000001dH .text$_ZNSt3__112__hash_tableIiNS_4hashIiEENS_8equal_toIiEENS_9allocatorIiEEE6key_eqB6v15007Ev CODE
 0001:0000a720 0000002cH .text$_ZNKSt3__18equal_toIiEclB6v15007ERKiS3_ CODE
 0001:0000a750 00000019H .text$_ZNSt3__116__hash_node_baseIPNS_11__hash_nodeIiPvEEE8__upcastB6v15007Ev CODE
 0001:0000a770 0000002dH .text$_ZNSt3__115__hash_iteratorIPNS_11__hash_nodeIiPvEEEC1B6v15007EPNS_16__hash_node_baseIS4_EEPKv CODE
 0001:0000a7a0 00000026H .text$_ZNSt3__112__hash_tableIiNS_4hashIiEENS_8equal_toIiEENS_9allocatorIiEEE3endEv CODE
 0001:0000a7d0 00000019H .text$_ZNSt3__117__compressed_pairIyNS_4hashIiEEE6secondB6v15007Ev CODE
 0001:0000a7f0 0000000bH .text$_ZNSt3__122__compressed_pair_elemINS_4hashIiEELi1ELb1EE5__getB6v15007Ev CODE
 0001:0000a800 00000019H .text$_ZNKSt3__110unique_ptrIA_PNS_16__hash_node_baseIPNS_11__hash_nodeIiPvEEEENS_25__bucket_list_deallocatorINS_9allocatorIS7_EEEEE11get_deleterB6v15007Ev CODE
 0001:0000a820 0000001bH .text$_ZNKSt3__125__bucket_list_deallocatorINS_9allocatorIPNS_16__hash_node_baseIPNS_11__hash_nodeIiPvEEEEEEE4sizeB6v15007Ev CODE
 0001:0000a840 0000001dH .text$_ZNKSt3__117__compressed_pairIPPNS_16__hash_node_baseIPNS_11__hash_nodeIiPvEEEENS_25__bucket_list_deallocatorINS_9allocatorIS7_EEEEE6secondB6v15007Ev CODE
 0001:0000a860 0000000bH .text$_ZNKSt3__122__compressed_pair_elemINS_25__bucket_list_deallocatorINS_9allocatorIPNS_16__hash_node_baseIPNS_11__hash_nodeIiPvEEEEEEEELi1ELb0EE5__getB6v15007Ev CODE
 0001:0000a870 00000019H .text$_ZNKSt3__117__compressed_pairIyNS_9allocatorIPNS_16__hash_node_baseIPNS_11__hash_nodeIiPvEEEEEEE5firstB6v15007Ev CODE
 0001:0000a890 0000000bH .text$_ZNKSt3__122__compressed_pair_elemIyLi0ELb0EE5__getB6v15007Ev CODE
 0001:0000a8a0 00000019H .text$_ZNKSt3__117__compressed_pairIPPNS_16__hash_node_baseIPNS_11__hash_nodeIiPvEEEENS_25__bucket_list_deallocatorINS_9allocatorIS7_EEEEE5firstB6v15007Ev CODE
 0001:0000a8c0 0000000bH .text$_ZNKSt3__122__compressed_pair_elemIPPNS_16__hash_node_baseIPNS_11__hash_nodeIiPvEEEELi0ELb0EE5__getB6v15007Ev CODE
 0001:0000a8d0 00000019H .text$_ZNSt3__117__compressed_pairIfNS_8equal_toIiEEE6secondB6v15007Ev CODE
 0001:0000a8f0 0000000bH .text$_ZNSt3__122__compressed_pair_elemINS_8equal_toIiEELi1ELb1EE5__getB6v15007Ev CODE
 0001:0000a900 0000000bH .text$_ZNSt3__114pointer_traitsIPNS_16__hash_node_baseIPNS_11__hash_nodeIiPvEEEEE10pointer_toB6v15007ERS6_ CODE
 0001:0000a910 00000024H .text$_ZNSt3__115__hash_iteratorIPNS_11__hash_nodeIiPvEEEC2B6v15007EPNS_16__hash_node_baseIS4_EEPKv CODE
 0001:0000a940 00000021H .text$_ZNSt3__121__hash_const_iteratorIPNS_11__hash_nodeIiPvEEEC2B6v15007ERKNS_15__hash_iteratorIS4_EE CODE
 0001:0000a970 00000055H .text$_ZNSt3__16__treeIiNS_4lessIiEENS_9allocatorIiEEE15__insert_uniqueB6v15007ERKi CODE
 0001:0000a9d0 00000023H .text$_ZNSt3__14pairINS_21__tree_const_iteratorIiPNS_11__tree_nodeIiPvEExEEbEC1B6v15007INS_15__tree_iteratorIiS5_xEEbLS3_0EEEONS0_IT_T0_EE CODE
 0001:0000aa00 00000119H .text$_ZNSt3__16__treeIiNS_4lessIiEENS_9allocatorIiEEE25__emplace_unique_key_argsIiJRKiEEENS_4pairINS_15__tree_iteratorIiPNS_11__tree_nodeIiPvEExEEbEERKT_DpOT0_ CODE
 0001:0000ab20 00000047H .text$_ZNSt3__14pairINS_21__tree_const_iteratorIiPNS_11__tree_nodeIiPvEExEEbEC2B6v15007INS_15__tree_iteratorIiS5_xEEbLS3_0EEEONS0_IT_T0_EE CODE
 0001:0000ab70 00000055H .text$_ZNSt3__112__hash_tableIiNS_4hashIiEENS_8equal_toIiEENS_9allocatorIiEEE15__insert_uniqueB6v15007ERKi CODE
 0001:0000abd0 00000023H .text$_ZNSt3__14pairINS_21__hash_const_iteratorIPNS_11__hash_nodeIiPvEEEEbEC1B6v15007INS_15__hash_iteratorIS5_EEbLS3_0EEEONS0_IT_T0_EE CODE
 0001:0000ac00 0000068dH .text$_ZNSt3__112__hash_tableIiNS_4hashIiEENS_8equal_toIiEENS_9allocatorIiEEE25__emplace_unique_key_argsIiJRKiEEENS_4pairINS_15__hash_iteratorIPNS_11__hash_nodeIiPvEEEEbEERKT_DpOT0_ CODE
 0001:0000b290 0000000bH .text$_ZNSt3__122__hash_key_value_typesIiE9__get_keyB6v15007ERKi CODE
 0001:0000b2a0 00000182H .text$_ZNSt3__112__hash_tableIiNS_4hashIiEENS_8equal_toIiEENS_9allocatorIiEEE21__construct_node_hashIRKiJEEENS_10unique_ptrINS_11__hash_nodeIiPvEENS_22__hash_node_destructorINS5_ISE_EEEEEEyOT_DpOT0_ CODE
 0001:0000b430 0000001dH .text$_ZNSt3__112__hash_tableIiNS_4hashIiEENS_8equal_toIiEENS_9allocatorIiEEE4sizeB6v15007Ev CODE
 0001:0000b450 0000001dH .text$_ZNSt3__112__hash_tableIiNS_4hashIiEENS_8equal_toIiEENS_9allocatorIiEEE15max_load_factorB6v15007Ev CODE
 0001:0000b470 00000023H .text$_ZNSt3__112__hash_tableIiNS_4hashIiEENS_8equal_toIiEENS_9allocatorIiEEE15__rehash_uniqueB6v15007Ey CODE
 0001:0000b4a0 00000028H .text$_ZNSt3__13maxB6v15007IyEERKT_S3_S3_ CODE
 0001:0000b4d0 00000047H .text$_ZNSt3__116__is_hash_power2B6v15007Ey CODE
 0001:0000b520 0000001bH .text$_Z4ceilB6v15007f  CODE
 0001:0000b540 00000019H .text$_ZNSt3__117__compressed_pairINS_16__hash_node_baseIPNS_11__hash_nodeIiPvEEEENS_9allocatorIS4_EEE5firstB6v15007Ev CODE
 0001:0000b560 00000019H .text$_ZNSt3__116__hash_node_baseIPNS_11__hash_nodeIiPvEEE5__ptrB6v15007Ev CODE
 0001:0000b580 0000001bH .text$_ZNKSt3__110unique_ptrINS_11__hash_nodeIiPvEENS_22__hash_node_destructorINS_9allocatorIS3_EEEEEptB6v15007Ev CODE
 0001:0000b5a0 0000001bH .text$_ZNKSt3__110unique_ptrINS_11__hash_nodeIiPvEENS_22__hash_node_destructorINS_9allocatorIS3_EEEEE3getB6v15007Ev CODE
 0001:0000b5c0 0000003bH .text$_ZNSt3__110unique_ptrINS_11__hash_nodeIiPvEENS_22__hash_node_destructorINS_9allocatorIS3_EEEEE7releaseB6v15007Ev CODE
 0001:0000b600 00000019H .text$_ZNSt3__110unique_ptrINS_11__hash_nodeIiPvEENS_22__hash_node_destructorINS_9allocatorIS3_EEEEED1B6v15007Ev CODE
 0001:0000b620 0000002dH .text$_ZNSt3__14pairINS_15__hash_iteratorIPNS_11__hash_nodeIiPvEEEEbEC1B6v15007IS6_RbLS3_0EEEOT_OT0_ CODE
 0001:0000b650 0000001dH .text$_ZNSt3__112__hash_tableIiNS_4hashIiEENS_8equal_toIiEENS_9allocatorIiEEE12__node_allocB6v15007Ev CODE
 0001:0000b670 00000023H .text$_ZNSt3__116allocator_traitsINS_9allocatorINS_11__hash_nodeIiPvEEEEE8allocateB6v15007ERS5_y CODE
 0001:0000b6a0 00000035H .text$_ZNSt3__122__hash_node_destructorINS_9allocatorINS_11__hash_nodeIiPvEEEEEC1B6v15007ERS5_b CODE
 0001:0000b6e0 0000002dH .text$_ZNSt3__110unique_ptrINS_11__hash_nodeIiPvEENS_22__hash_node_destructorINS_9allocatorIS3_EEEEEC1B6v15007ILb1EvEEPS3_NS_16__dependent_typeINS_27__unique_ptr_deleter_sfinaeIS7_EEXT_EE20__good_rval_ref_typeE CODE
 0001:0000b710 0000002dH .text$_ZNSt3__116allocator_traitsINS_9allocatorINS_11__hash_nodeIiPvEEEEE9constructB6v15007IiJRKiEvEEvRS5_PT_DpOT0_ CODE
 0001:0000b740 0000000bH .text$_ZNSt3__122__hash_key_value_typesIiE9__get_ptrB6v15007ERi CODE
 0001:0000b750 00000019H .text$_ZNSt3__110unique_ptrINS_11__hash_nodeIiPvEENS_22__hash_node_destructorINS_9allocatorIS3_EEEEE11get_deleterB6v15007Ev CODE
 0001:0000b770 00000019H .text$_ZNSt3__117__compressed_pairINS_16__hash_node_baseIPNS_11__hash_nodeIiPvEEEENS_9allocatorIS4_EEE6secondB6v15007Ev CODE
 0001:0000b790 0000000bH .text$_ZNSt3__122__compressed_pair_elemINS_9allocatorINS_11__hash_nodeIiPvEEEELi1ELb1EE5__getB6v15007Ev CODE
 0001:0000b7a0 0000004eH .text$_ZNSt3__19allocatorINS_11__hash_nodeIiPvEEE8allocateB6v15007Ey CODE
 0001:0000b7f0 00000019H .text$_ZNSt3__116allocator_traitsINS_9allocatorINS_11__hash_nodeIiPvEEEEE8max_sizeB6v15007IS5_vEEyRKS5_ CODE
 0001:0000b810 00000011H .text$_ZNKSt3__19allocatorINS_11__hash_nodeIiPvEEE8max_sizeB6v15007Ev CODE
 0001:0000b830 00000033H .text$_ZNSt3__122__hash_node_destructorINS_9allocatorINS_11__hash_nodeIiPvEEEEEC2B6v15007ERS5_b CODE
 0001:0000b870 0000003aH .text$_ZNSt3__110unique_ptrINS_11__hash_nodeIiPvEENS_22__hash_node_destructorINS_9allocatorIS3_EEEEEC2B6v15007ILb1EvEEPS3_NS_16__dependent_typeINS_27__unique_ptr_deleter_sfinaeIS7_EEXT_EE20__good_rval_ref_typeE CODE
 0001:0000b8b0 0000002dH .text$_ZNSt3__117__compressed_pairIPNS_11__hash_nodeIiPvEENS_22__hash_node_destructorINS_9allocatorIS3_EEEEEC1B6v15007IRS4_S8_EEOT_OT0_ CODE
 0001:0000b8e0 00000040H .text$_ZNSt3__117__compressed_pairIPNS_11__hash_nodeIiPvEENS_22__hash_node_destructorINS_9allocatorIS3_EEEEEC2B6v15007IRS4_S8_EEOT_OT0_ CODE
 0001:0000b920 00000021H .text$_ZNSt3__122__compressed_pair_elemIPNS_11__hash_nodeIiPvEELi0ELb0EEC2B6v15007IRS4_vEEOT_ CODE
 0001:0000b950 00000029H .text$_ZNSt3__122__compressed_pair_elemINS_22__hash_node_destructorINS_9allocatorINS_11__hash_nodeIiPvEEEEEELi1ELb0EEC2B6v15007IS7_vEEOT_ CODE
 0001:0000b980 00000024H .text$_ZNSt3__19allocatorINS_11__hash_nodeIiPvEEE9constructB6v15007IiJRKiEEEvPT_DpOT0_ CODE
 0001:0000b9b0 0000001dH .text$_ZNSt3__117__compressed_pairIPNS_11__hash_nodeIiPvEENS_22__hash_node_destructorINS_9allocatorIS3_EEEEE6secondB6v15007Ev CODE
 0001:0000b9d0 0000000bH .text$_ZNSt3__122__compressed_pair_elemINS_22__hash_node_destructorINS_9allocatorINS_11__hash_nodeIiPvEEEEEELi1ELb0EE5__getB6v15007Ev CODE
 0001:0000b9e0 00000019H .text$_ZNSt3__117__compressed_pairIyNS_4hashIiEEE5firstB6v15007Ev CODE
 0001:0000ba00 00000019H .text$_ZNSt3__117__compressed_pairIfNS_8equal_toIiEEE5firstB6v15007Ev CODE
 0001:0000ba20 0000000bH .text$_ZNSt3__122__compressed_pair_elemIfLi0ELb0EE5__getB6v15007Ev CODE
 0001:0000ba30 00000255H .text$_ZNSt3__112__hash_tableIiNS_4hashIiEENS_8equal_toIiEENS_9allocatorIiEEE8__rehashILb1EEEvy CODE
 0001:0000bc90 000002c2H .text$_ZNSt3__112__hash_tableIiNS_4hashIiEENS_8equal_toIiEENS_9allocatorIiEEE11__do_rehashILb1EEEvy CODE
 0001:0000bf60 00000056H .text$_ZNSt3__116__next_hash_pow2B6v15007Ey CODE
 0001:0000bfc0 00000007H .text$_ZNSt3__125__debug_db_invalidate_allB6v15007INS_12__hash_tableIiNS_4hashIiEENS_8equal_toIiEENS_9allocatorIiEEEEEEvPT_ CODE
 0001:0000bfd0 00000019H .text$_ZNSt3__110unique_ptrIA_PNS_16__hash_node_baseIPNS_11__hash_nodeIiPvEEEENS_25__bucket_list_deallocatorINS_9allocatorIS7_EEEEE11get_deleterB6v15007Ev CODE
 0001:0000bff0 00000019H .text$_ZNSt3__125__bucket_list_deallocatorINS_9allocatorIPNS_16__hash_node_baseIPNS_11__hash_nodeIiPvEEEEEEE7__allocB6v15007Ev CODE
 0001:0000c010 0000006aH .text$_ZNSt3__110unique_ptrIA_PNS_16__hash_node_baseIPNS_11__hash_nodeIiPvEEEENS_25__bucket_list_deallocatorINS_9allocatorIS7_EEEEE5resetB6v15007IPS7_EENS_9enable_ifIXsr28_CheckArrayPointerConversionIT_EE5valueEvE4typeESH_ CODE
 0001:0000c080 00000023H .text$_ZNSt3__116allocator_traitsINS_9allocatorIPNS_16__hash_node_baseIPNS_11__hash_nodeIiPvEEEEEEE8allocateB6v15007ERS9_y CODE
 0001:0000c0b0 00000019H .text$_ZNSt3__125__bucket_list_deallocatorINS_9allocatorIPNS_16__hash_node_baseIPNS_11__hash_nodeIiPvEEEEEEE4sizeB6v15007Ev CODE
 0001:0000c0d0 0000001dH .text$_ZNSt3__117__compressed_pairIPPNS_16__hash_node_baseIPNS_11__hash_nodeIiPvEEEENS_25__bucket_list_deallocatorINS_9allocatorIS7_EEEEE6secondB6v15007Ev CODE
 0001:0000c0f0 0000000bH .text$_ZNSt3__122__compressed_pair_elemINS_25__bucket_list_deallocatorINS_9allocatorIPNS_16__hash_node_baseIPNS_11__hash_nodeIiPvEEEEEEEELi1ELb0EE5__getB6v15007Ev CODE
 0001:0000c100 00000019H .text$_ZNSt3__117__compressed_pairIyNS_9allocatorIPNS_16__hash_node_baseIPNS_11__hash_nodeIiPvEEEEEEE6secondB6v15007Ev CODE
 0001:0000c120 0000000bH .text$_ZNSt3__122__compressed_pair_elemINS_9allocatorIPNS_16__hash_node_baseIPNS_11__hash_nodeIiPvEEEEEELi1ELb1EE5__getB6v15007Ev CODE
 0001:0000c130 00000019H .text$_ZNSt3__117__compressed_pairIPPNS_16__hash_node_baseIPNS_11__hash_nodeIiPvEEEENS_25__bucket_list_deallocatorINS_9allocatorIS7_EEEEE5firstB6v15007Ev CODE
 0001:0000c150 0000004eH .text$_ZNSt3__125__bucket_list_deallocatorINS_9allocatorIPNS_16__hash_node_baseIPNS_11__hash_nodeIiPvEEEEEEEclB6v15007EPS8_ CODE
 0001:0000c1a0 0000000bH .text$_ZNSt3__122__compressed_pair_elemIPPNS_16__hash_node_baseIPNS_11__hash_nodeIiPvEEEELi0ELb0EE5__getB6v15007Ev CODE
 0001:0000c1b0 0000002dH .text$_ZNSt3__116allocator_traitsINS_9allocatorIPNS_16__hash_node_baseIPNS_11__hash_nodeIiPvEEEEEEE10deallocateB6v15007ERS9_PS8_y CODE
 0001:0000c1e0 0000003fH .text$_ZNSt3__19allocatorIPNS_16__hash_node_baseIPNS_11__hash_nodeIiPvEEEEE10deallocateB6v15007EPS7_y CODE
 0001:0000c220 00000051H .text$_ZNSt3__19allocatorIPNS_16__hash_node_baseIPNS_11__hash_nodeIiPvEEEEE8allocateB6v15007Ey CODE
 0001:0000c280 00000019H .text$_ZNSt3__116allocator_traitsINS_9allocatorIPNS_16__hash_node_baseIPNS_11__hash_nodeIiPvEEEEEEE8max_sizeB6v15007IS9_vEEyRKS9_ CODE
 0001:0000c2a0 00000011H .text$_ZNKSt3__19allocatorIPNS_16__hash_node_baseIPNS_11__hash_nodeIiPvEEEEE8max_sizeB6v15007Ev CODE
 0001:0000c2c0 00000019H .text$_ZNSt3__117__compressed_pairIyNS_9allocatorIPNS_16__hash_node_baseIPNS_11__hash_nodeIiPvEEEEEEE5firstB6v15007Ev CODE
 0001:0000c2e0 00000013H .text$_ZNSt3__112__libcpp_clzB6v15007Ey CODE
 0001:0000c300 00000057H .text$_ZNSt3__13maxB6v15007IyNS_6__lessIyyEEEERKT_S5_S5_T0_ CODE
 0001:0000c360 0000000bH .text$_ZNSt3__122__compressed_pair_elemINS_16__hash_node_baseIPNS_11__hash_nodeIiPvEEEELi0ELb0EE5__getB6v15007Ev CODE
 0001:0000c370 00000019H .text$_ZNKSt3__117__compressed_pairIPNS_11__hash_nodeIiPvEENS_22__hash_node_destructorINS_9allocatorIS3_EEEEE5firstB6v15007Ev CODE
 0001:0000c390 0000000bH .text$_ZNKSt3__122__compressed_pair_elemIPNS_11__hash_nodeIiPvEELi0ELb0EE5__getB6v15007Ev CODE
 0001:0000c3a0 00000019H .text$_ZNSt3__117__compressed_pairIPNS_11__hash_nodeIiPvEENS_22__hash_node_destructorINS_9allocatorIS3_EEEEE5firstB6v15007Ev CODE
 0001:0000c3c0 0000000bH .text$_ZNSt3__122__compressed_pair_elemIPNS_11__hash_nodeIiPvEELi0ELb0EE5__getB6v15007Ev CODE
 0001:0000c3d0 0000001dH .text$_ZNSt3__110unique_ptrINS_11__hash_nodeIiPvEENS_22__hash_node_destructorINS_9allocatorIS3_EEEEED2B6v15007Ev CODE
 0001:0000c3f0 0000006aH .text$_ZNSt3__110unique_ptrINS_11__hash_nodeIiPvEENS_22__hash_node_destructorINS_9allocatorIS3_EEEEE5resetB6v15007EPS3_ CODE
 0001:0000c460 00000087H .text$_ZNSt3__122__hash_node_destructorINS_9allocatorINS_11__hash_nodeIiPvEEEEEclB6v15007EPS4_ CODE
 0001:0000c4f0 00000012H .text$_ZNSt3__116allocator_traitsINS_9allocatorINS_11__hash_nodeIiPvEEEEE7destroyB6v15007IivvEEvRS5_PT_ CODE
 0001:0000c510 0000002dH .text$_ZNSt3__116allocator_traitsINS_9allocatorINS_11__hash_nodeIiPvEEEEE10deallocateB6v15007ERS5_PS4_y CODE
 0001:0000c540 00000043H .text$_ZNSt3__19allocatorINS_11__hash_nodeIiPvEEE10deallocateB6v15007EPS3_y CODE
 0001:0000c590 00000033H .text$_ZNSt3__14pairINS_15__hash_iteratorIPNS_11__hash_nodeIiPvEEEEbEC2B6v15007IS6_RbLS3_0EEEOT_OT0_ CODE
 0001:0000c5d0 0000003aH .text$_ZNSt3__14pairINS_21__hash_const_iteratorIPNS_11__hash_nodeIiPvEEEEbEC2B6v15007INS_15__hash_iteratorIS5_EEbLS3_0EEEONS0_IT_T0_EE CODE
 0001:0000c610 000000a0H .text$_ZNSt3__16__treeIiNS_4lessIiEENS_9allocatorIiEEE14__erase_uniqueIiEEyRKT_ CODE
 0001:0000c6b0 000000faH .text$_ZNSt3__16__treeIiNS_4lessIiEENS_9allocatorIiEEE4findIiEENS_15__tree_iteratorIiPNS_11__tree_nodeIiPvEExEERKT_ CODE
 0001:0000c7b0 00000029H .text$_ZNSt3__1eqB6v15007ERKNS_15__tree_iteratorIiPNS_11__tree_nodeIiPvEExEES7_ CODE
 0001:0000c7e0 00000092H .text$_ZNSt3__16__treeIiNS_4lessIiEENS_9allocatorIiEEE5eraseENS_21__tree_const_iteratorIiPNS_11__tree_nodeIiPvEExEE CODE
 0001:0000c880 0000009eH .text$_ZNSt3__16__treeIiNS_4lessIiEENS_9allocatorIiEEE13__lower_boundIiEENS_15__tree_iteratorIiPNS_11__tree_nodeIiPvEExEERKT_SB_PNS_15__tree_end_nodeIPNS_16__tree_node_baseIS9_EEEE CODE
 0001:0000c920 00000029H .text$_ZNSt3__1neB6v15007ERKNS_15__tree_iteratorIiPNS_11__tree_nodeIiPvEExEES7_ CODE
 0001:0000c950 0000001cH .text$_ZNKSt3__115__tree_iteratorIiPNS_11__tree_nodeIiPvEExEdeB6v15007Ev CODE
 0001:0000c970 0000000eH .text$_ZNKSt3__115__tree_iteratorIiPNS_11__tree_nodeIiPvEExE8__get_npB6v15007Ev CODE
 0001:0000c980 000000adH .text$_ZNSt3__16__treeIiNS_4lessIiEENS_9allocatorIiEEE21__remove_node_pointerEPNS_11__tree_nodeIiPvEE CODE
 0001:0000ca30 0000002bH .text$_ZNSt3__115__tree_iteratorIiPNS_11__tree_nodeIiPvEExEppB6v15007Ev CODE
 0001:0000ca60 0000068bH .text$_ZNSt3__113__tree_removeIPNS_16__tree_node_baseIPvEEEEvT_S5_ CODE
 0001:0000d0f0 0000007bH .text$_ZNSt3__116__tree_next_iterB6v15007IPNS_15__tree_end_nodeIPNS_16__tree_node_baseIPvEEEES5_EET_T0_ CODE
 0001:0000d170 00000029H .text$_ZNSt3__110__tree_minB6v15007IPNS_16__tree_node_baseIPvEEEET_S5_ CODE
 0001:0000d1a0 0000007cH .text$_ZNSt3__111__tree_nextIPNS_16__tree_node_baseIPvEEEET_S5_ CODE
 0001:0000d220 00000096H .text$_ZNSt3__112__hash_tableIiNS_4hashIiEENS_8equal_toIiEENS_9allocatorIiEEE14__erase_uniqueIiEEyRKT_ CODE
 0001:0000d2c0 00000029H .text$_ZNSt3__1eqB6v15007ERKNS_15__hash_iteratorIPNS_11__hash_nodeIiPvEEEES7_ CODE
 0001:0000d2f0 0000006dH .text$_ZNSt3__112__hash_tableIiNS_4hashIiEENS_8equal_toIiEENS_9allocatorIiEEE5eraseENS_21__hash_const_iteratorIPNS_11__hash_nodeIiPvEEEE CODE
 0001:0000d360 00000014H .text$_ZNSt3__115__hash_iteratorIPNS_11__hash_nodeIiPvEEEppB6v15007Ev CODE
 0001:0000d380 0000025dH .text$_ZNSt3__112__hash_tableIiNS_4hashIiEENS_8equal_toIiEENS_9allocatorIiEEE6removeENS_21__hash_const_iteratorIPNS_11__hash_nodeIiPvEEEE CODE
 0001:0000d5e0 0000001dH .text$_ZNKSt3__16__treeIiNS_4lessIiEENS_9allocatorIiEEE4sizeB6v15007Ev CODE
 0001:0000d600 00000019H .text$_ZNKSt3__117__compressed_pairIyNS_4lessIiEEE5firstB6v15007Ev CODE
 0001:0000d620 00000035H .text$_ZNSt3__113unordered_setIiNS_4hashIiEENS_8equal_toIiEENS_9allocatorIiEEEC2B6v15007Ev CODE
 0001:0000d660 00000019H .text$_ZNSt3__112__hash_tableIiNS_4hashIiEENS_8equal_toIiEENS_9allocatorIiEEEC1Ev CODE
 0001:0000d680 00000007H .text$_ZNSt3__119__debug_db_insert_cB6v15007INS_13unordered_setIiNS_4hashIiEENS_8equal_toIiEENS_9allocatorIiEEEEEEvPT_ CODE
 0001:0000d690 00000083H .text$_ZNSt3__112__hash_tableIiNS_4hashIiEENS_8equal_toIiEENS_9allocatorIiEEEC2Ev CODE
 0001:0000d720 00000019H .text$_ZNSt3__110unique_ptrIA_PNS_16__hash_node_baseIPNS_11__hash_nodeIiPvEEEENS_25__bucket_list_deallocatorINS_9allocatorIS7_EEEEEC1B6v15007ILb1EvEEv CODE
 0001:0000d740 00000019H .text$_ZNSt3__117__compressed_pairINS_16__hash_node_baseIPNS_11__hash_nodeIiPvEEEENS_9allocatorIS4_EEEC1B6v15007ILb1EvEEv CODE
 0001:0000d760 0000002dH .text$_ZNSt3__117__compressed_pairIyNS_4hashIiEEEC1B6v15007IiNS_18__default_init_tagEEEOT_OT0_ CODE
 0001:0000d790 0000002dH .text$_ZNSt3__117__compressed_pairIfNS_8equal_toIiEEEC1B6v15007IfNS_18__default_init_tagEEEOT_OT0_ CODE
 0001:0000d7c0 00000030H .text$_ZNSt3__110unique_ptrIA_PNS_16__hash_node_baseIPNS_11__hash_nodeIiPvEEEENS_25__bucket_list_deallocatorINS_9allocatorIS7_EEEEEC2B6v15007ILb1EvEEv CODE
 0001:0000d7f0 0000002dH .text$_ZNSt3__117__compressed_pairIPPNS_16__hash_node_baseIPNS_11__hash_nodeIiPvEEEENS_25__bucket_list_deallocatorINS_9allocatorIS7_EEEEEC1B6v15007INS_16__value_init_tagESF_EEOT_OT0_ CODE
 0001:0000d820 0000003eH .text$_ZNSt3__117__compressed_pairIPPNS_16__hash_node_baseIPNS_11__hash_nodeIiPvEEEENS_25__bucket_list_deallocatorINS_9allocatorIS7_EEEEEC2B6v15007INS_16__value_init_tagESF_EEOT_OT0_ CODE
 0001:0000d860 0000001cH .text$_ZNSt3__122__compressed_pair_elemIPPNS_16__hash_node_baseIPNS_11__hash_nodeIiPvEEEELi0ELb0EEC2B6v15007ENS_16__value_init_tagE CODE
 0001:0000d880 0000001dH .text$_ZNSt3__122__compressed_pair_elemINS_25__bucket_list_deallocatorINS_9allocatorIPNS_16__hash_node_baseIPNS_11__hash_nodeIiPvEEEEEEEELi1ELb0EEC2B6v15007ENS_16__value_init_tagE CODE
 0001:0000d8a0 00000019H .text$_ZNSt3__125__bucket_list_deallocatorINS_9allocatorIPNS_16__hash_node_baseIPNS_11__hash_nodeIiPvEEEEEEEC1B6v15007Ev CODE
 0001:0000d8c0 00000038H .text$_ZNSt3__125__bucket_list_deallocatorINS_9allocatorIPNS_16__hash_node_baseIPNS_11__hash_nodeIiPvEEEEEEEC2B6v15007Ev CODE
 0001:0000d900 0000002dH .text$_ZNSt3__117__compressed_pairIyNS_9allocatorIPNS_16__hash_node_baseIPNS_11__hash_nodeIiPvEEEEEEEC1B6v15007IiNS_18__default_init_tagEEEOT_OT0_ CODE
 0001:0000d930 0000003bH .text$_ZNSt3__117__compressed_pairIyNS_9allocatorIPNS_16__hash_node_baseIPNS_11__hash_nodeIiPvEEEEEEEC2B6v15007IiNS_18__default_init_tagEEEOT_OT0_ CODE
 0001:0000d970 0000001dH .text$_ZNSt3__122__compressed_pair_elemINS_9allocatorIPNS_16__hash_node_baseIPNS_11__hash_nodeIiPvEEEEEELi1ELb1EEC2B6v15007ENS_18__default_init_tagE CODE
 0001:0000d990 00000019H .text$_ZNSt3__19allocatorIPNS_16__hash_node_baseIPNS_11__hash_nodeIiPvEEEEEC2B6v15007Ev CODE
 0001:0000d9b0 00000007H .text$_ZNSt3__116__non_trivial_ifILb1ENS_9allocatorIPNS_16__hash_node_baseIPNS_11__hash_nodeIiPvEEEEEEEC2B6v15007Ev CODE
 0001:0000d9c0 00000030H .text$_ZNSt3__117__compressed_pairINS_16__hash_node_baseIPNS_11__hash_nodeIiPvEEEENS_9allocatorIS4_EEEC2B6v15007ILb1EvEEv CODE
 0001:0000d9f0 0000001dH .text$_ZNSt3__122__compressed_pair_elemINS_16__hash_node_baseIPNS_11__hash_nodeIiPvEEEELi0ELb0EEC2B6v15007ENS_16__value_init_tagE CODE
 0001:0000da10 0000001dH .text$_ZNSt3__122__compressed_pair_elemINS_9allocatorINS_11__hash_nodeIiPvEEEELi1ELb1EEC2B6v15007ENS_16__value_init_tagE CODE
 0001:0000da30 00000019H .text$_ZNSt3__116__hash_node_baseIPNS_11__hash_nodeIiPvEEEC1B6v15007Ev CODE
 0001:0000da50 00000012H .text$_ZNSt3__116__hash_node_baseIPNS_11__hash_nodeIiPvEEEC2B6v15007Ev CODE
 0001:0000da70 00000019H .text$_ZNSt3__19allocatorINS_11__hash_nodeIiPvEEEC2B6v15007Ev CODE
 0001:0000da90 00000007H .text$_ZNSt3__116__non_trivial_ifILb1ENS_9allocatorINS_11__hash_nodeIiPvEEEEEC2B6v15007Ev CODE
 0001:0000daa0 0000003bH .text$_ZNSt3__117__compressed_pairIyNS_4hashIiEEEC2B6v15007IiNS_18__default_init_tagEEEOT_OT0_ CODE
 0001:0000dae0 00000011H .text$_ZNSt3__122__compressed_pair_elemINS_4hashIiEELi1ELb1EEC2B6v15007ENS_18__default_init_tagE CODE
 0001:0000db00 0000003bH .text$_ZNSt3__117__compressed_pairIfNS_8equal_toIiEEEC2B6v15007IfNS_18__default_init_tagEEEOT_OT0_ CODE
 0001:0000db40 00000023H .text$_ZNSt3__122__compressed_pair_elemIfLi0ELb0EEC2B6v15007IfvEEOT_ CODE
 0001:0000db70 00000011H .text$_ZNSt3__122__compressed_pair_elemINS_8equal_toIiEELi1ELb1EEC2B6v15007ENS_18__default_init_tagE CODE
 0001:0000db90 00000019H .text$_ZNSt3__113unordered_setIiNS_4hashIiEENS_8equal_toIiEENS_9allocatorIiEEED2B6v15007Ev CODE
 0001:0000dbb0 00000019H .text$_ZNSt3__112__hash_tableIiNS_4hashIiEENS_8equal_toIiEENS_9allocatorIiEEED1Ev CODE
 0001:0000dbd0 00000051H .text$_ZNSt3__112__hash_tableIiNS_4hashIiEENS_8equal_toIiEENS_9allocatorIiEEED2Ev CODE
 0001:0000dc30 00000093H .text$_ZNSt3__112__hash_tableIiNS_4hashIiEENS_8equal_toIiEENS_9allocatorIiEEE17__deallocate_nodeEPNS_16__hash_node_baseIPNS_11__hash_nodeIiPvEEEE CODE
 0001:0000dcd0 00000007H .text$_ZNSt3__118__debug_db_erase_cB6v15007INS_12__hash_tableIiNS_4hashIiEENS_8equal_toIiEENS_9allocatorIiEEEEEEvPT_ CODE
 0001:0000dce0 00000019H .text$_ZNSt3__110unique_ptrIA_PNS_16__hash_node_baseIPNS_11__hash_nodeIiPvEEEENS_25__bucket_list_deallocatorINS_9allocatorIS7_EEEEED1B6v15007Ev CODE
 0001:0000dd00 0000001dH .text$_ZNSt3__110unique_ptrIA_PNS_16__hash_node_baseIPNS_11__hash_nodeIiPvEEEENS_25__bucket_list_deallocatorINS_9allocatorIS7_EEEEED2B6v15007Ev CODE
 0001:0000dd20 0000005fH .text$_ZNSt3__110unique_ptrIA_PNS_16__hash_node_baseIPNS_11__hash_nodeIiPvEEEENS_25__bucket_list_deallocatorINS_9allocatorIS7_EEEEE5resetB6v15007EDn CODE
 0001:0000dd80 000000f5H .text$_ZNSt3__16vectorIiNS_9allocatorIiEEEC2EyRKi CODE
 0001:0000de80 0000002dH .text$_ZNSt3__117__compressed_pairIPiNS_9allocatorIiEEEC1B6v15007IDnNS_18__default_init_tagEEEOT_OT0_ CODE
 0001:0000deb0 00000034H .text$_ZNSt3__118__make_transactionB6v15007INS_6vectorIiNS_9allocatorIiEEE16__destroy_vectorEEENS_13__transactionIT_EES7_ CODE
 0001:0000def0 00000023H .text$_ZNSt3__16vectorIiNS_9allocatorIiEEE16__destroy_vectorC1ERS3_ CODE
 0001:0000df20 00000007H .text$_ZNSt3__119__debug_db_insert_cB6v15007INS_6vectorIiNS_9allocatorIiEEEEEEvPT_ CODE
 0001:0000df30 000000a9H .text$_ZNSt3__16vectorIiNS_9allocatorIiEEE11__vallocateB6v15007Ey CODE
 0001:0000dfe0 000000e1H .text$_ZNSt3__16vectorIiNS_9allocatorIiEEE18__construct_at_endEyRKi CODE
 0001:0000e0d0 0000000fH .text$_ZNSt3__113__transactionINS_6vectorIiNS_9allocatorIiEEE16__destroy_vectorEE10__completeB6v15007Ev CODE
 0001:0000e0e0 00000019H .text$_ZNSt3__113__transactionINS_6vectorIiNS_9allocatorIiEEE16__destroy_vectorEED1B6v15007Ev CODE
 0001:0000e100 0000003bH .text$_ZNSt3__117__compressed_pairIPiNS_9allocatorIiEEEC2B6v15007IDnNS_18__default_init_tagEEEOT_OT0_ CODE
 0001:0000e140 0000001eH .text$_ZNSt3__122__compressed_pair_elemIPiLi0ELb0EEC2B6v15007IDnvEEOT_ CODE
 0001:0000e160 0000001dH .text$_ZNSt3__122__compressed_pair_elemINS_9allocatorIiEELi1ELb1EEC2B6v15007ENS_18__default_init_tagE CODE
 0001:0000e180 00000019H .text$_ZNSt3__19allocatorIiEC2B6v15007Ev CODE
 0001:0000e1a0 00000007H .text$_ZNSt3__116__non_trivial_ifILb1ENS_9allocatorIiEEEC2B6v15007Ev CODE
 0001:0000e1b0 00000023H .text$_ZNSt3__113__transactionINS_6vectorIiNS_9allocatorIiEEE16__destroy_vectorEEC1B6v15007ES5_ CODE
 0001:0000e1e0 00000022H .text$_ZNSt3__113__transactionINS_6vectorIiNS_9allocatorIiEEE16__destroy_vectorEEC2B6v15007ES5_ CODE
 0001:0000e210 0000001eH .text$_ZNSt3__16vectorIiNS_9allocatorIiEEE16__destroy_vectorC2ERS3_ CODE
 0001:0000e230 00000059H .text$_ZNKSt3__16vectorIiNS_9allocatorIiEEE8max_sizeEv CODE
 0001:0000e290 00000016H .text$_ZNKSt3__16vectorIiNS_9allocatorIiEEE20__throw_length_errorB6v15007Ev CODE
 0001:0000e2b0 0000004dH .text$_ZNSt3__119__allocate_at_leastB6v15007INS_9allocatorIiEEEENS_19__allocation_resultINS_16allocator_traitsIT_E7pointerEEERS5_y CODE
 0001:0000e300 0000001dH .text$_ZNSt3__16vectorIiNS_9allocatorIiEEE7__allocB6v15007Ev CODE
 0001:0000e320 0000001dH .text$_ZNSt3__16vectorIiNS_9allocatorIiEEE9__end_capB6v15007Ev CODE
 0001:0000e340 000000b6H .text$_ZNKSt3__16vectorIiNS_9allocatorIiEEE14__annotate_newB6v15007Ey CODE
 0001:0000e400 00000019H .text$_ZNSt3__116allocator_traitsINS_9allocatorIiEEE8max_sizeB6v15007IS2_vEEyRKS2_ CODE
 0001:0000e420 0000001dH .text$_ZNKSt3__16vectorIiNS_9allocatorIiEEE7__allocB6v15007Ev CODE
 0001:0000e440 00000011H .text$_ZNKSt3__19allocatorIiE8max_sizeB6v15007Ev CODE
 0001:0000e460 00000019H .text$_ZNKSt3__117__compressed_pairIPiNS_9allocatorIiEEE6secondB6v15007Ev CODE
 0001:0000e480 0000000bH .text$_ZNKSt3__122__compressed_pair_elemINS_9allocatorIiEELi1ELb1EE5__getB6v15007Ev CODE
 0001:0000e490 00000051H .text$_ZNSt3__19allocatorIiE8allocateB6v15007Ey CODE
 0001:0000e4f0 00000019H .text$_ZNSt3__117__compressed_pairIPiNS_9allocatorIiEEE6secondB6v15007Ev CODE
 0001:0000e510 0000000bH .text$_ZNSt3__122__compressed_pair_elemINS_9allocatorIiEELi1ELb1EE5__getB6v15007Ev CODE
 0001:0000e520 00000019H .text$_ZNSt3__117__compressed_pairIPiNS_9allocatorIiEEE5firstB6v15007Ev CODE
 0001:0000e540 0000000bH .text$_ZNSt3__122__compressed_pair_elemIPiLi0ELb0EE5__getB6v15007Ev CODE
 0001:0000e550 00000021H .text$_ZNKSt3__16vectorIiNS_9allocatorIiEEE31__annotate_contiguous_containerB6v15007EPKvS5_S5_S5_ CODE
 0001:0000e580 0000001cH .text$_ZNKSt3__16vectorIiNS_9allocatorIiEEE4dataB6v15007Ev CODE
 0001:0000e5a0 0000002fH .text$_ZNKSt3__16vectorIiNS_9allocatorIiEEE8capacityB6v15007Ev CODE
 0001:0000e5d0 0000000bH .text$_ZNSt3__112__to_addressB6v15007IiEEPT_S2_ CODE
 0001:0000e5e0 0000001dH .text$_ZNKSt3__16vectorIiNS_9allocatorIiEEE9__end_capB6v15007Ev CODE
 0001:0000e600 00000019H .text$_ZNKSt3__117__compressed_pairIPiNS_9allocatorIiEEE5firstB6v15007Ev CODE
 0001:0000e620 0000000bH .text$_ZNKSt3__122__compressed_pair_elemIPiLi0ELb0EE5__getB6v15007Ev CODE
 0001:0000e630 0000002dH .text$_ZNSt3__16vectorIiNS_9allocatorIiEEE21_ConstructTransactionC1ERS3_y CODE
 0001:0000e660 0000002dH .text$_ZNSt3__116allocator_traitsINS_9allocatorIiEEE9constructB6v15007IiJRKiEvEEvRS2_PT_DpOT0_ CODE
 0001:0000e690 00000019H .text$_ZNSt3__16vectorIiNS_9allocatorIiEEE21_ConstructTransactionD1Ev CODE
 0001:0000e6b0 00000049H .text$_ZNSt3__16vectorIiNS_9allocatorIiEEE21_ConstructTransactionC2ERS3_y CODE
 0001:0000e700 00000024H .text$_ZNSt3__19allocatorIiE9constructB6v15007IiJRKiEEEvPT_DpOT0_ CODE
 0001:0000e730 00000016H .text$_ZNSt3__16vectorIiNS_9allocatorIiEEE21_ConstructTransactionD2Ev CODE
 0001:0000e750 0000003fH .text$_ZNSt3__113__transactionINS_6vectorIiNS_9allocatorIiEEE16__destroy_vectorEED2B6v15007Ev CODE
 0001:0000e790 0000008cH .text$_ZNSt3__16vectorIiNS_9allocatorIiEEE16__destroy_vectorclB6v15007Ev CODE
 0001:0000e820 000000c3H .text$_ZNKSt3__16vectorIiNS_9allocatorIiEEE17__annotate_deleteB6v15007Ev CODE
 0001:0000e8f0 00000007H .text$_ZNSt3__118__debug_db_erase_cB6v15007INS_6vectorIiNS_9allocatorIiEEEEEEvPT_ CODE
 0001:0000e900 0000001cH .text$_ZNSt3__16vectorIiNS_9allocatorIiEEE7__clearB6v15007Ev CODE
 0001:0000e920 0000002dH .text$_ZNSt3__116allocator_traitsINS_9allocatorIiEEE10deallocateB6v15007ERS2_Piy CODE
 0001:0000e950 00000019H .text$_ZNKSt3__16vectorIiNS_9allocatorIiEEE4sizeB6v15007Ev CODE
 0001:0000e970 00000086H .text$_ZNSt3__16vectorIiNS_9allocatorIiEEE22__base_destruct_at_endB6v15007EPi CODE
 0001:0000ea00 00000023H .text$_ZNSt3__116allocator_traitsINS_9allocatorIiEEE7destroyB6v15007IivEEvRS2_PT_ CODE
 0001:0000ea30 00000012H .text$_ZNSt3__19allocatorIiE7destroyB6v15007EPi CODE
 0001:0000ea50 0000003fH .text$_ZNSt3__19allocatorIiE10deallocateB6v15007EPiy CODE
 0001:0000ea90 0000003aH .text$_ZNSt3__16vectorIiNS_9allocatorIiEEED2B6v15007Ev CODE
 0001:0000ead0 000000f5H .text$_ZNSt3__16vectorINS0_IiNS_9allocatorIiEEEENS1_IS3_EEEC2EyRKS3_ CODE
 0001:0000ebd0 0000002dH .text$_ZNSt3__117__compressed_pairIPNS_6vectorIiNS_9allocatorIiEEEENS2_IS4_EEEC1B6v15007IDnNS_18__default_init_tagEEEOT_OT0_ CODE
 0001:0000ec00 00000034H .text$_ZNSt3__118__make_transactionB6v15007INS_6vectorINS1_IiNS_9allocatorIiEEEENS2_IS4_EEE16__destroy_vectorEEENS_13__transactionIT_EES9_ CODE
 0001:0000ec40 00000023H .text$_ZNSt3__16vectorINS0_IiNS_9allocatorIiEEEENS1_IS3_EEE16__destroy_vectorC1ERS5_ CODE
 0001:0000ec70 00000007H .text$_ZNSt3__119__debug_db_insert_cB6v15007INS_6vectorINS1_IiNS_9allocatorIiEEEENS2_IS4_EEEEEEvPT_ CODE
 0001:0000ec80 000000a6H .text$_ZNSt3__16vectorINS0_IiNS_9allocatorIiEEEENS1_IS3_EEE11__vallocateB6v15007Ey CODE
 0001:0000ed30 000000e1H .text$_ZNSt3__16vectorINS0_IiNS_9allocatorIiEEEENS1_IS3_EEE18__construct_at_endEyRKS3_ CODE
 0001:0000ee20 0000000fH .text$_ZNSt3__113__transactionINS_6vectorINS1_IiNS_9allocatorIiEEEENS2_IS4_EEE16__destroy_vectorEE10__completeB6v15007Ev CODE
 0001:0000ee30 00000019H .text$_ZNSt3__113__transactionINS_6vectorINS1_IiNS_9allocatorIiEEEENS2_IS4_EEE16__destroy_vectorEED1B6v15007Ev CODE
 0001:0000ee50 0000003bH .text$_ZNSt3__117__compressed_pairIPNS_6vectorIiNS_9allocatorIiEEEENS2_IS4_EEEC2B6v15007IDnNS_18__default_init_tagEEEOT_OT0_ CODE
 0001:0000ee90 0000001eH .text$_ZNSt3__122__compressed_pair_elemIPNS_6vectorIiNS_9allocatorIiEEEELi0ELb0EEC2B6v15007IDnvEEOT_ CODE
 0001:0000eeb0 0000001dH .text$_ZNSt3__122__compressed_pair_elemINS_9allocatorINS_6vectorIiNS1_IiEEEEEELi1ELb1EEC2B6v15007ENS_18__default_init_tagE CODE
 0001:0000eed0 00000019H .text$_ZNSt3__19allocatorINS_6vectorIiNS0_IiEEEEEC2B6v15007Ev CODE
 0001:0000eef0 00000007H .text$_ZNSt3__116__non_trivial_ifILb1ENS_9allocatorINS_6vectorIiNS1_IiEEEEEEEC2B6v15007Ev CODE
 0001:0000ef00 00000023H .text$_ZNSt3__113__transactionINS_6vectorINS1_IiNS_9allocatorIiEEEENS2_IS4_EEE16__destroy_vectorEEC1B6v15007ES7_ CODE
 0001:0000ef30 00000022H .text$_ZNSt3__113__transactionINS_6vectorINS1_IiNS_9allocatorIiEEEENS2_IS4_EEE16__destroy_vectorEEC2B6v15007ES7_ CODE
 0001:0000ef60 0000001eH .text$_ZNSt3__16vectorINS0_IiNS_9allocatorIiEEEENS1_IS3_EEE16__destroy_vectorC2ERS5_ CODE
 0001:0000ef80 00000059H .text$_ZNKSt3__16vectorINS0_IiNS_9allocatorIiEEEENS1_IS3_EEE8max_sizeEv CODE
 0001:0000efe0 00000016H .text$_ZNKSt3__16vectorINS0_IiNS_9allocatorIiEEEENS1_IS3_EEE20__throw_length_errorB6v15007Ev CODE
 0001:0000f000 0000004dH .text$_ZNSt3__119__allocate_at_leastB6v15007INS_9allocatorINS_6vectorIiNS1_IiEEEEEEEENS_19__allocation_resultINS_16allocator_traitsIT_E7pointerEEERS8_y CODE
 0001:0000f050 0000001dH .text$_ZNSt3__16vectorINS0_IiNS_9allocatorIiEEEENS1_IS3_EEE7__allocB6v15007Ev CODE
 0001:0000f070 0000001dH .text$_ZNSt3__16vectorINS0_IiNS_9allocatorIiEEEENS1_IS3_EEE9__end_capB6v15007Ev CODE
 0001:0000f090 000000b3H .text$_ZNKSt3__16vectorINS0_IiNS_9allocatorIiEEEENS1_IS3_EEE14__annotate_newB6v15007Ey CODE
 0001:0000f150 00000019H .text$_ZNSt3__116allocator_traitsINS_9allocatorINS_6vectorIiNS1_IiEEEEEEE8max_sizeB6v15007IS5_vEEyRKS5_ CODE
 0001:0000f170 0000001dH .text$_ZNKSt3__16vectorINS0_IiNS_9allocatorIiEEEENS1_IS3_EEE7__allocB6v15007Ev CODE
 0001:0000f190 00000011H .text$_ZNKSt3__19allocatorINS_6vectorIiNS0_IiEEEEE8max_sizeB6v15007Ev CODE
 0001:0000f1b0 00000019H .text$_ZNKSt3__117__compressed_pairIPNS_6vectorIiNS_9allocatorIiEEEENS2_IS4_EEE6secondB6v15007Ev CODE
 0001:0000f1d0 0000000bH .text$_ZNKSt3__122__compressed_pair_elemINS_9allocatorINS_6vectorIiNS1_IiEEEEEELi1ELb1EE5__getB6v15007Ev CODE
 0001:0000f1e0 0000004eH .text$_ZNSt3__19allocatorINS_6vectorIiNS0_IiEEEEE8allocateB6v15007Ey CODE
 0001:0000f230 00000019H .text$_ZNSt3__117__compressed_pairIPNS_6vectorIiNS_9allocatorIiEEEENS2_IS4_EEE6secondB6v15007Ev CODE
 0001:0000f250 0000000bH .text$_ZNSt3__122__compressed_pair_elemINS_9allocatorINS_6vectorIiNS1_IiEEEEEELi1ELb1EE5__getB6v15007Ev CODE
 0001:0000f260 00000019H .text$_ZNSt3__117__compressed_pairIPNS_6vectorIiNS_9allocatorIiEEEENS2_IS4_EEE5firstB6v15007Ev CODE
 0001:0000f280 0000000bH .text$_ZNSt3__122__compressed_pair_elemIPNS_6vectorIiNS_9allocatorIiEEEELi0ELb0EE5__getB6v15007Ev CODE
 0001:0000f290 00000021H .text$_ZNKSt3__16vectorINS0_IiNS_9allocatorIiEEEENS1_IS3_EEE31__annotate_contiguous_containerB6v15007EPKvS7_S7_S7_ CODE
 0001:0000f2c0 0000001cH .text$_ZNKSt3__16vectorINS0_IiNS_9allocatorIiEEEENS1_IS3_EEE4dataB6v15007Ev CODE
 0001:0000f2e0 00000035H .text$_ZNKSt3__16vectorINS0_IiNS_9allocatorIiEEEENS1_IS3_EEE8capacityB6v15007Ev CODE
 0001:0000f320 0000000bH .text$_ZNSt3__112__to_addressB6v15007INS_6vectorIiNS_9allocatorIiEEEEEEPT_S6_ CODE
 0001:0000f330 0000001dH .text$_ZNKSt3__16vectorINS0_IiNS_9allocatorIiEEEENS1_IS3_EEE9__end_capB6v15007Ev CODE
 0001:0000f350 00000019H .text$_ZNKSt3__117__compressed_pairIPNS_6vectorIiNS_9allocatorIiEEEENS2_IS4_EEE5firstB6v15007Ev CODE
 0001:0000f370 0000000bH .text$_ZNKSt3__122__compressed_pair_elemIPNS_6vectorIiNS_9allocatorIiEEEELi0ELb0EE5__getB6v15007Ev CODE
 0001:0000f380 0000002dH .text$_ZNSt3__16vectorINS0_IiNS_9allocatorIiEEEENS1_IS3_EEE21_ConstructTransactionC1ERS5_y CODE
[...]
 0002:00011bac       $unwind$_ZN6System8Internal7Initcpp15InitializeUnitsEPNS1_20TUnitDescriptorBlockES3_ 0000000140032bac     rtl:System.Internal.InitCPP.o
 0002:00011bb8       $unwind$_ZN6System8Internal7Initcpp13FinalizeUnitsEPNS1_20TUnitDescriptorBlockES3_ 0000000140032bb8     rtl:System.Internal.InitCPP.o
 0002:00011bc0       $unwind$_ZN6System8Internal7Initcpp15InitializeUnitsEPPNS1_20TUnitDescriptorBlockES4_ 0000000140032bc0     rtl:System.Internal.InitCPP.o
 0002:00011bcc       $unwind$_ZN6System8Internal7Initcpp13FinalizeUnitsEPPNS1_20TUnitDescriptorBlockES4_ 0000000140032bcc     rtl:System.Internal.InitCPP.o
 0002:00011bd4       $unwind$_ZN6System8Internal7Initcpp15InitializeUnitsEPNS1_15TUnitDescriptorES3_ 0000000140032bd4     rtl:System.Internal.InitCPP.o
 0002:00011bdc       $unwind$_ZN6System8Internal7Initcpp13FinalizeUnitsEPNS1_15TUnitDescriptorES3_ 0000000140032bdc     rtl:System.Internal.InitCPP.o
 0002:00011be4       $unwind$_ZN6System8Internal7Initcpp15CalculateDegreeEPNS1_20TUnitDescriptorBlockES3_ 0000000140032be4     rtl:System.Internal.InitCPP.o
 0002:00011be8       $unwind$_ZN6System8Internal7Initcpp15CalculateDegreeEPPNS1_20TUnitDescriptorBlockES4_ 0000000140032be8     rtl:System.Internal.InitCPP.o
 0002:00011bec       $unwind$_ZN6System8Internal7Initcpp16FinalizeUnitListEPPPNS1_15TUnitDescriptorES5_ 0000000140032bec     rtl:System.Internal.InitCPP.o
 0002:00011c28       $unwind$_ZN6System8Internal7Initcpp18InitializeRootUnitEPNS1_15TUnitDescriptorE 0000000140032c28     rtl:System.Internal.InitCPP.o
 0002:00011cdc       $unwind$_ZN6System8Internal7Initcpp16FinalizeRootUnitEPNS1_15TUnitDescriptorE 0000000140032cdc     rtl:System.Internal.InitCPP.o
 0002:00011d18       $unwind$_ZN6System8Internal7Initcpp12FinalizationEv 0000000140032d18     rtl:System.Internal.InitCPP.o
 0002:00011d1c       $unwind$_ZN6System8Internal7Initcpp14initializationEv 0000000140032d1c     rtl:System.Internal.InitCPP.o
 0004:00000000       version_string             0000000140034000     crtbegin.o
 0004:000000e8       _ZN7Sysinit6ModuleE        00000001400340e8     sysinit.o
 0004:00000120       _ZN7Sysinit7TlsProcE       0000000140034120     sysinit.o
 0004:00000140       _ZN7Sysinit21_dtors_delayhlp_65535E 0000000140034140     sysinit.o
 0004:00000160       initial_tznames            0000000140034160     libucrt:lib64_libucrt_extra_a-ucrtbase_compat.o
 0004:00000178       initial_timezone           0000000140034178     libucrt:lib64_libucrt_extra_a-ucrtbase_compat.o
 0004:00000188       initial_daylight           0000000140034188     libucrt:lib64_libucrt_extra_a-ucrtbase_compat.o
 0004:000001c8       initial_tzname0            00000001400341c8     libucrt:lib64_libucrt_extra_a-ucrtbase_compat.o
 0004:000001cc       initial_tzname1            00000001400341cc     libucrt:lib64_libucrt_extra_a-ucrtbase_compat.o
 0004:000001e0       __do_global_dtors.p        00000001400341e0     libmingw32:lib64_libmingw32_a-gccmain.o
 0004:00000218       _ZZN6System19CheckSafecallResultElE13__init_comobj 0000000140034218     rtle:syssupp.o
 0004:0000023c       managedapp                 000000014003423c     crt2u.o
 0004:00000240       startinfo                  0000000140034240     crt2u.o
 0004:00000244       argc                       0000000140034244     crt2u.o
 0004:00000248       argv                       0000000140034248     crt2u.o
 0004:00000250       envp                       0000000140034250     crt2u.o
 0004:00000258       argret                     0000000140034258     crt2u.o
 0004:0000025c       has_cctor                  000000014003425c     crt2u.o
 0004:00000260       mainret                    0000000140034260     crt2u.o
 0004:000002a8       _ZN7Sysinit2_1E            00000001400342a8     sysinit.o
 0004:000002b0       _ZN7Sysinit9tlsBufferE     00000001400342b0     sysinit.o
 0004:000002b8       _ZN7Sysinit9UseTlsAPIE     00000001400342b8     sysinit.o
 0004:000002c0       .bss.delayhlp              00000001400342c0     sysinit.o
 0004:000002c0       ..__puiHead                00000001400342c0     sysinit.o
 0004:000002f8       local__initenv             00000001400342f8     libucrt:lib64_libucrt_extra_a-__initenv.o
 0004:00000300       local__winitenv            0000000140034300     libucrt:lib64_libucrt_extra_a-__initenv.o
 0004:00000308       initialized                0000000140034308     libmingw32:lib64_libmingw32_a-gccmain.o
 0004:00000340       _pei386_runtime_relocator.was_init 0000000140034340     libmingw32:lib64_libmingw32_a-pseudo-reloc.o
 0004:00000348       the_secs                   0000000140034348     libmingw32:lib64_libmingw32_a-pseudo-reloc.o
 0004:00000350       maxSections                0000000140034350     libmingw32:lib64_libmingw32_a-pseudo-reloc.o
 0004:00000358       stUserMathErr              0000000140034358     libmingw32:lib64_libmingw32_a-usermatherr.o
 0004:00000378       __mingwthr_cs_init         0000000140034378     libmingw32:lib64_libmingw32_a-tlsthrd.o
 0004:00000380       __mingwthr_cs              0000000140034380     libmingw32:lib64_libmingw32_a-tlsthrd.o
 0004:000003a8       key_dtor_list              00000001400343a8     libmingw32:lib64_libmingw32_a-tlsthrd.o
 0004:000003b8       _ZZ18__delphi_type_infoE15type_info_mutex 00000001400343b8     rtle:syssupp.o
 0004:000003c0       _ZZ18__delphi_type_infoE13type_info_map 00000001400343c0     rtle:syssupp.o
 0004:000003e8       _ZGVZ18__delphi_type_infoE13type_info_map 00000001400343e8     rtle:syssupp.o
 0004:000003f8       _ZN6System8Internal7Strhlpr2_1E 00000001400343f8     rtl:System.Internal.StrHlpr.o
 0004:000003fc       _ZN6System8Internal7Initcpp2_1E 00000001400343fc     rtl:System.Internal.InitCPP.o
 0005:0000006c       $pdata$_ZN7Sysinit19InterlockedExchangeERii 000000014003506c     sysinit.o
 0005:00000078       $pdata$_ZN7Sysinit26InterlockedExchangePointerERPvS0_ 0000000140035078     sysinit.o
 0005:00000084       $pdata$_ZN7Sysinit17SetDliNotifyHook2EPFPv15dliNotificationP13DelayLoadInfoE 0000000140035084     sysinit.o
 0005:00000090       $pdata$_ZN7Sysinit14DliNotifyHook2Ev 0000000140035090     sysinit.o
 0005:0000009c       $pdata$_ZN7Sysinit18SetDliFailureHook2EPFPv15dliNotificationP13DelayLoadInfoE 000000014003509c     sysinit.o
 0005:000000a8       $pdata$_ZN7Sysinit15DliFailureHook2Ev 00000001400350a8     sysinit.o
 0005:000000b4       $pdata$_ZN7Sysinit17_DelayLoadHelper2ERPvS0_ 00000001400350b4     sysinit.o
 0005:000000c0       $pdata$_ZN7Sysinit21UnloadDelayLoadedDLL2EPc 00000001400350c0     sysinit.o
 0005:000000cc       $pdata$_ZN7Sysinit20LoadAllImportsForDllEPc 00000001400350cc     sysinit.o
 0005:000000d8       $pdata$_ZN7Sysinit14AllocTlsBufferEi 00000001400350d8     sysinit.o
 0005:000000e4       $pdata$_ZN7Sysinit10GetTlsSizeEv 00000001400350e4     sysinit.o
 0005:000000f0       $pdata$_ZN7Sysinit13InitThreadTLSEv 00000001400350f0     sysinit.o
 0005:000000fc       $pdata$_ZN7Sysinit14InitProcessTLSEv 00000001400350fc     sysinit.o
 0005:00000108       $pdata$_ZN7Sysinit13ExitThreadTLSEv 0000000140035108     sysinit.o
 0005:00000114       $pdata$_ZN7Sysinit14ExitProcessTLSEv 0000000140035114     sysinit.o
 0005:00000120       $pdata$_ZN7Sysinit6isWineEv 0000000140035120     sysinit.o
 0005:0000012c       $pdata$_ZN7Sysinit7_GetTlsEv 000000014003512c     sysinit.o
 0005:00000138       $pdata$_ZN7Sysinit16InitializeModuleEv 0000000140035138     sysinit.o
 0005:00000144       $pdata$_ZN7Sysinit18UninitializeModuleEv 0000000140035144     sysinit.o
 0005:00000150       $pdata$_ZN7Sysinit7VclInitEbbyb 0000000140035150     sysinit.o
 0005:0000015c       $pdata$_ZN7Sysinit7VclExitEv 000000014003515c     sysinit.o
 0005:00000168       $pdata$_ZN7Sysinit14__dbkDummyProcEv 0000000140035168     sysinit.o
 0005:00000174       $pdata$_ZN7Sysinit14__dbkFCallArgsEPvS0_S0_S0_S0_S0_S0_S0_S0_S0_S0_S0_S0_S0_S0_S0_S0_S0_S0_S0_S0_S0_S0_S0_S0_S0_S0_S0_S0_S0_ 0000000140035174     sysinit.o
 0005:00000180       $pdata$_ZN7Sysinit19__dbk_fcall_wrapperEv 0000000140035180     sysinit.o
 0005:00000198       $pdata$_ZN7Sysinit8_InitPkgEyiPv 0000000140035198     sysinit.o
 0005:000001a4       $pdata$_ZN7Sysinit12_PackageLoadEPN6System16PackageInfoTableE 00000001400351a4     sysinit.o
 0005:000001b0       $pdata$_ZN7Sysinit14_PackageUnloadEPN6System16PackageInfoTableE 00000001400351b0     sysinit.o
 0005:000001bc       $pdata$_ZN7Sysinit8_InitLibEPN6System12TInitContextEPNS0_16PackageInfoTableEyjPv 00000001400351bc     sysinit.o
 0005:000001c8       $pdata$_ZN7Sysinit8_InitExeEPv 00000001400351c8     sysinit.o
 0005:000001d4       $pdata$delayhlp            00000001400351d4     sysinit.o
 0005:00000204       $pdata$_ZN7Sysinit12FinalizationEv 0000000140035204     sysinit.o
 0005:00000210       $pdata$_ZN7Sysinit14initializationEv 0000000140035210     sysinit.o
 0005:000035a0       $pdata$_ZN6System8Internal7Strhlpr15UnicodeFromAnsiERNS_13UnicodeStringERNS_11AnsiStringTILt65535EEE 00000001400385a0     rtl:System.Internal.StrHlpr.o
 0005:000035ac       $pdata$_ZN6System8Internal7Strhlpr16UnicodeFromPCharERNS_13UnicodeStringEPcb 00000001400385ac     rtl:System.Internal.StrHlpr.o
 0005:000035c4       $pdata$_ZN6System8Internal7Strhlpr15UnicodeFromUTF8ERNS_13UnicodeStringEPKc 00000001400385c4     rtl:System.Internal.StrHlpr.o
 0005:000035d0       $pdata$_ZN6System8Internal7Strhlpr20UnicodeFromPWideCharERNS_13UnicodeStringEPw 00000001400385d0     rtl:System.Internal.StrHlpr.o
 0005:000035dc       $pdata$_ZN6System8Internal7Strhlpr13UnicodeAppendERNS_13UnicodeStringES3_ 00000001400385dc     rtl:System.Internal.StrHlpr.o
 0005:000035e8       $pdata$_ZN6System8Internal7Strhlpr10UnicodeCatERNS_13UnicodeStringES3_ 00000001400385e8     rtl:System.Internal.StrHlpr.o
 0005:000035f4       $pdata$_ZN6System8Internal7Strhlpr13UnicodeDeleteERNS_13UnicodeStringEii 00000001400385f4     rtl:System.Internal.StrHlpr.o
 0005:00003600       $pdata$_ZN6System8Internal7Strhlpr16UnicodeSetLengthERNS_13UnicodeStringEi 0000000140038600     rtl:System.Internal.StrHlpr.o
 0005:0000360c       $pdata$_ZN6System8Internal7Strhlpr10UnicodePosERNS_13UnicodeStringES3_ 000000014003860c     rtl:System.Internal.StrHlpr.o
 0005:00003618       $pdata$_ZN6System8Internal7Strhlpr11UnicodeCopyERNS_13UnicodeStringEii 0000000140038618     rtl:System.Internal.StrHlpr.o
 0005:00003624       $pdata$_ZN6System8Internal7Strhlpr13UnicodeInsertERNS_13UnicodeStringES3_i 0000000140038624     rtl:System.Internal.StrHlpr.o
 0005:00003630       $pdata$_ZN6System8Internal7Strhlpr13UnicodeAssignERNS_13UnicodeStringES3_ 0000000140038630     rtl:System.Internal.StrHlpr.o
 0005:0000363c       $pdata$_ZN6System8Internal7Strhlpr11UnicodeFreeERNS_13UnicodeStringE 000000014003863c     rtl:System.Internal.StrHlpr.o
 0005:00003648       $pdata$_ZN6System8Internal7Strhlpr12UnicodeEqualERNS_13UnicodeStringES3_ 0000000140038648     rtl:System.Internal.StrHlpr.o
 0005:00003654       $pdata$_ZN6System8Internal7Strhlpr11UnicodeLessERNS_13UnicodeStringES3_ 0000000140038654     rtl:System.Internal.StrHlpr.o
 0005:00003660       $pdata$_ZN6System8Internal7Strhlpr14UnicodeGreaterERNS_13UnicodeStringES3_ 0000000140038660     rtl:System.Internal.StrHlpr.o
 0005:0000366c       $pdata$_ZN6System8Internal7Strhlpr10AnsiAppendERNS_11AnsiStringTILt65535EEES4_ 000000014003866c     rtl:System.Internal.StrHlpr.o
 0005:00003678       $pdata$_ZN6System8Internal7Strhlpr7AnsiCatERNS_11AnsiStringTILt65535EEES4_ 0000000140038678     rtl:System.Internal.StrHlpr.o
 0005:00003684       $pdata$_ZN6System8Internal7Strhlpr10AnsiDeleteERNS_11AnsiStringTILt65535EEEii 0000000140038684     rtl:System.Internal.StrHlpr.o
 0005:00003690       $pdata$_ZN6System8Internal7Strhlpr13AnsiSetLengthERNS_11AnsiStringTILt65535EEEi 0000000140038690     rtl:System.Internal.StrHlpr.o
 0005:0000369c       $pdata$_ZN6System8Internal7Strhlpr7AnsiPosERNS_11AnsiStringTILt65535EEES4_ 000000014003869c     rtl:System.Internal.StrHlpr.o
 0005:000036a8       $pdata$_ZN6System8Internal7Strhlpr8AnsiCopyERNS_11AnsiStringTILt65535EEEii 00000001400386a8     rtl:System.Internal.StrHlpr.o
 0005:000036b4       $pdata$_ZN6System8Internal7Strhlpr10AnsiInsertERNS_11AnsiStringTILt65535EEES4_i 00000001400386b4     rtl:System.Internal.StrHlpr.o
 0005:000036c0       $pdata$_ZN6System8Internal7Strhlpr9AnsiEqualERNS_11AnsiStringTILt65535EEES4_ 00000001400386c0     rtl:System.Internal.StrHlpr.o
 0005:000036cc       $pdata$_ZN6System8Internal7Strhlpr11AnsiGreaterERNS_11AnsiStringTILt65535EEES4_ 00000001400386cc     rtl:System.Internal.StrHlpr.o
 0005:000036d8       $pdata$_ZN6System8Internal7Strhlpr8AnsiLessERNS_11AnsiStringTILt65535EEES4_ 00000001400386d8     rtl:System.Internal.StrHlpr.o
 0005:000036e4       $pdata$_ZN6System8Internal7Strhlpr10AnsiAssignERNS_11AnsiStringTILt65535EEES4_ 00000001400386e4     rtl:System.Internal.StrHlpr.o
 0005:000036f0       $pdata$_ZN6System8Internal7Strhlpr8AnsiFreeERNS_11AnsiStringTILt65535EEE 00000001400386f0     rtl:System.Internal.StrHlpr.o
 0005:000036fc       $pdata$_ZN6System8Internal7Strhlpr10WideAssignERNS_10WideStringES3_ 00000001400386fc     rtl:System.Internal.StrHlpr.o
 0005:00003708       $pdata$_ZN6System8Internal7Strhlpr8WideFreeERNS_10WideStringE 0000000140038708     rtl:System.Internal.StrHlpr.o
 0005:00003714       $pdata$_ZN6System8Internal7Strhlpr12WideFromAnsiERNS_10WideStringERNS_11AnsiStringTILt65535EEE 0000000140038714     rtl:System.Internal.StrHlpr.o
 0005:00003720       $pdata$_ZN6System8Internal7Strhlpr15WideFromUnicodeERNS_10WideStringERNS_13UnicodeStringE 0000000140038720     rtl:System.Internal.StrHlpr.o
 0005:0000372c       $pdata$_ZN6System8Internal7Strhlpr13WideFromPCharERNS_10WideStringEPcb 000000014003872c     rtl:System.Internal.StrHlpr.o
 0005:00003744       $pdata$_ZN6System8Internal7Strhlpr9WideEqualERNS_10WideStringES3_ 0000000140038744     rtl:System.Internal.StrHlpr.o
 0005:00003750       $pdata$_ZN6System8Internal7Strhlpr8WideLessERNS_10WideStringES3_ 0000000140038750     rtl:System.Internal.StrHlpr.o
 0005:0000375c       $pdata$_ZN6System8Internal7Strhlpr11WideGreaterERNS_10WideStringES3_ 000000014003875c     rtl:System.Internal.StrHlpr.o
 0005:00003768       $pdata$_ZN6System8Internal7Strhlpr7WideCatERNS_10WideStringES3_ 0000000140038768     rtl:System.Internal.StrHlpr.o
 0005:00003774       $pdata$_ZN6System8Internal7Strhlpr10WideLengthERNS_10WideStringE 0000000140038774     rtl:System.Internal.StrHlpr.o
 0005:00003780       $pdata$_ZN6System8Internal7Strhlpr7WidePosERNS_10WideStringES3_ 0000000140038780     rtl:System.Internal.StrHlpr.o
 0005:0000378c       $pdata$_ZN6System8Internal7Strhlpr13WideSetLengthERNS_10WideStringEi 000000014003878c     rtl:System.Internal.StrHlpr.o
 0005:00003798       $pdata$_ZN6System8Internal7Strhlpr10WideDeleteERNS_10WideStringEii 0000000140038798     rtl:System.Internal.StrHlpr.o
 0005:000037a4       $pdata$_ZN6System8Internal7Strhlpr10WideInsertERNS_10WideStringES3_i 00000001400387a4     rtl:System.Internal.StrHlpr.o
 0005:000037b0       $pdata$_ZN6System8Internal7Strhlpr8WideCopyERNS_10WideStringEii 00000001400387b0     rtl:System.Internal.StrHlpr.o
 0005:000037bc       $pdata$_ZN6System8Internal7Strhlpr10WideAppendERNS_10WideStringES3_ 00000001400387bc     rtl:System.Internal.StrHlpr.o
 0005:000037c8       $pdata$_ZN6System8Internal7Strhlpr12WideFromUTF8ERNS_10WideStringEPKc 00000001400387c8     rtl:System.Internal.StrHlpr.o
 0005:000037e0       $pdata$_ZN6System8Internal7Strhlpr15UnicodeFromWideERNS_13UnicodeStringERNS_10WideStringE 00000001400387e0     rtl:System.Internal.StrHlpr.o
 0005:000037ec       $pdata$_ZN6System8Internal7Strhlpr12FinalizationEv 00000001400387ec     rtl:System.Internal.StrHlpr.o
 0005:000037f8       $pdata$_ZN6System8Internal7Strhlpr14initializationEv 00000001400387f8     rtl:System.Internal.StrHlpr.o
 0005:00003c30       $pdata$_ZN6System8Internal7Initcpp23SelectForInitializationEPNS1_20TUnitDescriptorBlockES3_ 0000000140038c30     rtl:System.Internal.InitCPP.o
 0005:00003c3c       $pdata$_ZN6System8Internal7Initcpp23SelectForInitializationEPPNS1_20TUnitDescriptorBlockES4_ 0000000140038c3c     rtl:System.Internal.InitCPP.o
 0005:00003c48       $pdata$_ZN6System8Internal7Initcpp15InitializeUnitsEPNS1_20TUnitDescriptorBlockES3_ 0000000140038c48     rtl:System.Internal.InitCPP.o
 0005:00003c54       $pdata$_ZN6System8Internal7Initcpp13FinalizeUnitsEPNS1_20TUnitDescriptorBlockES3_ 0000000140038c54     rtl:System.Internal.InitCPP.o
 0005:00003c60       $pdata$_ZN6System8Internal7Initcpp15InitializeUnitsEPPNS1_20TUnitDescriptorBlockES4_ 0000000140038c60     rtl:System.Internal.InitCPP.o
 0005:00003c6c       $pdata$_ZN6System8Internal7Initcpp13FinalizeUnitsEPPNS1_20TUnitDescriptorBlockES4_ 0000000140038c6c     rtl:System.Internal.InitCPP.o
 0005:00003c78       $pdata$_ZN6System8Internal7Initcpp15InitializeUnitsEPNS1_15TUnitDescriptorES3_ 0000000140038c78     rtl:System.Internal.InitCPP.o
 0005:00003c84       $pdata$_ZN6System8Internal7Initcpp13FinalizeUnitsEPNS1_15TUnitDescriptorES3_ 0000000140038c84     rtl:System.Internal.InitCPP.o
 0005:00003c90       $pdata$_ZN6System8Internal7Initcpp15CalculateDegreeEPNS1_20TUnitDescriptorBlockES3_ 0000000140038c90     rtl:System.Internal.InitCPP.o
 0005:00003c9c       $pdata$_ZN6System8Internal7Initcpp15CalculateDegreeEPPNS1_20TUnitDescriptorBlockES4_ 0000000140038c9c     rtl:System.Internal.InitCPP.o
 0005:00003ca8       $pdata$_ZN6System8Internal7Initcpp16FinalizeUnitListEPPPNS1_15TUnitDescriptorES5_ 0000000140038ca8     rtl:System.Internal.InitCPP.o
 0005:00003cc0       $pdata$_ZN6System8Internal7Initcpp18InitializeRootUnitEPNS1_15TUnitDescriptorE 0000000140038cc0     rtl:System.Internal.InitCPP.o
 0005:00003cfc       $pdata$_ZN6System8Internal7Initcpp16FinalizeRootUnitEPNS1_15TUnitDescriptorE 0000000140038cfc     rtl:System.Internal.InitCPP.o
 0005:00003d14       $pdata$_ZN6System8Internal7Initcpp12FinalizationEv 0000000140038d14     rtl:System.Internal.InitCPP.o
 0005:00003d20       $pdata$_ZN6System8Internal7Initcpp14initializationEv 0000000140038d20     rtl:System.Internal.InitCPP.o
 000b:000003f0       $R000000                   000000014003e3f0     internal .obj file created from .res files
 000b:00000658       $R000001                   000000014003e658     internal .obj file created from .res files
 000b:00000808       $R000002                   000000014003e808     internal .obj file created from .res files
 000b:000009b8       $R000003                   000000014003e9b8     internal .obj file created from .res files
 000b:00000bd0       $R000004                   000000014003ebd0     internal .obj file created from .res files
 000b:000021f8       $R000005                   00000001400401f8     internal .obj file created from .res files
 000b:000030a0       $R000006                   00000001400410a0     internal .obj file created from .res files
 000b:00003948       $R000007                   0000000140041948     internal .obj file created from .res files
 000b:00003eb0       $R000008                   0000000140041eb0     internal .obj file created from .res files
 000b:0000a370       $R000009                   0000000140048370     internal .obj file created from .res files
 000b:0001ab98       $R00000A                   0000000140058b98     internal .obj file created from .res files
 000b:0001edc0       $R00000B                   000000014005cdc0     internal .obj file created from .res files
 000b:0001f748       $R00000C                   000000014005d748     internal .obj file created from .res files
 000b:0001fbb0       $R00000D                   000000014005dbb0     internal .obj file created from .res files
 000b:0001fc38       $R00000E                   000000014005dc38     internal .obj file created from .res files
 000b:00020348       $R00000F                   000000014005e348     internal .obj file created from .res files
